Archive member included to satisfy reference by file (symbol)

app/libapp.a(main.c.obj)      (--whole-archive)
zephyr/libzephyr.a(heap.c.obj)
                              (--whole-archive)
zephyr/libzephyr.a(cbprintf_packaged.c.obj)
                              (--whole-archive)
zephyr/libzephyr.a(printk.c.obj)
                              (--whole-archive)
zephyr/libzephyr.a(sem.c.obj)
                              (--whole-archive)
zephyr/libzephyr.a(thread_entry.c.obj)
                              (--whole-archive)
zephyr/libzephyr.a(cbprintf_complete.c.obj)
                              (--whole-archive)
zephyr/libzephyr.a(assert.c.obj)
                              (--whole-archive)
zephyr/libzephyr.a(mpsc_pbuf.c.obj)
                              (--whole-archive)
zephyr/libzephyr.a(dec.c.obj)
                              (--whole-archive)
zephyr/libzephyr.a(hex.c.obj)
                              (--whole-archive)
zephyr/libzephyr.a(rb.c.obj)  (--whole-archive)
zephyr/libzephyr.a(timeutil.c.obj)
                              (--whole-archive)
zephyr/libzephyr.a(bitarray.c.obj)
                              (--whole-archive)
zephyr/libzephyr.a(onoff.c.obj)
                              (--whole-archive)
zephyr/libzephyr.a(notify.c.obj)
                              (--whole-archive)
zephyr/libzephyr.a(configs.c.obj)
                              (--whole-archive)
zephyr/libzephyr.a(log_core.c.obj)
                              (--whole-archive)
zephyr/libzephyr.a(log_mgmt.c.obj)
                              (--whole-archive)
zephyr/libzephyr.a(log_cache.c.obj)
                              (--whole-archive)
zephyr/libzephyr.a(log_msg.c.obj)
                              (--whole-archive)
zephyr/libzephyr.a(log_output.c.obj)
                              (--whole-archive)
zephyr/libzephyr.a(log_backend_rtt.c.obj)
                              (--whole-archive)
zephyr/libzephyr.a(log_backend_uart.c.obj)
                              (--whole-archive)
zephyr/libzephyr.a(mem_attr.c.obj)
                              (--whole-archive)
zephyr/libzephyr.a(tracing_none.c.obj)
                              (--whole-archive)
zephyr/libzephyr.a(banner.c.obj)
                              (--whole-archive)
zephyr/libzephyr.a(nrf_cc3xx_platform_abort_zephyr.c.obj)
                              (--whole-archive)
zephyr/libzephyr.a(nrf_cc3xx_platform_mutex_zephyr.c.obj)
                              (--whole-archive)
zephyr/arch/common/libarch__common.a(sw_isr_common.c.obj)
                              (--whole-archive)
zephyr/arch/arch/arm/core/libarch__arm__core.a(fatal.c.obj)
                              (--whole-archive)
zephyr/arch/arch/arm/core/libarch__arm__core.a(nmi.c.obj)
                              (--whole-archive)
zephyr/arch/arch/arm/core/libarch__arm__core.a(nmi_on_reset.S.obj)
                              (--whole-archive)
zephyr/arch/arch/arm/core/libarch__arm__core.a(tls.c.obj)
                              (--whole-archive)
zephyr/arch/arch/arm/core/cortex_m/libarch__arm__core__cortex_m.a(exc_exit.c.obj)
                              (--whole-archive)
zephyr/arch/arch/arm/core/cortex_m/libarch__arm__core__cortex_m.a(fault.c.obj)
                              (--whole-archive)
zephyr/arch/arch/arm/core/cortex_m/libarch__arm__core__cortex_m.a(fault_s.S.obj)
                              (--whole-archive)
zephyr/arch/arch/arm/core/cortex_m/libarch__arm__core__cortex_m.a(fpu.c.obj)
                              (--whole-archive)
zephyr/arch/arch/arm/core/cortex_m/libarch__arm__core__cortex_m.a(reset.S.obj)
                              (--whole-archive)
zephyr/arch/arch/arm/core/cortex_m/libarch__arm__core__cortex_m.a(scb.c.obj)
                              (--whole-archive)
zephyr/arch/arch/arm/core/cortex_m/libarch__arm__core__cortex_m.a(thread_abort.c.obj)
                              (--whole-archive)
zephyr/arch/arch/arm/core/cortex_m/libarch__arm__core__cortex_m.a(vector_table.S.obj)
                              (--whole-archive)
zephyr/arch/arch/arm/core/cortex_m/libarch__arm__core__cortex_m.a(swap.c.obj)
                              (--whole-archive)
zephyr/arch/arch/arm/core/cortex_m/libarch__arm__core__cortex_m.a(swap_helper.S.obj)
                              (--whole-archive)
zephyr/arch/arch/arm/core/cortex_m/libarch__arm__core__cortex_m.a(irq_manage.c.obj)
                              (--whole-archive)
zephyr/arch/arch/arm/core/cortex_m/libarch__arm__core__cortex_m.a(prep_c.c.obj)
                              (--whole-archive)
zephyr/arch/arch/arm/core/cortex_m/libarch__arm__core__cortex_m.a(thread.c.obj)
                              (--whole-archive)
zephyr/arch/arch/arm/core/cortex_m/libarch__arm__core__cortex_m.a(cpu_idle.c.obj)
                              (--whole-archive)
zephyr/arch/arch/arm/core/cortex_m/libarch__arm__core__cortex_m.a(irq_init.c.obj)
                              (--whole-archive)
[...]
Memory Configuration

Name             Origin             Length             Attributes
FLASH            0x0000000000000000 0x0000000000100000 xr
RAM              0x0000000020000000 0x0000000000040000 xw
IDT_LIST         0x00000000ffff7fff 0x0000000000008000 xw
*default*        0x0000000000000000 0xffffffffffffffff

Linker script and memory map

                0x000000000000619c                vfprintf = __l_vfprintf
                0x0000000000000000                vfscanf = __l_vfscanf
LOAD zephyr/CMakeFiles/zephyr_final.dir/misc/empty_file.c.obj
LOAD zephyr/CMakeFiles/zephyr_final.dir/isr_tables.c.obj
LOAD zephyr/CMakeFiles/offsets.dir/./arch/arm/core/offsets/offsets.c.obj
LOAD app/libapp.a
LOAD zephyr/libzephyr.a
LOAD zephyr/arch/common/libarch__common.a
LOAD zephyr/arch/arch/arm/core/libarch__arm__core.a
LOAD zephyr/arch/arch/arm/core/cortex_m/libarch__arm__core__cortex_m.a
LOAD zephyr/arch/arch/arm/core/mpu/libarch__arm__core__mpu.a
LOAD zephyr/lib/libc/picolibc/liblib__libc__picolibc.a
LOAD zephyr/lib/libc/common/liblib__libc__common.a
LOAD zephyr/soc/soc/nrf52840/libsoc__nordic.a
LOAD zephyr/drivers/clock_control/libdrivers__clock_control.a
LOAD zephyr/drivers/console/libdrivers__console.a
LOAD zephyr/drivers/gpio/libdrivers__gpio.a
LOAD zephyr/drivers/i2c/libdrivers__i2c.a
LOAD zephyr/drivers/pinctrl/libdrivers__pinctrl.a
LOAD zephyr/drivers/serial/libdrivers__serial.a
LOAD zephyr/drivers/timer/libdrivers__timer.a
LOAD modules/nrf/drivers/hw_cc3xx/lib..__nrf__drivers__hw_cc3xx.a
LOAD modules/hal_nordic/nrfx/libmodules__hal_nordic__nrfx.a
LOAD modules/segger/libmodules__segger.a
LOAD zephyr/kernel/libkernel.a
LOAD c:/ncs/toolchains/ce3b5ff664/opt/zephyr-sdk/arm-zephyr-eabi/bin/../lib/gcc/arm-zephyr-eabi/12.2.0/thumb/v7e-m/nofp\libgcc.a
LOAD zephyr/arch/common/libisr_tables.a
LOAD C:/ncs/v2.7.0/nrfxlib/crypto/nrf_cc310_platform/lib/cortex-m4/soft-float/no-interrupts/libnrf_cc310_platform_0.9.19.a
LOAD c:\ncs\toolchains\ce3b5ff664\opt\zephyr-sdk\arm-zephyr-eabi\bin\../lib/gcc/../../picolibc/arm-zephyr-eabi/lib/thumb/v7e-m/nofp\libc.a
LOAD c:/ncs/toolchains/ce3b5ff664/opt/zephyr-sdk/arm-zephyr-eabi/bin/../lib/gcc/arm-zephyr-eabi/12.2.0/thumb/v7e-m/nofp\libgcc.a
                0x0000000000000020                _region_min_align = 0x20

.rel.plt        0x0000000000000000        0x0
 *(SORT_BY_ALIGNMENT(.rel.plt))
                [!provide]                        PROVIDE (__rel_iplt_start = .)
 *(SORT_BY_ALIGNMENT(.rel.iplt))
 .rel.iplt      0x0000000000000000        0x0 zephyr/CMakeFiles/zephyr_final.dir/isr_tables.c.obj
                [!provide]                        PROVIDE (__rel_iplt_end = .)

.rela.plt       0x0000000000000000        0x0
 *(SORT_BY_ALIGNMENT(.rela.plt))
                [!provide]                        PROVIDE (__rela_iplt_start = .)
 *(SORT_BY_ALIGNMENT(.rela.iplt))
                [!provide]                        PROVIDE (__rela_iplt_end = .)

.rel.dyn
 *(SORT_BY_ALIGNMENT(.rel.*))

.rela.dyn
 *(SORT_BY_ALIGNMENT(.rela.*))

/DISCARD/
 *(SORT_BY_ALIGNMENT(.plt))

/DISCARD/
 *(SORT_BY_ALIGNMENT(.iplt))
                0x0000000000000000                __rom_region_start = 0x0

rom_start       0x0000000000000000      0x100
                0x0000000000000000                __rom_start_address = .
 FILL mask 0x00
                0x0000000000000000                . = (. + (0x0 - (. - __rom_start_address)))
                0x0000000000000000                . = ALIGN (0x4)
                0x0000000000000000                . = ALIGN (0x80)
                0x0000000000000000                . = ALIGN (0x100)
                0x0000000000000000                _vector_start = .
 *(SORT_BY_ALIGNMENT(.exc_vector_table))
 *(SORT_BY_ALIGNMENT(.exc_vector_table.*))
 .exc_vector_table._vector_table_section
                0x0000000000000000       0x40 zephyr/arch/arch/arm/core/cortex_m/libarch__arm__core__cortex_m.a(vector_table.S.obj)
                0x0000000000000000                _vector_table
 *(SORT_BY_ALIGNMENT(.vectors))
                0x0000000000000100                _vector_end = .
                0x0000000000000040                . = ALIGN (0x4)
 *(SORT_BY_ALIGNMENT(.gnu.linkonce.irq_vector_table*))
 .gnu.linkonce.irq_vector_table
                0x0000000000000040       0xc0 zephyr/CMakeFiles/zephyr_final.dir/isr_tables.c.obj
                0x0000000000000040                _irq_vector_table
                0x0000000000000100                _vector_end = .

text            0x0000000000000100     0x7ae8
                0x0000000000000100                __text_region_start = .
 *(SORT_BY_ALIGNMENT(.text))
 .text          0x0000000000000100       0x10 c:\ncs\toolchains\ce3b5ff664\opt\zephyr-sdk\arm-zephyr-eabi\bin\../lib/gcc/../../picolibc/arm-zephyr-eabi/lib/thumb/v7e-m/nofp\libc.a(strlen.S.o)
                0x0000000000000100                strlen
 *(SORT_BY_ALIGNMENT(.text.*))
 .text.read_full_string_from_console
                0x0000000000000110       0x80 app/libapp.a(main.c.obj)
                0x0000000000000110                read_full_string_from_console
 .text.main     0x0000000000000190       0x6c app/libapp.a(main.c.obj)
                0x0000000000000190                main
 .text.cbvprintf_package
                0x00000000000001fc      0x3a4 zephyr/libzephyr.a(cbprintf_packaged.c.obj)
                0x00000000000001fc                cbvprintf_package
 .text.cbprintf_package_convert
                0x00000000000005a0      0x3c0 zephyr/libzephyr.a(cbprintf_packaged.c.obj)
                0x00000000000005a0                cbprintf_package_convert
 .text.__printk_hook_install
                0x0000000000000960        0xc zephyr/libzephyr.a(printk.c.obj)
                0x0000000000000960                __printk_hook_install
 .text.z_thread_entry
                0x000000000000096c       0x34 zephyr/libzephyr.a(thread_entry.c.obj)
                0x000000000000096c                z_thread_entry
 .text.process_event
                0x00000000000009a0      0x21c zephyr/libzephyr.a(onoff.c.obj)
 .text.activate_foreach_backend
                0x0000000000000bbc       0x64 zephyr/libzephyr.a(log_core.c.obj)
 .text.enable_logger
                0x0000000000000c20       0x5c zephyr/libzephyr.a(log_core.c.obj)
 .text.log_process_thread_timer_expiry_fn
                0x0000000000000c7c        0xc zephyr/libzephyr.a(log_core.c.obj)
 .text.z_log_init
                0x0000000000000c88       0x90 zephyr/libzephyr.a(log_core.c.obj)
 .text.log_format_func_t_get
                0x0000000000000d18        0xc zephyr/libzephyr.a(log_core.c.obj)
                0x0000000000000d18                log_format_func_t_get
 .text.log_set_timestamp_func
                0x0000000000000d24       0x20 zephyr/libzephyr.a(log_core.c.obj)
                0x0000000000000d24                log_set_timestamp_func
 .text.z_log_notify_backend_enabled
                0x0000000000000d44       0x1c zephyr/libzephyr.a(log_core.c.obj)
                0x0000000000000d44                z_log_notify_backend_enabled
 .text.z_log_dropped
                0x0000000000000d60       0x30 zephyr/libzephyr.a(log_core.c.obj)
                0x0000000000000d60                z_log_dropped
 .text.z_log_dropped_read_and_clear
                0x0000000000000d90       0x20 zephyr/libzephyr.a(log_core.c.obj)
                0x0000000000000d90                z_log_dropped_read_and_clear
 .text.dropped_notify
                0x0000000000000db0       0x30 zephyr/libzephyr.a(log_core.c.obj)
                0x0000000000000db0                dropped_notify
 .text.z_log_msg_init
                0x0000000000000de0       0x20 zephyr/libzephyr.a(log_core.c.obj)
                0x0000000000000de0                z_log_msg_init
 .text.log_core_init
                0x0000000000000e00       0x34 zephyr/libzephyr.a(log_core.c.obj)
                0x0000000000000e00                log_core_init
 .text.z_log_msg_alloc
                0x0000000000000e34       0x10 zephyr/libzephyr.a(log_core.c.obj)
                0x0000000000000e34                z_log_msg_alloc
 .text.z_log_msg_local_claim
                0x0000000000000e44        0xc zephyr/libzephyr.a(log_core.c.obj)
                0x0000000000000e44                z_log_msg_local_claim
 .text.z_log_msg_free
                0x0000000000000e50       0x10 zephyr/libzephyr.a(log_core.c.obj)
                0x0000000000000e50                z_log_msg_free
 .text.z_log_msg_pending
                0x0000000000000e60        0xc zephyr/libzephyr.a(log_core.c.obj)
                0x0000000000000e60                z_log_msg_pending
 .text.z_impl_log_process
                0x0000000000000e6c       0xbc zephyr/libzephyr.a(log_core.c.obj)
                0x0000000000000e6c                z_impl_log_process
 .text.z_impl_log_panic
                0x0000000000000f28       0x44 zephyr/libzephyr.a(log_core.c.obj)
                0x0000000000000f28                z_impl_log_panic
 .text.log_process_thread_func
                0x0000000000000f6c       0xa4 zephyr/libzephyr.a(log_core.c.obj)
 .text.z_log_msg_post_finalize
                0x0000000000001010       0x78 zephyr/libzephyr.a(log_core.c.obj)
 .text.z_log_msg_commit
                0x0000000000001088       0x24 zephyr/libzephyr.a(log_core.c.obj)
                0x0000000000001088                z_log_msg_commit
 .text.log_source_name_get
                0x00000000000010ac       0x1c zephyr/libzephyr.a(log_mgmt.c.obj)
                0x00000000000010ac                log_source_name_get
 .text.log_backend_enable
                0x00000000000010c8       0x28 zephyr/libzephyr.a(log_mgmt.c.obj)
                0x00000000000010c8                log_backend_enable
 .text.z_impl_z_log_msg_static_create
                0x00000000000010f0      0x108 zephyr/libzephyr.a(log_msg.c.obj)
                0x00000000000010f0                z_impl_z_log_msg_static_create
 .text.z_log_msg_runtime_vcreate
                0x00000000000011f8       0x8c zephyr/libzephyr.a(log_msg.c.obj)
                0x00000000000011f8                z_log_msg_runtime_vcreate
 .text.log_msg_get_source_id
                0x0000000000001284       0x18 zephyr/libzephyr.a(log_msg.c.obj)
                0x0000000000001284                log_msg_get_source_id
 .text.print_formatted
                0x000000000000129c       0x24 zephyr/libzephyr.a(log_output.c.obj)
 .text.newline_print
                0x00000000000012c0       0x1c zephyr/libzephyr.a(log_output.c.obj)
 .text.log_output_process
                0x00000000000012dc      0x2d4 zephyr/libzephyr.a(log_output.c.obj)
                0x00000000000012dc                log_output_process
 .text.log_output_dropped_process
                0x00000000000015b0       0x58 zephyr/libzephyr.a(log_output.c.obj)
                0x00000000000015b0                log_output_dropped_process
 .text.log_output_timestamp_freq_set
                0x0000000000001608       0x2c zephyr/libzephyr.a(log_output.c.obj)
                0x0000000000001608                log_output_timestamp_freq_set
 .text.log_backend_rtt_init
                0x0000000000001634        0xc zephyr/libzephyr.a(log_backend_rtt.c.obj)
 .text.format_set
                0x0000000000001640        0xc zephyr/libzephyr.a(log_backend_rtt.c.obj)
 .text.panic    0x000000000000164c       0x14 zephyr/libzephyr.a(log_backend_rtt.c.obj)
 .text.dropped  0x0000000000001660        0xc zephyr/libzephyr.a(log_backend_rtt.c.obj)
 .text.process  0x000000000000166c       0x24 zephyr/libzephyr.a(log_backend_rtt.c.obj)
 .text.on_failed_write
                0x0000000000001690       0x28 zephyr/libzephyr.a(log_backend_rtt.c.obj)
 .text.data_out_block_mode
                0x00000000000016b8       0x84 zephyr/libzephyr.a(log_backend_rtt.c.obj)
 .text.char_out
                0x000000000000173c       0x24 zephyr/libzephyr.a(log_backend_uart.c.obj)
 .text.mem_attr_get_regions
                0x0000000000001760        0xc zephyr/libzephyr.a(mem_attr.c.obj)
                0x0000000000001760                mem_attr_get_regions
 .text.boot_banner
                0x000000000000176c       0x1c zephyr/libzephyr.a(banner.c.obj)
                0x000000000000176c                boot_banner
 .text.nrf_cc3xx_platform_abort_init
                0x0000000000001788        0xc zephyr/libzephyr.a(nrf_cc3xx_platform_abort_zephyr.c.obj)
                0x0000000000001788                nrf_cc3xx_platform_abort_init
 .text.mutex_free_platform
                0x0000000000001794       0x54 zephyr/libzephyr.a(nrf_cc3xx_platform_mutex_zephyr.c.obj)
 .text.mutex_lock_platform
                0x00000000000017e8       0x60 zephyr/libzephyr.a(nrf_cc3xx_platform_mutex_zephyr.c.obj)
 .text.mutex_unlock_platform
                0x0000000000001848       0x58 zephyr/libzephyr.a(nrf_cc3xx_platform_mutex_zephyr.c.obj)
 .text.mutex_init_platform
                0x00000000000018a0       0x94 zephyr/libzephyr.a(nrf_cc3xx_platform_mutex_zephyr.c.obj)
 .text.nrf_cc3xx_platform_mutex_init
                0x0000000000001934       0x2c zephyr/libzephyr.a(nrf_cc3xx_platform_mutex_zephyr.c.obj)
                0x0000000000001934                nrf_cc3xx_platform_mutex_init
 .text.z_arm_fatal_error
                0x0000000000001960       0xb8 zephyr/arch/arch/arm/core/libarch__arm__core.a(fatal.c.obj)
                0x0000000000001960                z_arm_fatal_error
 .text.z_SysNmiOnReset
                0x0000000000001a18        0x8 zephyr/arch/arch/arm/core/libarch__arm__core.a(nmi_on_reset.S.obj)
                0x0000000000001a18                z_SysNmiOnReset
 .text.arch_tls_stack_setup
                0x0000000000001a20       0x40 zephyr/arch/arch/arm/core/libarch__arm__core.a(tls.c.obj)
                0x0000000000001a20                arch_tls_stack_setup
 .text._HandlerModeExit
                0x0000000000001a60       0x28 zephyr/arch/arch/arm/core/cortex_m/libarch__arm__core__cortex_m.a(exc_exit.c.obj)
                0x0000000000001a60                z_arm_int_exit
                0x0000000000001a60                z_arm_exc_exit
 .text.bus_fault.constprop.0
                0x0000000000001a88       0xd0 zephyr/arch/arch/arm/core/cortex_m/libarch__arm__core__cortex_m.a(fault.c.obj)
 .text.usage_fault.constprop.0
                0x0000000000001b58       0xa8 zephyr/arch/arch/arm/core/cortex_m/libarch__arm__core__cortex_m.a(fault.c.obj)
 .text.mem_manage_fault
                0x0000000000001c00      0x104 zephyr/arch/arch/arm/core/cortex_m/libarch__arm__core__cortex_m.a(fault.c.obj)
 .text.z_arm_fault
                0x0000000000001d04      0x1d4 zephyr/arch/arch/arm/core/cortex_m/libarch__arm__core__cortex_m.a(fault.c.obj)
                0x0000000000001d04                z_arm_fault
 .text.z_arm_fault_init
                0x0000000000001ed8       0x10 zephyr/arch/arch/arm/core/cortex_m/libarch__arm__core__cortex_m.a(fault.c.obj)
                0x0000000000001ed8                z_arm_fault_init
 .text.__fault  0x0000000000001ee8       0x14 zephyr/arch/arch/arm/core/cortex_m/libarch__arm__core__cortex_m.a(fault_s.S.obj)
                0x0000000000001ee8                z_arm_usage_fault
                0x0000000000001ee8                z_arm_mpu_fault
                0x0000000000001ee8                z_arm_exc_spurious
                0x0000000000001ee8                z_arm_debug_monitor
                0x0000000000001ee8                z_arm_hard_fault
                0x0000000000001ee8                z_arm_bus_fault
 .text._reset_section
                0x0000000000001efc       0x54 zephyr/arch/arch/arm/core/cortex_m/libarch__arm__core__cortex_m.a(reset.S.obj)
                0x0000000000001efc                __start
                0x0000000000001efc                z_arm_reset
 .text.z_arm_clear_arm_mpu_config
                0x0000000000001f50       0x24 zephyr/arch/arch/arm/core/cortex_m/libarch__arm__core__cortex_m.a(scb.c.obj)
                0x0000000000001f50                z_arm_clear_arm_mpu_config
 .text.z_arm_init_arch_hw_at_boot
                0x0000000000001f74       0x64 zephyr/arch/arch/arm/core/cortex_m/libarch__arm__core__cortex_m.a(scb.c.obj)
                0x0000000000001f74                z_arm_init_arch_hw_at_boot
 .text.z_impl_k_thread_abort
                0x0000000000001fd8       0x2c zephyr/arch/arch/arm/core/cortex_m/libarch__arm__core__cortex_m.a(thread_abort.c.obj)
                0x0000000000001fd8                z_impl_k_thread_abort
 .text.arch_swap
                0x0000000000002004       0x30 zephyr/arch/arch/arm/core/cortex_m/libarch__arm__core__cortex_m.a(swap.c.obj)
                0x0000000000002004                arch_swap
 .text.z_arm_pendsv_c
                0x0000000000002034       0x48 zephyr/arch/arch/arm/core/cortex_m/libarch__arm__core__cortex_m.a(swap.c.obj)
                0x0000000000002034                z_arm_pendsv_c
 .text.z_arm_pendsv
                0x000000000000207c       0x34 zephyr/arch/arch/arm/core/cortex_m/libarch__arm__core__cortex_m.a(swap_helper.S.obj)
                0x000000000000207c                z_arm_pendsv
 .text.z_arm_svc
                0x00000000000020b0       0x20 zephyr/arch/arch/arm/core/cortex_m/libarch__arm__core__cortex_m.a(swap_helper.S.obj)
                0x00000000000020b0                z_arm_svc
 .text.arch_irq_enable
                0x00000000000020d0       0x1c zephyr/arch/arch/arm/core/cortex_m/libarch__arm__core__cortex_m.a(irq_manage.c.obj)
                0x00000000000020d0                arch_irq_enable
 .text.arch_irq_is_enabled
                0x00000000000020ec       0x1c zephyr/arch/arch/arm/core/cortex_m/libarch__arm__core__cortex_m.a(irq_manage.c.obj)
                0x00000000000020ec                arch_irq_is_enabled
 .text.z_arm_irq_priority_set
                0x0000000000002108       0x30 zephyr/arch/arch/arm/core/cortex_m/libarch__arm__core__cortex_m.a(irq_manage.c.obj)
                0x0000000000002108                z_arm_irq_priority_set
 .text.z_prep_c
                0x0000000000002138       0x38 zephyr/arch/arch/arm/core/cortex_m/libarch__arm__core__cortex_m.a(prep_c.c.obj)
                0x0000000000002138                z_prep_c
 .text.arch_new_thread
                0x0000000000002170       0x38 zephyr/arch/arch/arm/core/cortex_m/libarch__arm__core__cortex_m.a(thread.c.obj)
                0x0000000000002170                arch_new_thread
 .text.z_check_thread_stack_fail
                0x00000000000021a8       0x2c zephyr/arch/arch/arm/core/cortex_m/libarch__arm__core__cortex_m.a(thread.c.obj)
                0x00000000000021a8                z_check_thread_stack_fail
 .text.arch_switch_to_main_thread
                0x00000000000021d4       0x44 zephyr/arch/arch/arm/core/cortex_m/libarch__arm__core__cortex_m.a(thread.c.obj)
                0x00000000000021d4                arch_switch_to_main_thread
 .text.z_arm_cpu_idle_init
                0x0000000000002218        0xc zephyr/arch/arch/arm/core/cortex_m/libarch__arm__core__cortex_m.a(cpu_idle.c.obj)
                0x0000000000002218                z_arm_cpu_idle_init
 .text.z_arm_interrupt_init
                0x0000000000002224       0x18 zephyr/arch/arch/arm/core/cortex_m/libarch__arm__core__cortex_m.a(irq_init.c.obj)
                0x0000000000002224                z_arm_interrupt_init
 .text._isr_wrapper
                0x000000000000223c       0x24 zephyr/arch/arch/arm/core/cortex_m/libarch__arm__core__cortex_m.a(isr_wrapper.c.obj)
                0x000000000000223c                _isr_wrapper
 .text.z_arm_configure_static_mpu_regions
                0x0000000000002260       0x18 zephyr/arch/arch/arm/core/mpu/libarch__arm__core__mpu.a(arm_core_mpu.c.obj)
                0x0000000000002260                z_arm_configure_static_mpu_regions
 .text.z_arm_configure_dynamic_mpu_regions
                0x0000000000002278       0x20 zephyr/arch/arch/arm/core/mpu/libarch__arm__core__mpu.a(arm_core_mpu.c.obj)
                0x0000000000002278                z_arm_configure_dynamic_mpu_regions
 .text.region_allocate_and_init
                0x0000000000002298       0x54 zephyr/arch/arch/arm/core/mpu/libarch__arm__core__mpu.a(arm_mpu.c.obj)
 .text.mpu_configure_regions
                0x00000000000022ec       0x68 zephyr/arch/arch/arm/core/mpu/libarch__arm__core__mpu.a(arm_mpu.c.obj)
 .text.arm_core_mpu_enable
                0x0000000000002354       0x18 zephyr/arch/arch/arm/core/mpu/libarch__arm__core__mpu.a(arm_mpu.c.obj)
                0x0000000000002354                arm_core_mpu_enable
 .text.arm_core_mpu_disable
                0x000000000000236c       0x14 zephyr/arch/arch/arm/core/mpu/libarch__arm__core__mpu.a(arm_mpu.c.obj)
                0x000000000000236c                arm_core_mpu_disable
 .text.arm_core_mpu_configure_static_mpu_regions
                0x0000000000002380       0x14 zephyr/arch/arch/arm/core/mpu/libarch__arm__core__mpu.a(arm_mpu.c.obj)
                0x0000000000002380                arm_core_mpu_configure_static_mpu_regions
 .text.arm_core_mpu_configure_dynamic_mpu_regions
                0x0000000000002394       0x38 zephyr/arch/arch/arm/core/mpu/libarch__arm__core__mpu.a(arm_mpu.c.obj)
                0x0000000000002394                arm_core_mpu_configure_dynamic_mpu_regions
 .text.z_arm_mpu_init
                0x00000000000023cc      0x17c zephyr/arch/arch/arm/core/mpu/libarch__arm__core__mpu.a(arm_mpu.c.obj)
                0x00000000000023cc                z_arm_mpu_init
 .text.z_impl_zephyr_fputc
                0x0000000000002548       0x10 zephyr/lib/libc/picolibc/liblib__libc__picolibc.a(libc-hooks.c.obj)
                0x0000000000002548                z_impl_zephyr_fputc
 .text.__stdout_hook_install
                0x0000000000002558       0x18 zephyr/lib/libc/picolibc/liblib__libc__picolibc.a(libc-hooks.c.obj)
                0x0000000000002558                __stdout_hook_install
 .text.cbvprintf
                0x0000000000002570       0x38 zephyr/lib/libc/picolibc/liblib__libc__picolibc.a(libc-hooks.c.obj)
                0x0000000000002570                cbvprintf
 .text.malloc_prepare
                0x00000000000025a8       0x24 zephyr/lib/libc/common/liblib__libc__common.a(malloc.c.obj)
 .text.nordicsemi_nrf52_init
                0x00000000000025cc       0x44 zephyr/soc/soc/nrf52840/libsoc__nordic.a(soc.c.obj)
 .text.arch_busy_wait
                0x0000000000002610       0x14 zephyr/soc/soc/nrf52840/libsoc__nordic.a(soc.c.obj)
                0x0000000000002610                arch_busy_wait
 .text.onoff_stop
                0x0000000000002624       0x30 zephyr/drivers/clock_control/libdrivers__clock_control.a(clock_control_nrf.c.obj)
 .text.onoff_start
                0x0000000000002654       0x44 zephyr/drivers/clock_control/libdrivers__clock_control.a(clock_control_nrf.c.obj)
 .text.generic_hfclk_stop
                0x0000000000002698       0x34 zephyr/drivers/clock_control/libdrivers__clock_control.a(clock_control_nrf.c.obj)
 .text.clk_init
                0x00000000000026cc       0x58 zephyr/drivers/clock_control/libdrivers__clock_control.a(clock_control_nrf.c.obj)
 .text.api_blocking_start
                0x0000000000002724       0x34 zephyr/drivers/clock_control/libdrivers__clock_control.a(clock_control_nrf.c.obj)
 .text.clkstarted_handle.constprop.0
                0x0000000000002758       0x4c zephyr/drivers/clock_control/libdrivers__clock_control.a(clock_control_nrf.c.obj)
 .text.generic_hfclk_start
                0x00000000000027a4       0x78 zephyr/drivers/clock_control/libdrivers__clock_control.a(clock_control_nrf.c.obj)
 .text.clock_event_handler
                0x000000000000281c       0x1c zephyr/drivers/clock_control/libdrivers__clock_control.a(clock_control_nrf.c.obj)
 .text.z_nrf_clock_control_lf_on
                0x0000000000002838       0xfc zephyr/drivers/clock_control/libdrivers__clock_control.a(clock_control_nrf.c.obj)
                0x0000000000002838                z_nrf_clock_control_lf_on
 .text.uart_console_init
                0x0000000000002934       0x28 zephyr/drivers/console/libdrivers__console.a(uart_console.c.obj)
 .text.console_out
                0x000000000000295c       0x28 zephyr/drivers/console/libdrivers__console.a(uart_console.c.obj)
 .text.gpio_nrfx_pin_interrupt_configure
                0x0000000000002984      0x100 zephyr/drivers/gpio/libdrivers__gpio.a(gpio_nrfx.c.obj)
 .text.gpio_nrfx_init
                0x0000000000002a84       0x48 zephyr/drivers/gpio/libdrivers__gpio.a(gpio_nrfx.c.obj)
 .text.nrfx_gpio_handler
                0x0000000000002acc       0x4c zephyr/drivers/gpio/libdrivers__gpio.a(gpio_nrfx.c.obj)
 .text.gpio_nrfx_pin_configure
                0x0000000000002b18      0x18c zephyr/drivers/gpio/libdrivers__gpio.a(gpio_nrfx.c.obj)
 .text.event_handler
                0x0000000000002ca4       0x38 zephyr/drivers/i2c/libdrivers__i2c.a(i2c_nrfx_twi.c.obj)
 .text.i2c_nrfx_twi_transfer
                0x0000000000002cdc       0xc0 zephyr/drivers/i2c/libdrivers__i2c.a(i2c_nrfx_twi.c.obj)
 .text.i2c_nrfx_twi_init
                0x0000000000002d9c       0x60 zephyr/drivers/i2c/libdrivers__i2c.a(i2c_nrfx_twi_common.c.obj)
                0x0000000000002d9c                i2c_nrfx_twi_init
 .text.i2c_nrfx_twi_configure
                0x0000000000002dfc       0x48 zephyr/drivers/i2c/libdrivers__i2c.a(i2c_nrfx_twi_common.c.obj)
                0x0000000000002dfc                i2c_nrfx_twi_configure
 .text.i2c_nrfx_twi_recover_bus
                0x0000000000002e44       0x24 zephyr/drivers/i2c/libdrivers__i2c.a(i2c_nrfx_twi_common.c.obj)
                0x0000000000002e44                i2c_nrfx_twi_recover_bus
 .text.i2c_nrfx_twi_msg_transfer
                0x0000000000002e68       0x90 zephyr/drivers/i2c/libdrivers__i2c.a(i2c_nrfx_twi_common.c.obj)
                0x0000000000002e68                i2c_nrfx_twi_msg_transfer
 .text.nrf_gpio_pin_port_decode
                0x0000000000002ef8       0x20 zephyr/drivers/pinctrl/libdrivers__pinctrl.a(pinctrl_nrf.c.obj)
 .text.pinctrl_configure_pins
                0x0000000000002f18      0x1a4 zephyr/drivers/pinctrl/libdrivers__pinctrl.a(pinctrl_nrf.c.obj)
                0x0000000000002f18                pinctrl_configure_pins
 .text.uarte_0_init
                0x00000000000030bc      0x258 zephyr/drivers/serial/libdrivers__serial.a(uart_nrfx_uarte.c.obj)
 .text.uarte_nrfx_poll_out
                0x0000000000003314       0xcc zephyr/drivers/serial/libdrivers__serial.a(uart_nrfx_uarte.c.obj)
 .text.compare_int_lock
                0x00000000000033e0       0x48 zephyr/drivers/timer/libdrivers__timer.a(nrf_rtc_timer.c.obj)
 .text.sys_clock_timeout_handler
                0x0000000000003428       0x48 zephyr/drivers/timer/libdrivers__timer.a(nrf_rtc_timer.c.obj)
 .text.compare_int_unlock
                0x0000000000003470       0x5c zephyr/drivers/timer/libdrivers__timer.a(nrf_rtc_timer.c.obj)
 .text.z_nrf_rtc_timer_read
                0x00000000000034cc       0x44 zephyr/drivers/timer/libdrivers__timer.a(nrf_rtc_timer.c.obj)
                0x00000000000034cc                z_nrf_rtc_timer_read
 .text.compare_set
                0x0000000000003510      0x130 zephyr/drivers/timer/libdrivers__timer.a(nrf_rtc_timer.c.obj)
 .text.sys_clock_driver_init
                0x0000000000003640       0x90 zephyr/drivers/timer/libdrivers__timer.a(nrf_rtc_timer.c.obj)
 .text.rtc_nrf_isr
                0x00000000000036d0       0xd4 zephyr/drivers/timer/libdrivers__timer.a(nrf_rtc_timer.c.obj)
                0x00000000000036d0                rtc_nrf_isr
 .text.sys_clock_set_timeout
                0x00000000000037a4       0x5c zephyr/drivers/timer/libdrivers__timer.a(nrf_rtc_timer.c.obj)
                0x00000000000037a4                sys_clock_set_timeout
 .text.sys_clock_elapsed
                0x0000000000003800       0x14 zephyr/drivers/timer/libdrivers__timer.a(nrf_rtc_timer.c.obj)
                0x0000000000003800                sys_clock_elapsed
 .text.nrf52_errata_98
                0x0000000000003814       0x24 modules/hal_nordic/nrfx/libmodules__hal_nordic__nrfx.a(system_nrf52840.c.obj)
 .text.nvmc_wait
                0x0000000000003838       0x10 modules/hal_nordic/nrfx/libmodules__hal_nordic__nrfx.a(system_nrf52840.c.obj)
                0x0000000000003838                nvmc_wait
 .text.SystemInit
                0x0000000000003848      0x1bc modules/hal_nordic/nrfx/libmodules__hal_nordic__nrfx.a(system_nrf52840.c.obj)
                0x0000000000003848                SystemInit
 .text.nrfx_flag32_alloc
                0x0000000000003a04       0x48 modules/hal_nordic/nrfx/libmodules__hal_nordic__nrfx.a(nrfx_flag32_allocator.c.obj)
                0x0000000000003a04                nrfx_flag32_alloc
 .text.nrfx_flag32_free
                0x0000000000003a4c       0x40 modules/hal_nordic/nrfx/libmodules__hal_nordic__nrfx.a(nrfx_flag32_allocator.c.obj)
                0x0000000000003a4c                nrfx_flag32_free
 .text.nrfx_gppi_channels_enable
                0x0000000000003a8c        0xc modules/hal_nordic/nrfx/libmodules__hal_nordic__nrfx.a(nrfx_gppi_ppi.c.obj)
                0x0000000000003a8c                nrfx_gppi_channels_enable
 .text.clock_stop
                0x0000000000003a98       0xc4 modules/hal_nordic/nrfx/libmodules__hal_nordic__nrfx.a(nrfx_clock.c.obj)
 .text.nrfx_clock_init
                0x0000000000003b5c       0x20 modules/hal_nordic/nrfx/libmodules__hal_nordic__nrfx.a(nrfx_clock.c.obj)
                0x0000000000003b5c                nrfx_clock_init
 .text.nrfx_clock_enable
                0x0000000000003b7c       0x24 modules/hal_nordic/nrfx/libmodules__hal_nordic__nrfx.a(nrfx_clock.c.obj)
                0x0000000000003b7c                nrfx_clock_enable
 .text.nrfx_clock_start
                0x0000000000003ba0       0xa8 modules/hal_nordic/nrfx/libmodules__hal_nordic__nrfx.a(nrfx_clock.c.obj)
                0x0000000000003ba0                nrfx_clock_start
 .text.nrfx_power_clock_irq_handler
                0x0000000000003c48       0x68 modules/hal_nordic/nrfx/libmodules__hal_nordic__nrfx.a(nrfx_clock.c.obj)
                0x0000000000003c48                nrfx_power_clock_irq_handler
 .text.nrf_gpio_pin_port_decode
                0x0000000000003cb0       0x20 modules/hal_nordic/nrfx/libmodules__hal_nordic__nrfx.a(nrfx_gpiote.c.obj)
 .text.get_pin_idx
                0x0000000000003cd0       0x14 modules/hal_nordic/nrfx/libmodules__hal_nordic__nrfx.a(nrfx_gpiote.c.obj)
 .text.call_handler.constprop.0
                0x0000000000003ce4       0x40 modules/hal_nordic/nrfx/libmodules__hal_nordic__nrfx.a(nrfx_gpiote.c.obj)
 .text.pin_te_get.constprop.0
                0x0000000000003d24       0x18 modules/hal_nordic/nrfx/libmodules__hal_nordic__nrfx.a(nrfx_gpiote.c.obj)
 .text.pin_is_output.constprop.0
                0x0000000000003d3c       0x18 modules/hal_nordic/nrfx/libmodules__hal_nordic__nrfx.a(nrfx_gpiote.c.obj)
 .text.pin_in_use_by_te.constprop.0
                0x0000000000003d54       0x18 modules/hal_nordic/nrfx/libmodules__hal_nordic__nrfx.a(nrfx_gpiote.c.obj)
 .text.latch_pending_read_and_check
                0x0000000000003d6c       0x40 modules/hal_nordic/nrfx/libmodules__hal_nordic__nrfx.a(nrfx_gpiote.c.obj)
 .text.release_handler.isra.0
                0x0000000000003dac       0x58 modules/hal_nordic/nrfx/libmodules__hal_nordic__nrfx.a(nrfx_gpiote.c.obj)
 .text.__nrfy_internal_gpiote_events_process.constprop.0
                0x0000000000003e04       0x5c modules/hal_nordic/nrfx/libmodules__hal_nordic__nrfx.a(nrfx_gpiote.c.obj)
 .text.pin_uninit
                0x0000000000003e60       0x80 modules/hal_nordic/nrfx/libmodules__hal_nordic__nrfx.a(nrfx_gpiote.c.obj)
 .text.nrfx_gpiote_input_configure
                0x0000000000003ee0      0x174 modules/hal_nordic/nrfx/libmodules__hal_nordic__nrfx.a(nrfx_gpiote.c.obj)
                0x0000000000003ee0                nrfx_gpiote_input_configure
 .text.nrfx_gpiote_output_configure
                0x0000000000004054       0xfc modules/hal_nordic/nrfx/libmodules__hal_nordic__nrfx.a(nrfx_gpiote.c.obj)
                0x0000000000004054                nrfx_gpiote_output_configure
 .text.nrfx_gpiote_global_callback_set
                0x0000000000004150        0xc modules/hal_nordic/nrfx/libmodules__hal_nordic__nrfx.a(nrfx_gpiote.c.obj)
                0x0000000000004150                nrfx_gpiote_global_callback_set
 .text.nrfx_gpiote_channel_get
                0x000000000000415c       0x34 modules/hal_nordic/nrfx/libmodules__hal_nordic__nrfx.a(nrfx_gpiote.c.obj)
                0x000000000000415c                nrfx_gpiote_channel_get
 .text.nrfx_gpiote_init
                0x0000000000004190       0x68 modules/hal_nordic/nrfx/libmodules__hal_nordic__nrfx.a(nrfx_gpiote.c.obj)
                0x0000000000004190                nrfx_gpiote_init
 .text.nrfx_gpiote_init_check
                0x00000000000041f8       0x14 modules/hal_nordic/nrfx/libmodules__hal_nordic__nrfx.a(nrfx_gpiote.c.obj)
                0x00000000000041f8                nrfx_gpiote_init_check
 .text.nrfx_gpiote_channel_free
                0x000000000000420c        0xc modules/hal_nordic/nrfx/libmodules__hal_nordic__nrfx.a(nrfx_gpiote.c.obj)
                0x000000000000420c                nrfx_gpiote_channel_free
 .text.nrfx_gpiote_channel_alloc
                0x0000000000004218        0xc modules/hal_nordic/nrfx/libmodules__hal_nordic__nrfx.a(nrfx_gpiote.c.obj)
                0x0000000000004218                nrfx_gpiote_channel_alloc
 .text.nrfx_gpiote_trigger_enable
                0x0000000000004224       0xb0 modules/hal_nordic/nrfx/libmodules__hal_nordic__nrfx.a(nrfx_gpiote.c.obj)
                0x0000000000004224                nrfx_gpiote_trigger_enable
 .text.nrfx_gpiote_0_irq_handler
                0x00000000000042d4      0x1bc modules/hal_nordic/nrfx/libmodules__hal_nordic__nrfx.a(nrfx_gpiote.c.obj)
                0x00000000000042d4                nrfx_gpiote_0_irq_handler
 .text.nrfx_ppi_channel_alloc
                0x0000000000004490        0xc modules/hal_nordic/nrfx/libmodules__hal_nordic__nrfx.a(nrfx_ppi.c.obj)
                0x0000000000004490                nrfx_ppi_channel_alloc
 .text.nrf_gpio_cfg.constprop.0
                0x000000000000449c       0x48 modules/hal_nordic/nrfx/libmodules__hal_nordic__nrfx.a(nrfx_twi.c.obj)
 .text.twi_configure
                0x00000000000044e4       0x3c modules/hal_nordic/nrfx/libmodules__hal_nordic__nrfx.a(nrfx_twi.c.obj)
 .text.twi_tx_start_transfer
                0x0000000000004520      0x104 modules/hal_nordic/nrfx/libmodules__hal_nordic__nrfx.a(nrfx_twi.c.obj)
 .text.twi_rx_start_transfer
                0x0000000000004624       0xe4 modules/hal_nordic/nrfx/libmodules__hal_nordic__nrfx.a(nrfx_twi.c.obj)
 .text.nrfx_twi_init
                0x0000000000004708       0x88 modules/hal_nordic/nrfx/libmodules__hal_nordic__nrfx.a(nrfx_twi.c.obj)
                0x0000000000004708                nrfx_twi_init
 .text.nrfx_twi_enable
                0x0000000000004790       0x20 modules/hal_nordic/nrfx/libmodules__hal_nordic__nrfx.a(nrfx_twi.c.obj)
                0x0000000000004790                nrfx_twi_enable
 .text.nrfx_twi_disable
                0x00000000000047b0       0x38 modules/hal_nordic/nrfx/libmodules__hal_nordic__nrfx.a(nrfx_twi.c.obj)
                0x00000000000047b0                nrfx_twi_disable
 .text.nrfx_twi_xfer
                0x00000000000047e8       0xdc modules/hal_nordic/nrfx/libmodules__hal_nordic__nrfx.a(nrfx_twi.c.obj)
                0x00000000000047e8                nrfx_twi_xfer
 .text.nrfx_twi_0_irq_handler
                0x00000000000048c4       0xd8 modules/hal_nordic/nrfx/libmodules__hal_nordic__nrfx.a(nrfx_twi.c.obj)
                0x00000000000048c4                nrfx_twi_0_irq_handler
 .text.nrf_gpio_pin_port_decode
                0x000000000000499c       0x20 modules/hal_nordic/nrfx/libmodules__hal_nordic__nrfx.a(nrfx_twi_twim.c.obj)
 .text.nrfx_twi_twim_bus_recover
                0x00000000000049bc       0xdc modules/hal_nordic/nrfx/libmodules__hal_nordic__nrfx.a(nrfx_twi_twim.c.obj)
                0x00000000000049bc                nrfx_twi_twim_bus_recover
 .text._DoInit  0x0000000000004a98       0x60 modules/segger/libmodules__segger.a(SEGGER_RTT.c.obj)
 .text.SEGGER_RTT_ReadNoLock
                0x0000000000004af8       0x88 modules/segger/libmodules__segger.a(SEGGER_RTT.c.obj)
                0x0000000000004af8                SEGGER_RTT_ReadNoLock
 .text.SEGGER_RTT_WriteSkipNoLock
                0x0000000000004b80       0x88 modules/segger/libmodules__segger.a(SEGGER_RTT.c.obj)
                0x0000000000004b80                SEGGER_RTT_WriteSkipNoLock
 .text.SEGGER_RTT_HasDataUp
                0x0000000000004c08       0x14 modules/segger/libmodules__segger.a(SEGGER_RTT.c.obj)
                0x0000000000004c08                SEGGER_RTT_HasDataUp
 .text.zephyr_rtt_mutex_lock
                0x0000000000004c1c       0x14 modules/segger/libmodules__segger.a(SEGGER_RTT_zephyr.c.obj)
                0x0000000000004c1c                zephyr_rtt_mutex_lock
 .text.zephyr_rtt_mutex_unlock
                0x0000000000004c30        0xc modules/segger/libmodules__segger.a(SEGGER_RTT_zephyr.c.obj)
                0x0000000000004c30                zephyr_rtt_mutex_unlock
 .text.k_sys_fatal_error_handler
                0x0000000000004c3c       0x20 zephyr/kernel/libkernel.a(fatal.c.obj)
                0x0000000000004c3c                k_sys_fatal_error_handler
 .text.z_fatal_error
                0x0000000000004c5c       0xe8 zephyr/kernel/libkernel.a(fatal.c.obj)
                0x0000000000004c5c                z_fatal_error
 .text.z_sys_init_run_level
                0x0000000000004d44       0x2c zephyr/kernel/libkernel.a(init.c.obj)
 .text.bg_thread_main
                0x0000000000004d70       0xc0 zephyr/kernel/libkernel.a(init.c.obj)
 .text.z_bss_zero
                0x0000000000004e30       0x18 zephyr/kernel/libkernel.a(init.c.obj)
                0x0000000000004e30                z_bss_zero
 .text.z_init_cpu
                0x0000000000004e48       0x70 zephyr/kernel/libkernel.a(init.c.obj)
                0x0000000000004e48                z_init_cpu
 .text.z_cstart
                0x0000000000004eb8       0xe0 zephyr/kernel/libkernel.a(init.c.obj)
                0x0000000000004eb8                z_cstart
 .text.init_mem_slab_obj_core_list
                0x0000000000004f98       0x24 zephyr/kernel/libkernel.a(mem_slab.c.obj)
 .text.k_mem_slab_alloc
                0x0000000000004fbc       0x5c zephyr/kernel/libkernel.a(mem_slab.c.obj)
                0x0000000000004fbc                k_mem_slab_alloc
 .text.z_impl_k_mutex_lock
                0x0000000000005018       0xf0 zephyr/kernel/libkernel.a(mutex.c.obj)
                0x0000000000005018                z_impl_k_mutex_lock
 .text.z_impl_k_mutex_unlock
                0x0000000000005108       0x78 zephyr/kernel/libkernel.a(mutex.c.obj)
                0x0000000000005108                z_impl_k_mutex_unlock
 .text.z_impl_k_sem_give
                0x0000000000005180       0x48 zephyr/kernel/libkernel.a(sem.c.obj)
                0x0000000000005180                z_impl_k_sem_give
 .text.z_impl_k_sem_take
                0x00000000000051c8       0x4c zephyr/kernel/libkernel.a(sem.c.obj)
                0x00000000000051c8                z_impl_k_sem_take
 .text.z_setup_new_thread
                0x0000000000005214       0x98 zephyr/kernel/libkernel.a(thread.c.obj)
                0x0000000000005214                z_setup_new_thread
 .text.z_impl_k_thread_create
                0x00000000000052ac       0x58 zephyr/kernel/libkernel.a(thread.c.obj)
                0x00000000000052ac                z_impl_k_thread_create
 .text.update_cache
                0x0000000000005304       0x3c zephyr/kernel/libkernel.a(sched.c.obj)
 .text.unready_thread
                0x0000000000005340       0x30 zephyr/kernel/libkernel.a(sched.c.obj)
 .text.ready_thread
                0x0000000000005370       0x68 zephyr/kernel/libkernel.a(sched.c.obj)
 .text.z_thread_halt
                0x00000000000053d8       0xd8 zephyr/kernel/libkernel.a(sched.c.obj)
 .text.move_thread_to_end_of_prio_q
                0x00000000000054b0       0x74 zephyr/kernel/libkernel.a(sched.c.obj)
                0x00000000000054b0                move_thread_to_end_of_prio_q
 .text.z_pend_curr
                0x0000000000005524       0x58 zephyr/kernel/libkernel.a(sched.c.obj)
                0x0000000000005524                z_pend_curr
 .text.z_thread_prio_set
                0x000000000000557c       0x88 zephyr/kernel/libkernel.a(sched.c.obj)
                0x000000000000557c                z_thread_prio_set
 .text.z_reschedule
                0x0000000000005604       0x24 zephyr/kernel/libkernel.a(sched.c.obj)
                0x0000000000005604                z_reschedule
 .text.z_sched_start
                0x0000000000005628       0x3c zephyr/kernel/libkernel.a(sched.c.obj)
                0x0000000000005628                z_sched_start
 .text.z_reschedule_irqlock
                0x0000000000005664       0x28 zephyr/kernel/libkernel.a(sched.c.obj)
                0x0000000000005664                z_reschedule_irqlock
 .text.k_sched_lock
                0x000000000000568c       0x28 zephyr/kernel/libkernel.a(sched.c.obj)
                0x000000000000568c                k_sched_lock
 .text.k_sched_unlock
                0x00000000000056b4       0x40 zephyr/kernel/libkernel.a(sched.c.obj)
                0x00000000000056b4                k_sched_unlock
 .text.z_sched_init
                0x00000000000056f4       0x10 zephyr/kernel/libkernel.a(sched.c.obj)
                0x00000000000056f4                z_sched_init
 .text.z_impl_k_yield
                0x0000000000005704       0x7c zephyr/kernel/libkernel.a(sched.c.obj)
                0x0000000000005704                z_impl_k_yield
 .text.z_tick_sleep
                0x0000000000005780       0x88 zephyr/kernel/libkernel.a(sched.c.obj)
 .text.z_impl_k_sleep
                0x0000000000005808       0x3c zephyr/kernel/libkernel.a(sched.c.obj)
                0x0000000000005808                z_impl_k_sleep
 .text.z_impl_k_sched_current_thread_query
                0x0000000000005844        0xc zephyr/kernel/libkernel.a(sched.c.obj)
                0x0000000000005844                z_impl_k_sched_current_thread_query
 .text.slice_timeout
                0x0000000000005850       0x20 zephyr/kernel/libkernel.a(timeslicing.c.obj)
 .text.thread_is_sliceable
                0x0000000000005870       0x3c zephyr/kernel/libkernel.a(timeslicing.c.obj)
                0x0000000000005870                thread_is_sliceable
 .text.z_reset_time_slice
                0x00000000000058ac       0x50 zephyr/kernel/libkernel.a(timeslicing.c.obj)
                0x00000000000058ac                z_reset_time_slice
 .text.z_time_slice
                0x00000000000058fc       0x60 zephyr/kernel/libkernel.a(timeslicing.c.obj)
                0x00000000000058fc                z_time_slice
 .text.z_data_copy
                0x000000000000595c       0x34 zephyr/kernel/libkernel.a(xip.c.obj)
                0x000000000000595c                z_data_copy
 .text.elapsed  0x0000000000005990       0x14 zephyr/kernel/libkernel.a(timeout.c.obj)
 .text.remove_timeout
                0x00000000000059a4       0x38 zephyr/kernel/libkernel.a(timeout.c.obj)
 .text.next_timeout
                0x00000000000059dc       0x40 zephyr/kernel/libkernel.a(timeout.c.obj)
 .text.z_add_timeout
                0x0000000000005a1c       0xf4 zephyr/kernel/libkernel.a(timeout.c.obj)
                0x0000000000005a1c                z_add_timeout
 .text.sys_clock_announce
                0x0000000000005b10       0xd0 zephyr/kernel/libkernel.a(timeout.c.obj)
                0x0000000000005b10                sys_clock_announce
 .text.sys_clock_tick_get
                0x0000000000005be0       0x30 zephyr/kernel/libkernel.a(timeout.c.obj)
                0x0000000000005be0                sys_clock_tick_get
 .text.z_timer_expiration_handler
                0x0000000000005c10       0xe0 zephyr/kernel/libkernel.a(timer.c.obj)
                0x0000000000005c10                z_timer_expiration_handler
 .text.z_impl_k_timer_start
                0x0000000000005cf0       0x74 zephyr/kernel/libkernel.a(timer.c.obj)
                0x0000000000005cf0                z_impl_k_timer_start
 .text.nrf_cc3xx_platform_init_no_rng
                0x0000000000005d64       0x38 C:/ncs/v2.7.0/nrfxlib/crypto/nrf_cc310_platform/lib/cortex-m4/soft-float/no-interrupts/libnrf_cc310_platform_0.9.19.a(nrf_cc3xx_platform.c.obj)
                0x0000000000005d64                nrf_cc3xx_platform_init_no_rng
 .text.nrf_cc3xx_platform_abort
                0x0000000000005d9c       0x24 C:/ncs/v2.7.0/nrfxlib/crypto/nrf_cc310_platform/lib/cortex-m4/soft-float/no-interrupts/libnrf_cc310_platform_0.9.19.a(nrf_cc3xx_platform_abort.c.obj)
 .text.CC_PalAbort
                0x0000000000005dc0       0x34 C:/ncs/v2.7.0/nrfxlib/crypto/nrf_cc310_platform/lib/cortex-m4/soft-float/no-interrupts/libnrf_cc310_platform_0.9.19.a(nrf_cc3xx_platform_abort.c.obj)
                0x0000000000005dc0                CC_PalAbort
 .text.nrf_cc3xx_platform_set_abort
                0x0000000000005df4       0x10 C:/ncs/v2.7.0/nrfxlib/crypto/nrf_cc310_platform/lib/cortex-m4/soft-float/no-interrupts/libnrf_cc310_platform_0.9.19.a(nrf_cc3xx_platform_abort.c.obj)
                0x0000000000005df4                nrf_cc3xx_platform_set_abort
 .text.mutex_free
                0x0000000000005e04       0x34 C:/ncs/v2.7.0/nrfxlib/crypto/nrf_cc310_platform/lib/cortex-m4/soft-float/no-interrupts/libnrf_cc310_platform_0.9.19.a(nrf_cc3xx_platform_mutex.c.obj)
 .text.mutex_lock
                0x0000000000005e38       0x48 C:/ncs/v2.7.0/nrfxlib/crypto/nrf_cc310_platform/lib/cortex-m4/soft-float/no-interrupts/libnrf_cc310_platform_0.9.19.a(nrf_cc3xx_platform_mutex.c.obj)
 .text.mutex_unlock
                0x0000000000005e80       0x38 C:/ncs/v2.7.0/nrfxlib/crypto/nrf_cc310_platform/lib/cortex-m4/soft-float/no-interrupts/libnrf_cc310_platform_0.9.19.a(nrf_cc3xx_platform_mutex.c.obj)
 .text.mutex_init
                0x0000000000005eb8       0x20 C:/ncs/v2.7.0/nrfxlib/crypto/nrf_cc310_platform/lib/cortex-m4/soft-float/no-interrupts/libnrf_cc310_platform_0.9.19.a(nrf_cc3xx_platform_mutex.c.obj)
 .text.nrf_cc3xx_platform_set_mutexes
                0x0000000000005ed8       0x74 C:/ncs/v2.7.0/nrfxlib/crypto/nrf_cc310_platform/lib/cortex-m4/soft-float/no-interrupts/libnrf_cc310_platform_0.9.19.a(nrf_cc3xx_platform_mutex.c.obj)
                0x0000000000005ed8                nrf_cc3xx_platform_set_mutexes
 .text.CC_LibInitNoRng
                0x0000000000005f4c       0x64 C:/ncs/v2.7.0/nrfxlib/crypto/nrf_cc310_platform/lib/cortex-m4/soft-float/no-interrupts/libnrf_cc310_platform_0.9.19.a(cc_lib.c.obj)
                0x0000000000005f4c                CC_LibInitNoRng
 .text.CC_HalInit
                0x0000000000005fb0        0x4 C:/ncs/v2.7.0/nrfxlib/crypto/nrf_cc310_platform/lib/cortex-m4/soft-float/no-interrupts/libnrf_cc310_platform_0.9.19.a(cc_hal.c.obj)
                0x0000000000005fb0                CC_HalInit
 .text.CC_HalTerminate
                0x0000000000005fb4        0x4 C:/ncs/v2.7.0/nrfxlib/crypto/nrf_cc310_platform/lib/cortex-m4/soft-float/no-interrupts/libnrf_cc310_platform_0.9.19.a(cc_hal.c.obj)
                0x0000000000005fb4                CC_HalTerminate
 .text.CC_HalMaskInterrupt
                0x0000000000005fb8        0xc C:/ncs/v2.7.0/nrfxlib/crypto/nrf_cc310_platform/lib/cortex-m4/soft-float/no-interrupts/libnrf_cc310_platform_0.9.19.a(cc_hal.c.obj)
                0x0000000000005fb8                CC_HalMaskInterrupt
 .text.CC_PalInit
                0x0000000000005fc4       0x5c C:/ncs/v2.7.0/nrfxlib/crypto/nrf_cc310_platform/lib/cortex-m4/soft-float/no-interrupts/libnrf_cc310_platform_0.9.19.a(cc_pal.c.obj)
                0x0000000000005fc4                CC_PalInit
 .text.CC_PalTerminate
                0x0000000000006020       0x34 C:/ncs/v2.7.0/nrfxlib/crypto/nrf_cc310_platform/lib/cortex-m4/soft-float/no-interrupts/libnrf_cc310_platform_0.9.19.a(cc_pal.c.obj)
                0x0000000000006020                CC_PalTerminate
 .text.CC_PalDmaInit
                0x0000000000006054        0x4 C:/ncs/v2.7.0/nrfxlib/crypto/nrf_cc310_platform/lib/cortex-m4/soft-float/no-interrupts/libnrf_cc310_platform_0.9.19.a(cc_pal_dma.c.obj)
                0x0000000000006054                CC_PalDmaInit
 .text.CC_PalDmaTerminate
                0x0000000000006058        0x4 C:/ncs/v2.7.0/nrfxlib/crypto/nrf_cc310_platform/lib/cortex-m4/soft-float/no-interrupts/libnrf_cc310_platform_0.9.19.a(cc_pal_dma.c.obj)
                0x0000000000006058                CC_PalDmaTerminate
 .text.CC_PalMutexCreate
                0x000000000000605c       0x14 C:/ncs/v2.7.0/nrfxlib/crypto/nrf_cc310_platform/lib/cortex-m4/soft-float/no-interrupts/libnrf_cc310_platform_0.9.19.a(cc_pal_mutex.c.obj)
                0x000000000000605c                CC_PalMutexCreate
 .text.CC_PalMutexDestroy
                0x0000000000006070       0x14 C:/ncs/v2.7.0/nrfxlib/crypto/nrf_cc310_platform/lib/cortex-m4/soft-float/no-interrupts/libnrf_cc310_platform_0.9.19.a(cc_pal_mutex.c.obj)
                0x0000000000006070                CC_PalMutexDestroy
 .text.CC_PalPowerSaveModeInit
                0x0000000000006084       0x3c C:/ncs/v2.7.0/nrfxlib/crypto/nrf_cc310_platform/lib/cortex-m4/soft-float/no-interrupts/libnrf_cc310_platform_0.9.19.a(cc_pal_pm.c.obj)
                0x0000000000006084                CC_PalPowerSaveModeInit
 .text.CC_PalPowerSaveModeSelect
                0x00000000000060c0       0x84 C:/ncs/v2.7.0/nrfxlib/crypto/nrf_cc310_platform/lib/cortex-m4/soft-float/no-interrupts/libnrf_cc310_platform_0.9.19.a(cc_pal_pm.c.obj)
                0x00000000000060c0                CC_PalPowerSaveModeSelect
 .text.snprintf
                0x0000000000006144       0x58 c:\ncs\toolchains\ce3b5ff664\opt\zephyr-sdk\arm-zephyr-eabi\bin\../lib/gcc/../../picolibc/arm-zephyr-eabi/lib/thumb/v7e-m/nofp\libc.a(libc_tinystdio_snprintf.c.o)
                0x0000000000006144                snprintf
 .text.__l_vfprintf
                0x000000000000619c      0x4b8 c:\ncs\toolchains\ce3b5ff664\opt\zephyr-sdk\arm-zephyr-eabi\bin\../lib/gcc/../../picolibc/arm-zephyr-eabi/lib/thumb/v7e-m/nofp\libc.a(libc_tinystdio_vflprintf.c.o)
                0x000000000000619c                __l_vfprintf
 .text._OffsetAbsSyms
                0x0000000000006654        0x2 zephyr/CMakeFiles/offsets.dir/./arch/arm/core/offsets/offsets.c.obj
                0x0000000000006654                _OffsetAbsSyms
 .text.chunk_size
                0x0000000000006656        0xa zephyr/libzephyr.a(heap.c.obj)
 .text.free_list_add
                0x0000000000006660       0x4e zephyr/libzephyr.a(heap.c.obj)
 .text.sys_heap_init
                0x00000000000066ae       0x7a zephyr/libzephyr.a(heap.c.obj)
                0x00000000000066ae                sys_heap_init
 .text.cbpprintf_external
                0x0000000000006728       0x62 zephyr/libzephyr.a(cbprintf_packaged.c.obj)
                0x0000000000006728                cbpprintf_external
 .text.is_ptr   0x000000000000678a       0x4a zephyr/libzephyr.a(cbprintf_packaged.c.obj)
                0x000000000000678a                is_ptr
 .text.arch_printk_char_out
                0x00000000000067d4        0x4 zephyr/libzephyr.a(printk.c.obj)
                0x00000000000067d4                arch_printk_char_out
 .text.printk   0x00000000000067d8       0x1a zephyr/libzephyr.a(printk.c.obj)
                0x00000000000067d8                printk
 .text.free_space
                0x00000000000067f2       0x26 zephyr/libzephyr.a(mpsc_pbuf.c.obj)
 .text.get_usage
                0x0000000000006818       0x22 zephyr/libzephyr.a(mpsc_pbuf.c.obj)
 .text.idx_inc  0x000000000000683a       0x1c zephyr/libzephyr.a(mpsc_pbuf.c.obj)
 .text.rd_idx_inc
                0x0000000000006856       0x18 zephyr/libzephyr.a(mpsc_pbuf.c.obj)
 .text.add_skip_item
                0x000000000000686e       0x3a zephyr/libzephyr.a(mpsc_pbuf.c.obj)
 .text.drop_item_locked
                0x00000000000068a8       0xee zephyr/libzephyr.a(mpsc_pbuf.c.obj)
 .text.post_drop_action
                0x0000000000006996       0x36 zephyr/libzephyr.a(mpsc_pbuf.c.obj)
 .text.max_utilization_update
                0x00000000000069cc       0x1a zephyr/libzephyr.a(mpsc_pbuf.c.obj)
 .text.mpsc_pbuf_init
                0x00000000000069e6       0x42 zephyr/libzephyr.a(mpsc_pbuf.c.obj)
                0x00000000000069e6                mpsc_pbuf_init
 .text.mpsc_pbuf_alloc
                0x0000000000006a28       0xf8 zephyr/libzephyr.a(mpsc_pbuf.c.obj)
                0x0000000000006a28                mpsc_pbuf_alloc
 .text.mpsc_pbuf_commit
                0x0000000000006b20       0x3e zephyr/libzephyr.a(mpsc_pbuf.c.obj)
                0x0000000000006b20                mpsc_pbuf_commit
 .text.mpsc_pbuf_claim
                0x0000000000006b5e       0xa8 zephyr/libzephyr.a(mpsc_pbuf.c.obj)
                0x0000000000006b5e                mpsc_pbuf_claim
 .text.mpsc_pbuf_free
                0x0000000000006c06       0x76 zephyr/libzephyr.a(mpsc_pbuf.c.obj)
                0x0000000000006c06                mpsc_pbuf_free
 .text.mpsc_pbuf_is_pending
                0x0000000000006c7c       0x1a zephyr/libzephyr.a(mpsc_pbuf.c.obj)
                0x0000000000006c7c                mpsc_pbuf_is_pending
 .text.process_recheck
                0x0000000000006c96       0x38 zephyr/libzephyr.a(onoff.c.obj)
 .text.validate_args
                0x0000000000006cce       0x20 zephyr/libzephyr.a(onoff.c.obj)
 .text.notify_one
                0x0000000000006cee       0x2c zephyr/libzephyr.a(onoff.c.obj)
 .text.transition_complete
                0x0000000000006d1a       0x1a zephyr/libzephyr.a(onoff.c.obj)
 .text.onoff_manager_init
                0x0000000000006d34       0x26 zephyr/libzephyr.a(onoff.c.obj)
                0x0000000000006d34                onoff_manager_init
 .text.onoff_request
                0x0000000000006d5a       0xae zephyr/libzephyr.a(onoff.c.obj)
                0x0000000000006d5a                onoff_request
 .text.sys_notify_validate
                0x0000000000006e08       0x22 zephyr/libzephyr.a(notify.c.obj)
                0x0000000000006e08                sys_notify_validate
 .text.sys_notify_finalize
                0x0000000000006e2a       0x1a zephyr/libzephyr.a(notify.c.obj)
                0x0000000000006e2a                sys_notify_finalize
 .text._ConfigAbsSyms
                0x0000000000006e44        0x2 zephyr/libzephyr.a(configs.c.obj)
                0x0000000000006e44                _ConfigAbsSyms
 .text.log_msg_generic_get_wlen
                0x0000000000006e46       0x20 zephyr/libzephyr.a(log_core.c.obj)
 .text.dummy_timestamp
                0x0000000000006e66        0x4 zephyr/libzephyr.a(log_core.c.obj)
 .text.default_get_timestamp
                0x0000000000006e6a        0x4 zephyr/libzephyr.a(log_core.c.obj)
 .text.atomic_inc
                0x0000000000006e6e       0x1a zephyr/libzephyr.a(log_core.c.obj)
 .text.z_log_vprintk
                0x0000000000006e88       0x1c zephyr/libzephyr.a(log_core.c.obj)
                0x0000000000006e88                z_log_vprintk
 .text.z_log_notify_drop
                0x0000000000006ea4        0x6 zephyr/libzephyr.a(log_core.c.obj)
 .text.z_log_get_tag
                0x0000000000006eaa        0x4 zephyr/libzephyr.a(log_core.c.obj)
                0x0000000000006eaa                z_log_get_tag
 .text.z_cbprintf_cpy
                0x0000000000006eae       0x2c zephyr/libzephyr.a(log_msg.c.obj)
 .text.z_log_msg_finalize
                0x0000000000006eda       0x32 zephyr/libzephyr.a(log_msg.c.obj)
                0x0000000000006eda                z_log_msg_finalize
 .text.z_log_msg_simple_create
                0x0000000000006f0c       0x6e zephyr/libzephyr.a(log_msg.c.obj)
 .text.z_impl_z_log_msg_simple_create_0
                0x0000000000006f7a       0x12 zephyr/libzephyr.a(log_msg.c.obj)
                0x0000000000006f7a                z_impl_z_log_msg_simple_create_0
 .text.z_impl_z_log_msg_simple_create_1
                0x0000000000006f8c       0x14 zephyr/libzephyr.a(log_msg.c.obj)
                0x0000000000006f8c                z_impl_z_log_msg_simple_create_1
 .text.buffer_write
                0x0000000000006fa0       0x1c zephyr/libzephyr.a(log_output.c.obj)
 .text.log_output_flush
                0x0000000000006fbc       0x1a zephyr/libzephyr.a(log_output.c.obj)
                0x0000000000006fbc                log_output_flush
 .text.out_func
                0x0000000000006fd6       0x36 zephyr/libzephyr.a(log_output.c.obj)
 .text.cr_out_func
                0x000000000000700c       0x1c zephyr/libzephyr.a(log_output.c.obj)
 .text.log_output_msg_process
                0x0000000000007028       0x6a zephyr/libzephyr.a(log_output.c.obj)
                0x0000000000007028                log_output_msg_process
 .text.format_set
                0x0000000000007092        0xc zephyr/libzephyr.a(log_backend_uart.c.obj)
 .text.log_backend_uart_init
                0x000000000000709e        0xc zephyr/libzephyr.a(log_backend_uart.c.obj)
 .text.panic    0x00000000000070aa       0x10 zephyr/libzephyr.a(log_backend_uart.c.obj)
 .text.dropped  0x00000000000070ba        0xa zephyr/libzephyr.a(log_backend_uart.c.obj)
 .text.process  0x00000000000070c4       0x1e zephyr/libzephyr.a(log_backend_uart.c.obj)
 .text.abort_function
                0x00000000000070e2        0x2 zephyr/libzephyr.a(nrf_cc3xx_platform_abort_zephyr.c.obj)
 .text.z_do_kernel_oops
                0x00000000000070e4        0x8 zephyr/arch/arch/arm/core/libarch__arm__core.a(fatal.c.obj)
                0x00000000000070e4                z_do_kernel_oops
 .text.z_arm_nmi
                0x00000000000070ec        0xe zephyr/arch/arch/arm/core/libarch__arm__core.a(nmi.c.obj)
                0x00000000000070ec                z_arm_nmi
 .text.z_log_msg_simple_create_0.constprop.0
                0x00000000000070fa        0x8 zephyr/arch/arch/arm/core/cortex_m/libarch__arm__core__cortex_m.a(fault.c.obj)
 .text.z_irq_spurious
                0x0000000000007102        0x8 zephyr/arch/arch/arm/core/cortex_m/libarch__arm__core__cortex_m.a(irq_manage.c.obj)
                0x0000000000007102                z_irq_spurious
 .text.arch_irq_unlock_outlined
                0x000000000000710a        0xe zephyr/arch/arch/arm/core/cortex_m/libarch__arm__core__cortex_m.a(thread.c.obj)
                0x000000000000710a                arch_irq_unlock_outlined
 .text.arch_cpu_idle
                0x0000000000007118       0x1a zephyr/arch/arch/arm/core/cortex_m/libarch__arm__core__cortex_m.a(cpu_idle.c.obj)
                0x0000000000007118                arch_cpu_idle
 .text.arch_cpu_atomic_idle
                0x0000000000007132       0x1e zephyr/arch/arch/arm/core/cortex_m/libarch__arm__core__cortex_m.a(cpu_idle.c.obj)
                0x0000000000007132                arch_cpu_atomic_idle
 .text.size_to_mpu_rasr_size
                0x0000000000007150       0x20 zephyr/arch/arch/arm/core/mpu/libarch__arm__core__mpu.a(arm_mpu.c.obj)
 .text.cbputc   0x0000000000007170        0xc zephyr/lib/libc/picolibc/liblib__libc__picolibc.a(libc-hooks.c.obj)
 .text.picolibc_put
                0x000000000000717c        0xa zephyr/lib/libc/picolibc/liblib__libc__picolibc.a(libc-hooks.c.obj)
 .text.get_status
                0x0000000000007186       0x12 zephyr/drivers/clock_control/libdrivers__clock_control.a(clock_control_nrf.c.obj)
 .text.stop     0x0000000000007198       0x50 zephyr/drivers/clock_control/libdrivers__clock_control.a(clock_control_nrf.c.obj)
 .text.api_stop
                0x00000000000071e8        0x6 zephyr/drivers/clock_control/libdrivers__clock_control.a(clock_control_nrf.c.obj)
 .text.async_start
                0x00000000000071ee       0x5a zephyr/drivers/clock_control/libdrivers__clock_control.a(clock_control_nrf.c.obj)
 .text.api_start
                0x0000000000007248        0xe zephyr/drivers/clock_control/libdrivers__clock_control.a(clock_control_nrf.c.obj)
 .text.onoff_started_callback
                0x0000000000007256       0x12 zephyr/drivers/clock_control/libdrivers__clock_control.a(clock_control_nrf.c.obj)
 .text.lfclk_start
                0x0000000000007268        0x6 zephyr/drivers/clock_control/libdrivers__clock_control.a(clock_control_nrf.c.obj)
 .text.lfclk_stop
                0x000000000000726e        0x6 zephyr/drivers/clock_control/libdrivers__clock_control.a(clock_control_nrf.c.obj)
 .text.blocking_start_callback
                0x0000000000007274        0x6 zephyr/drivers/clock_control/libdrivers__clock_control.a(clock_control_nrf.c.obj)
 .text.gpio_nrfx_port_get_raw
                0x000000000000727a        0xe zephyr/drivers/gpio/libdrivers__gpio.a(gpio_nrfx.c.obj)
 .text.gpio_nrfx_port_set_masked_raw
                0x0000000000007288       0x18 zephyr/drivers/gpio/libdrivers__gpio.a(gpio_nrfx.c.obj)
 .text.gpio_nrfx_port_set_bits_raw
                0x00000000000072a0        0xc zephyr/drivers/gpio/libdrivers__gpio.a(gpio_nrfx.c.obj)
 .text.gpio_nrfx_port_clear_bits_raw
                0x00000000000072ac        0xc zephyr/drivers/gpio/libdrivers__gpio.a(gpio_nrfx.c.obj)
 .text.gpio_nrfx_port_toggle_bits
                0x00000000000072b8       0x1a zephyr/drivers/gpio/libdrivers__gpio.a(gpio_nrfx.c.obj)
 .text.gpio_nrfx_manage_callback
                0x00000000000072d2       0x52 zephyr/drivers/gpio/libdrivers__gpio.a(gpio_nrfx.c.obj)
 .text.twi_0_init
                0x0000000000007324       0x40 zephyr/drivers/i2c/libdrivers__i2c.a(i2c_nrfx_twi.c.obj)
 .text.pinctrl_lookup_state
                0x0000000000007364       0x26 zephyr/drivers/pinctrl/libdrivers__pinctrl.a(common.c.obj)
                0x0000000000007364                pinctrl_lookup_state
 .text.uarte_nrfx_err_check
                0x000000000000738a        0xe zephyr/drivers/serial/libdrivers__serial.a(uart_nrfx_uarte.c.obj)
 .text.uarte_nrfx_poll_in
                0x0000000000007398       0x28 zephyr/drivers/serial/libdrivers__serial.a(uart_nrfx_uarte.c.obj)
 .text.is_tx_ready.isra.0
                0x00000000000073c0       0x20 zephyr/drivers/serial/libdrivers__serial.a(uart_nrfx_uarte.c.obj)
 .text.uarte_nrfx_isr_int
                0x00000000000073e0       0x6e zephyr/drivers/serial/libdrivers__serial.a(uart_nrfx_uarte.c.obj)
 .text.event_clear
                0x000000000000744e       0x18 zephyr/drivers/timer/libdrivers__timer.a(nrf_rtc_timer.c.obj)
 .text.sys_clock_cycle_get_32
                0x0000000000007466        0x8 zephyr/drivers/timer/libdrivers__timer.a(nrf_rtc_timer.c.obj)
                0x0000000000007466                sys_clock_cycle_get_32
 .text.hw_cc3xx_init_internal
                0x000000000000746e        0x4 modules/nrf/drivers/hw_cc3xx/lib..__nrf__drivers__hw_cc3xx.a(hw_cc3xx.c.obj)
 .text.hw_cc3xx_init
                0x0000000000007472       0x12 modules/nrf/drivers/hw_cc3xx/lib..__nrf__drivers__hw_cc3xx.a(hw_cc3xx.c.obj)
 .text.nrfx_isr
                0x0000000000007484        0x2 modules/hal_nordic/nrfx/libmodules__hal_nordic__nrfx.a(nrfx_glue.c.obj)
                0x0000000000007484                nrfx_isr
 .text.nrfx_busy_wait
                0x0000000000007486        0x4 modules/hal_nordic/nrfx/libmodules__hal_nordic__nrfx.a(nrfx_glue.c.obj)
                0x0000000000007486                nrfx_busy_wait
 .text.nrfx_gppi_channel_endpoints_setup
                0x000000000000748a       0x14 modules/hal_nordic/nrfx/libmodules__hal_nordic__nrfx.a(nrfx_gppi_ppi.c.obj)
                0x000000000000748a                nrfx_gppi_channel_endpoints_setup
 .text.nrfx_clock_stop
                0x000000000000749e        0x4 modules/hal_nordic/nrfx/libmodules__hal_nordic__nrfx.a(nrfx_clock.c.obj)
                0x000000000000749e                nrfx_clock_stop
 .text.nrf_gpio_reconfigure
                0x00000000000074a2       0x92 modules/hal_nordic/nrfx/libmodules__hal_nordic__nrfx.a(nrfx_gpiote.c.obj)
 .text.nrf_gpio_cfg_sense_set
                0x0000000000007534       0x1e modules/hal_nordic/nrfx/libmodules__hal_nordic__nrfx.a(nrfx_gpiote.c.obj)
 .text.pin_trigger_disable
                0x0000000000007552       0x48 modules/hal_nordic/nrfx/libmodules__hal_nordic__nrfx.a(nrfx_gpiote.c.obj)
 .text.nrfx_gpiote_pin_uninit
                0x000000000000759a        0x4 modules/hal_nordic/nrfx/libmodules__hal_nordic__nrfx.a(nrfx_gpiote.c.obj)
                0x000000000000759a                nrfx_gpiote_pin_uninit
 .text.nrfx_gpiote_trigger_disable
                0x000000000000759e        0x4 modules/hal_nordic/nrfx/libmodules__hal_nordic__nrfx.a(nrfx_gpiote.c.obj)
                0x000000000000759e                nrfx_gpiote_trigger_disable
 .text.twi_transfer
                0x00000000000075a2      0x130 modules/hal_nordic/nrfx/libmodules__hal_nordic__nrfx.a(nrfx_twi.c.obj)
 .text.nrf_gpio_pin_set
                0x00000000000076d2       0x1a modules/hal_nordic/nrfx/libmodules__hal_nordic__nrfx.a(nrfx_twi_twim.c.obj)
 .text.SEGGER_RTT_Read
                0x00000000000076ec       0x20 modules/segger/libmodules__segger.a(SEGGER_RTT.c.obj)
                0x00000000000076ec                SEGGER_RTT_Read
 .text.SEGGER_RTT_Init
                0x000000000000770c        0x4 modules/segger/libmodules__segger.a(SEGGER_RTT.c.obj)
                0x000000000000770c                SEGGER_RTT_Init
 .text.rtt_init
                0x0000000000007710        0xa modules/segger/libmodules__segger.a(SEGGER_RTT_zephyr.c.obj)
 .text.z_impl_k_busy_wait
                0x000000000000771a        0x8 zephyr/kernel/libkernel.a(busy_wait.c.obj)
                0x000000000000771a                z_impl_k_busy_wait
 .text.z_device_state_init
                0x0000000000007722        0x2 zephyr/kernel/libkernel.a(device.c.obj)
                0x0000000000007722                z_device_state_init
 .text.z_device_is_ready
                0x0000000000007724       0x16 zephyr/kernel/libkernel.a(device.c.obj)
                0x0000000000007724                z_device_is_ready
 .text.arch_system_halt
                0x000000000000773a       0x10 zephyr/kernel/libkernel.a(fatal.c.obj)
                0x000000000000773a                arch_system_halt
 .text.do_device_init
                0x000000000000774a       0x30 zephyr/kernel/libkernel.a(init.c.obj)
 .text.z_early_memset
                0x000000000000777a        0x4 zephyr/kernel/libkernel.a(init.c.obj)
                0x000000000000777a                z_early_memset
 .text.z_early_memcpy
                0x000000000000777e        0x4 zephyr/kernel/libkernel.a(init.c.obj)
                0x000000000000777e                z_early_memcpy
 .text.create_free_list
                0x0000000000007782       0x2c zephyr/kernel/libkernel.a(mem_slab.c.obj)
 .text.k_mem_slab_init
                0x00000000000077ae       0x1c zephyr/kernel/libkernel.a(mem_slab.c.obj)
                0x00000000000077ae                k_mem_slab_init
 .text.k_mem_slab_free
                0x00000000000077ca       0x4a zephyr/kernel/libkernel.a(mem_slab.c.obj)
                0x00000000000077ca                k_mem_slab_free
 .text.idle     0x0000000000007814       0x16 zephyr/kernel/libkernel.a(idle.c.obj)
                0x0000000000007814                idle
 .text.adjust_owner_prio.isra.0
                0x000000000000782a       0x10 zephyr/kernel/libkernel.a(mutex.c.obj)
 .text.z_impl_k_mutex_init
                0x000000000000783a        0xe zephyr/kernel/libkernel.a(mutex.c.obj)
                0x000000000000783a                z_impl_k_mutex_init
 .text.z_impl_k_sem_init
                0x0000000000007848       0x18 zephyr/kernel/libkernel.a(sem.c.obj)
                0x0000000000007848                z_impl_k_sem_init
 .text.k_is_in_isr
                0x0000000000007860        0xc zephyr/kernel/libkernel.a(thread.c.obj)
                0x0000000000007860                k_is_in_isr
 .text.z_impl_k_thread_name_set
                0x000000000000786c        0x6 zephyr/kernel/libkernel.a(thread.c.obj)
                0x000000000000786c                z_impl_k_thread_name_set
 .text.k_thread_name_get
                0x0000000000007872        0x4 zephyr/kernel/libkernel.a(thread.c.obj)
                0x0000000000007872                k_thread_name_get
 .text.z_impl_k_thread_start
                0x0000000000007876        0x4 zephyr/kernel/libkernel.a(thread.c.obj)
                0x0000000000007876                z_impl_k_thread_start
 .text.sys_dlist_remove
                0x000000000000787a       0x10 zephyr/kernel/libkernel.a(sched.c.obj)
 .text.unpend_thread_no_timeout
                0x000000000000788a       0x14 zephyr/kernel/libkernel.a(sched.c.obj)
 .text.add_to_waitq_locked
                0x000000000000789e       0x50 zephyr/kernel/libkernel.a(sched.c.obj)
 .text.z_ready_thread
                0x00000000000078ee       0x1e zephyr/kernel/libkernel.a(sched.c.obj)
                0x00000000000078ee                z_ready_thread
 .text.z_impl_k_thread_suspend
                0x000000000000790c       0x34 zephyr/kernel/libkernel.a(sched.c.obj)
                0x000000000000790c                z_impl_k_thread_suspend
 .text.z_unpend_thread_no_timeout
                0x0000000000007940       0x22 zephyr/kernel/libkernel.a(sched.c.obj)
                0x0000000000007940                z_unpend_thread_no_timeout
 .text.z_sched_wake_thread
                0x0000000000007962       0x42 zephyr/kernel/libkernel.a(sched.c.obj)
                0x0000000000007962                z_sched_wake_thread
 .text.z_thread_timeout
                0x00000000000079a4        0x8 zephyr/kernel/libkernel.a(sched.c.obj)
                0x00000000000079a4                z_thread_timeout
 .text.z_unpend1_no_timeout
                0x00000000000079ac       0x2c zephyr/kernel/libkernel.a(sched.c.obj)
                0x00000000000079ac                z_unpend1_no_timeout
 .text.z_unpend_first_thread
                0x00000000000079d8       0x36 zephyr/kernel/libkernel.a(sched.c.obj)
                0x00000000000079d8                z_unpend_first_thread
 .text.z_thread_abort
                0x0000000000007a0e       0x44 zephyr/kernel/libkernel.a(sched.c.obj)
                0x0000000000007a0e                z_thread_abort
 .text.z_abort_timeout
                0x0000000000007a52       0x2a zephyr/kernel/libkernel.a(timeout.c.obj)
                0x0000000000007a52                z_abort_timeout
 .text.sys_clock_tick_get_32
                0x0000000000007a7c        0x8 zephyr/kernel/libkernel.a(timeout.c.obj)
                0x0000000000007a7c                sys_clock_tick_get_32
 .text.z_impl_k_uptime_ticks
                0x0000000000007a84        0x4 zephyr/kernel/libkernel.a(timeout.c.obj)
                0x0000000000007a84                z_impl_k_uptime_ticks
 .text.k_timer_init
                0x0000000000007a88       0x18 zephyr/kernel/libkernel.a(timer.c.obj)
                0x0000000000007a88                k_timer_init
 .text.z_impl_k_timer_stop
                0x0000000000007aa0       0x38 zephyr/kernel/libkernel.a(timer.c.obj)
                0x0000000000007aa0                z_impl_k_timer_stop
 .text.strnlen  0x0000000000007ad8       0x18 c:\ncs\toolchains\ce3b5ff664\opt\zephyr-sdk\arm-zephyr-eabi\bin\../lib/gcc/../../picolibc/arm-zephyr-eabi/lib/thumb/v7e-m/nofp\libc.a(libc_string_strnlen.c.o)
                0x0000000000007ad8                strnlen
 .text.__ultoa_invert
                0x0000000000007af0       0xae c:\ncs\toolchains\ce3b5ff664\opt\zephyr-sdk\arm-zephyr-eabi\bin\../lib/gcc/../../picolibc/arm-zephyr-eabi/lib/thumb/v7e-m/nofp\libc.a(libc_tinystdio_vflprintf.c.o)
 .text.memcpy   0x0000000000007b9e       0x1c c:\ncs\toolchains\ce3b5ff664\opt\zephyr-sdk\arm-zephyr-eabi\bin\../lib/gcc/../../picolibc/arm-zephyr-eabi/lib/thumb/v7e-m/nofp\libc.a(memcpy.c.o)
                0x0000000000007b9e                __aeabi_memcpy
                0x0000000000007b9e                __aeabi_memcpy4
                0x0000000000007b9e                __aeabi_memcpy8
                0x0000000000007b9e                memcpy
 .text.memset   0x0000000000007bba       0x10 c:\ncs\toolchains\ce3b5ff664\opt\zephyr-sdk\arm-zephyr-eabi\bin\../lib/gcc/../../picolibc/arm-zephyr-eabi/lib/thumb/v7e-m/nofp\libc.a(memset.c.o)
                0x0000000000007bba                memset
 .text.__file_str_put
                0x0000000000007bca       0x10 c:\ncs\toolchains\ce3b5ff664\opt\zephyr-sdk\arm-zephyr-eabi\bin\../lib/gcc/../../picolibc/arm-zephyr-eabi/lib/thumb/v7e-m/nofp\libc.a(libc_tinystdio_filestrput.c.o)
                0x0000000000007bca                __file_str_put
 *(SORT_BY_ALIGNMENT(.TEXT.*))
 *fill*         0x0000000000007bda        0x2 
 .TEXT.__aeabi_read_tp
                0x0000000000007bdc        0xc zephyr/arch/arch/arm/core/cortex_m/libarch__arm__core__cortex_m.a(__aeabi_read_tp.S.obj)
                0x0000000000007bdc                __aeabi_read_tp
 *(SORT_BY_ALIGNMENT(.gnu.linkonce.t.*))
 *(SORT_BY_ALIGNMENT(.glue_7t))
 .glue_7t       0x0000000000007be8        0x0 linker stubs
 *(SORT_BY_ALIGNMENT(.glue_7))
 .glue_7        0x0000000000007be8        0x0 linker stubs
 *(SORT_BY_ALIGNMENT(.vfp11_veneer))
 .vfp11_veneer  0x0000000000007be8        0x0 linker stubs
 *(SORT_BY_ALIGNMENT(.v4_bx))
 .v4_bx         0x0000000000007be8        0x0 linker stubs
                0x0000000000007be8                . = ALIGN (0x4)
                0x0000000000007be8                __text_region_end = .

.ARM.exidx      0x0000000000007be8        0x8
                0x0000000000007be8                __exidx_start = .
 *(SORT_BY_ALIGNMENT(.ARM.exidx*) SORT_BY_ALIGNMENT(gnu.linkonce.armexidx.*))
 .ARM.exidx     0x0000000000007be8        0x8 c:\ncs\toolchains\ce3b5ff664\opt\zephyr-sdk\arm-zephyr-eabi\bin\../lib/gcc/../../picolibc/arm-zephyr-eabi/lib/thumb/v7e-m/nofp\libc.a(strlen.S.o)
                0x0000000000007bf0                __exidx_end = .
                0x0000000000007bf0                __rodata_region_start = .

initlevel       0x0000000000007bf0       0x70
                0x0000000000007bf0                __init_start = .
                0x0000000000007bf0                __init_EARLY_start = .
 *(SORT_BY_NAME(SORT_BY_ALIGNMENT(.z_init_EARLY?_*)))
 *(SORT_BY_NAME(SORT_BY_ALIGNMENT(.z_init_EARLY??_*)))
                0x0000000000007bf0                __init_PRE_KERNEL_1_start = .
 *(SORT_BY_NAME(SORT_BY_ALIGNMENT(.z_init_PRE_KERNEL_1?_*)))
 .z_init_PRE_KERNEL_10_0_
                0x0000000000007bf0        0x8 zephyr/soc/soc/nrf52840/libsoc__nordic.a(soc.c.obj)
 *(SORT_BY_NAME(SORT_BY_ALIGNMENT(.z_init_PRE_KERNEL_1??_*)))
 .z_init_PRE_KERNEL_130_00075_
                0x0000000000007bf8        0x8 zephyr/drivers/clock_control/libdrivers__clock_control.a(clock_control_nrf.c.obj)
 .z_init_PRE_KERNEL_130_0_
                0x0000000000007c00        0x8 modules/segger/libmodules__segger.a(SEGGER_RTT_zephyr.c.obj)
 .z_init_PRE_KERNEL_130_0_
                0x0000000000007c08        0x8 zephyr/kernel/libkernel.a(mem_slab.c.obj)
 .z_init_PRE_KERNEL_140_00011_
                0x0000000000007c10        0x8 zephyr/drivers/gpio/libdrivers__gpio.a(gpio_nrfx.c.obj)
 .z_init_PRE_KERNEL_140_00104_
                0x0000000000007c18        0x8 zephyr/drivers/gpio/libdrivers__gpio.a(gpio_nrfx.c.obj)
 .z_init_PRE_KERNEL_140_0_
                0x0000000000007c20        0x8 modules/nrf/drivers/hw_cc3xx/lib..__nrf__drivers__hw_cc3xx.a(hw_cc3xx.c.obj)
 .z_init_PRE_KERNEL_150_00112_
                0x0000000000007c28        0x8 zephyr/drivers/serial/libdrivers__serial.a(uart_nrfx_uarte.c.obj)
 .z_init_PRE_KERNEL_160_0_
                0x0000000000007c30        0x8 zephyr/drivers/console/libdrivers__console.a(uart_console.c.obj)
                0x0000000000007c38                __init_PRE_KERNEL_2_start = .
 *(SORT_BY_NAME(SORT_BY_ALIGNMENT(.z_init_PRE_KERNEL_2?_*)))
 .z_init_PRE_KERNEL_20_0_
                0x0000000000007c38        0x8 zephyr/drivers/timer/libdrivers__timer.a(nrf_rtc_timer.c.obj)
 *(SORT_BY_NAME(SORT_BY_ALIGNMENT(.z_init_PRE_KERNEL_2??_*)))
                0x0000000000007c40                __init_POST_KERNEL_start = .
 *(SORT_BY_NAME(SORT_BY_ALIGNMENT(.z_init_POST_KERNEL?_*)))
 .z_init_POST_KERNEL0_0_
                0x0000000000007c40        0x8 zephyr/libzephyr.a(log_core.c.obj)
 *(SORT_BY_NAME(SORT_BY_ALIGNMENT(.z_init_POST_KERNEL??_*)))
 .z_init_POST_KERNEL40_0_
                0x0000000000007c48        0x8 zephyr/lib/libc/common/liblib__libc__common.a(malloc.c.obj)
 .z_init_POST_KERNEL40_0_
                0x0000000000007c50        0x8 modules/nrf/drivers/hw_cc3xx/lib..__nrf__drivers__hw_cc3xx.a(hw_cc3xx.c.obj)
 .z_init_POST_KERNEL50_00124_
                0x0000000000007c58        0x8 zephyr/drivers/i2c/libdrivers__i2c.a(i2c_nrfx_twi.c.obj)
                0x0000000000007c60                __init_APPLICATION_start = .
 *(SORT_BY_NAME(SORT_BY_ALIGNMENT(.z_init_APPLICATION?_*)))
 *(SORT_BY_NAME(SORT_BY_ALIGNMENT(.z_init_APPLICATION??_*)))
                0x0000000000007c60                __init_SMP_start = .
 *(SORT_BY_NAME(SORT_BY_ALIGNMENT(.z_init_SMP?_*)))
 *(SORT_BY_NAME(SORT_BY_ALIGNMENT(.z_init_SMP??_*)))
                0x0000000000007c60                __init_end = .
                0x0000000000007c60                __deferred_init_list_start = .
 *(SORT_BY_ALIGNMENT(.z_deferred_init))
                0x0000000000007c60                __deferred_init_list_end = .

device_area     0x0000000000007c60       0x64
                0x0000000000007c60                _device_list_start = .
 *(SORT_BY_NAME(SORT_BY_ALIGNMENT(._device.static.*_?_*)))
 *(SORT_BY_NAME(SORT_BY_ALIGNMENT(._device.static.*_??_*)))
 ._device.static.1_30_
                0x0000000000007c60       0x14 zephyr/drivers/clock_control/libdrivers__clock_control.a(clock_control_nrf.c.obj)
                0x0000000000007c60                __device_dts_ord_75
 ._device.static.1_40_
                0x0000000000007c74       0x28 zephyr/drivers/gpio/libdrivers__gpio.a(gpio_nrfx.c.obj)
                0x0000000000007c74                __device_dts_ord_104
                0x0000000000007c88                __device_dts_ord_11
 ._device.static.1_50_
                0x0000000000007c9c       0x14 zephyr/drivers/serial/libdrivers__serial.a(uart_nrfx_uarte.c.obj)
                0x0000000000007c9c                __device_dts_ord_112
 ._device.static.3_50_
                0x0000000000007cb0       0x14 zephyr/drivers/i2c/libdrivers__i2c.a(i2c_nrfx_twi.c.obj)
                0x0000000000007cb0                __device_dts_ord_124
                0x0000000000007cc4                _device_list_end = .

sw_isr_table    0x0000000000007cc4      0x180
                0x0000000000007cc4                . = ALIGN (0x4)
 *(SORT_BY_ALIGNMENT(.gnu.linkonce.sw_isr_table*))
 .gnu.linkonce.sw_isr_table
                0x0000000000007cc4      0x180 zephyr/CMakeFiles/zephyr_final.dir/isr_tables.c.obj
                0x0000000000007cc4                _sw_isr_table

initlevel_error
                0x0000000000007bf0        0x0
 *(SORT_BY_NAME(SORT_BY_ALIGNMENT(.z_init_[_A-Z0-9]*)))
                0x0000000000000001                ASSERT ((SIZEOF (initlevel_error) == 0x0), Undefined initialization levels used.)

app_shmem_regions
                0x0000000000007e44        0x0
                0x0000000000007e44                __app_shmem_regions_start = .
 *(SORT_BY_NAME(SORT_BY_ALIGNMENT(.app_regions.*)))
                0x0000000000007e44                __app_shmem_regions_end = .

k_p4wq_initparam_area
                0x0000000000007e44        0x0
                0x0000000000007e44                _k_p4wq_initparam_list_start = .
 *(SORT_BY_NAME(SORT_BY_ALIGNMENT(._k_p4wq_initparam.static.*)))
                0x0000000000007e44                _k_p4wq_initparam_list_end = .

_static_thread_data_area
                0x0000000000007e44        0x0
                0x0000000000007e44                __static_thread_data_list_start = .
 *(SORT_BY_NAME(SORT_BY_ALIGNMENT(.__static_thread_data.static.*)))
                0x0000000000007e44                __static_thread_data_list_end = .

device_deps     0x0000000000007e44        0x0
                0x0000000000007e44                __device_deps_start = .
 *(SORT_BY_NAME(SORT_BY_ALIGNMENT(.__device_deps_pass2*)))
                0x0000000000007e44                __device_deps_end = .

ztest           0x0000000000007e44        0x0
                0x0000000000007e44                _ztest_expected_result_entry_list_start = .
 *(SORT_BY_NAME(SORT_BY_ALIGNMENT(._ztest_expected_result_entry.static.*)))
                0x0000000000007e44                _ztest_expected_result_entry_list_end = .
                0x0000000000007e44                _ztest_suite_node_list_start = .
 *(SORT_BY_NAME(SORT_BY_ALIGNMENT(._ztest_suite_node.static.*)))
                0x0000000000007e44                _ztest_suite_node_list_end = .
                0x0000000000007e44                _ztest_unit_test_list_start = .
 *(SORT_BY_NAME(SORT_BY_ALIGNMENT(._ztest_unit_test.static.*)))
                0x0000000000007e44                _ztest_unit_test_list_end = .
                0x0000000000007e44                _ztest_test_rule_list_start = .
 *(SORT_BY_NAME(SORT_BY_ALIGNMENT(._ztest_test_rule.static.*)))
                0x0000000000007e44                _ztest_test_rule_list_end = .

bt_l2cap_fixed_chan_area
                0x0000000000007e44        0x0
                0x0000000000007e44                _bt_l2cap_fixed_chan_list_start = .
 *(SORT_BY_NAME(SORT_BY_ALIGNMENT(._bt_l2cap_fixed_chan.static.*)))
                0x0000000000007e44                _bt_l2cap_fixed_chan_list_end = .

bt_gatt_service_static_area
                0x0000000000007e44        0x0
                0x0000000000007e44                _bt_gatt_service_static_list_start = .
 *(SORT_BY_NAME(SORT_BY_ALIGNMENT(._bt_gatt_service_static.static.*)))
                0x0000000000007e44                _bt_gatt_service_static_list_end = .

log_strings_area
                0x0000000000007e44        0x0
                0x0000000000007e44                _log_strings_list_start = .
 *(SORT_BY_NAME(SORT_BY_ALIGNMENT(._log_strings.static.*)))
                0x0000000000007e44                _log_strings_list_end = .

log_const_area  0x0000000000007e44       0x60
                0x0000000000007e44                _log_const_list_start = .
 *(SORT_BY_NAME(SORT_BY_ALIGNMENT(._log_const.static.*)))
 ._log_const.static.log_const_cbprintf_package_
                0x0000000000007e44        0x8 zephyr/libzephyr.a(cbprintf_packaged.c.obj)
                0x0000000000007e44                log_const_cbprintf_package
 ._log_const.static.log_const_clock_control_
                0x0000000000007e4c        0x8 zephyr/drivers/clock_control/libdrivers__clock_control.a(clock_control_nrf.c.obj)
                0x0000000000007e4c                log_const_clock_control
 ._log_const.static.log_const_i2c_
                0x0000000000007e54        0x8 zephyr/drivers/i2c/libdrivers__i2c.a(i2c_common.c.obj)
                0x0000000000007e54                log_const_i2c
 ._log_const.static.log_const_i2c_master_
                0x0000000000007e5c        0x8 app/libapp.a(main.c.obj)
                0x0000000000007e5c                log_const_i2c_master
 ._log_const.static.log_const_i2c_nrfx_twi_
                0x0000000000007e64        0x8 zephyr/drivers/i2c/libdrivers__i2c.a(i2c_nrfx_twi.c.obj)
                0x0000000000007e64                log_const_i2c_nrfx_twi
 ._log_const.static.log_const_log_
                0x0000000000007e6c        0x8 zephyr/libzephyr.a(log_core.c.obj)
                0x0000000000007e6c                log_const_log
 ._log_const.static.log_const_log_mgmt_
                0x0000000000007e74        0x8 zephyr/libzephyr.a(log_mgmt.c.obj)
                0x0000000000007e74                log_const_log_mgmt
 ._log_const.static.log_const_log_uart_
                0x0000000000007e7c        0x8 zephyr/libzephyr.a(log_backend_uart.c.obj)
                0x0000000000007e7c                log_const_log_uart
 ._log_const.static.log_const_mpu_
                0x0000000000007e84        0x8 zephyr/arch/arch/arm/core/mpu/libarch__arm__core__mpu.a(arm_core_mpu.c.obj)
                0x0000000000007e84                log_const_mpu
 ._log_const.static.log_const_os_
                0x0000000000007e8c        0x8 zephyr/kernel/libkernel.a(init.c.obj)
                0x0000000000007e8c                log_const_os
 ._log_const.static.log_const_soc_
                0x0000000000007e94        0x8 zephyr/soc/soc/nrf52840/libsoc__nordic.a(soc.c.obj)
                0x0000000000007e94                log_const_soc
 ._log_const.static.log_const_uart_nrfx_uarte_
                0x0000000000007e9c        0x8 zephyr/drivers/serial/libdrivers__serial.a(uart_nrfx_uarte.c.obj)
                0x0000000000007e9c                log_const_uart_nrfx_uarte
                0x0000000000007ea4                _log_const_list_end = .

log_backend_area
                0x0000000000007ea4       0x20
                0x0000000000007ea4                _log_backend_list_start = .
 *(SORT_BY_NAME(SORT_BY_ALIGNMENT(._log_backend.static.*)))
 ._log_backend.static.log_backend_rtt_
                0x0000000000007ea4       0x10 zephyr/libzephyr.a(log_backend_rtt.c.obj)
 ._log_backend.static.log_backend_uart_
                0x0000000000007eb4       0x10 zephyr/libzephyr.a(log_backend_uart.c.obj)
                0x0000000000007ec4                _log_backend_list_end = .

log_link_area   0x0000000000007ec4        0x0
                0x0000000000007ec4                _log_link_list_start = .
 *(SORT_BY_NAME(SORT_BY_ALIGNMENT(._log_link.static.*)))
                0x0000000000007ec4                _log_link_list_end = .

tracing_backend_area
                0x0000000000007ec4        0x0
                0x0000000000007ec4                _tracing_backend_list_start = .
 *(SORT_BY_NAME(SORT_BY_ALIGNMENT(._tracing_backend.static.*)))
                0x0000000000007ec4                _tracing_backend_list_end = .

zephyr_dbg_info
 *(SORT_BY_ALIGNMENT(.dbg_thread_info))

symbol_to_keep  0x0000000000007ec4        0x0
                0x0000000000007ec4                __symbol_to_keep_start = .
 *(SORT_BY_NAME(SORT_BY_ALIGNMENT(.symbol_to_keep*)))
                0x0000000000007ec4                __symbol_to_keep_end = .

shell_area      0x0000000000007ec4        0x0
                0x0000000000007ec4                _shell_list_start = .
 *(SORT_BY_NAME(SORT_BY_ALIGNMENT(._shell.static.*)))
                0x0000000000007ec4                _shell_list_end = .

shell_root_cmds_area
                0x0000000000007ec4        0x0
                0x0000000000007ec4                _shell_root_cmds_list_start = .
 *(SORT_BY_NAME(SORT_BY_ALIGNMENT(._shell_root_cmds.static.*)))
                0x0000000000007ec4                _shell_root_cmds_list_end = .

shell_subcmds_area
                0x0000000000007ec4        0x0
                0x0000000000007ec4                _shell_subcmds_list_start = .
 *(SORT_BY_NAME(SORT_BY_ALIGNMENT(._shell_subcmds.static.*)))
                0x0000000000007ec4                _shell_subcmds_list_end = .

shell_dynamic_subcmds_area
                0x0000000000007ec4        0x0
                0x0000000000007ec4                _shell_dynamic_subcmds_list_start = .
 *(SORT_BY_NAME(SORT_BY_ALIGNMENT(._shell_dynamic_subcmds.static.*)))
                0x0000000000007ec4                _shell_dynamic_subcmds_list_end = .

cfb_font_area   0x0000000000007ec4        0x0
                0x0000000000007ec4                _cfb_font_list_start = .
 *(SORT_BY_NAME(SORT_BY_ALIGNMENT(._cfb_font.static.*)))
                0x0000000000007ec4                _cfb_font_list_end = .

tdata           0x0000000000007ec4        0x0
 *(SORT_BY_ALIGNMENT(.tdata) SORT_BY_ALIGNMENT(.tdata.*) SORT_BY_ALIGNMENT(.gnu.linkonce.td.*))

tbss            0x0000000000007ec4        0x4
 *(SORT_BY_ALIGNMENT(.tbss) SORT_BY_ALIGNMENT(.tbss.*) SORT_BY_ALIGNMENT(.gnu.linkonce.tb.*) SORT_BY_ALIGNMENT(.tcommon))
 .tbss.z_tls_current
                0x0000000000007ec4        0x4 zephyr/libzephyr.a(thread_entry.c.obj)
                0x0000000000007ec4                z_tls_current
                0x0000000000007ec4                PROVIDE (__tdata_start = LOADADDR (tdata))
                0x0000000000000001                PROVIDE (__tdata_align = ALIGNOF (tdata))
                0x0000000000000000                PROVIDE (__tdata_size = (((SIZEOF (tdata) + __tdata_align) - 0x1) & ~ ((__tdata_align - 0x1))))
                [!provide]                        PROVIDE (__tdata_end = (__tdata_start + __tdata_size))
                0x0000000000000004                PROVIDE (__tbss_align = ALIGNOF (tbss))
                [!provide]                        PROVIDE (__tbss_start = ADDR (tbss))
                0x0000000000000004                PROVIDE (__tbss_size = (((SIZEOF (tbss) + __tbss_align) - 0x1) & ~ ((__tbss_align - 0x1))))
                [!provide]                        PROVIDE (__tbss_end = (__tbss_start + __tbss_size))
                [!provide]                        PROVIDE (__tls_start = __tdata_start)
                [!provide]                        PROVIDE (__tls_end = __tbss_end)
                [!provide]                        PROVIDE (__tls_size = (__tbss_end - __tdata_start))

rodata          0x0000000000007ed0      0xc30
 *(SORT_BY_ALIGNMENT(.rodata))
 *(SORT_BY_ALIGNMENT(.rodata.*))
 .rodata.delay_machine_code.0
                0x0000000000007ed0        0x6 zephyr/soc/soc/nrf52840/libsoc__nordic.a(soc.c.obj)
 *fill*         0x0000000000007ed6        0x2 
 .rodata.mpsc_config
                0x0000000000007ed8       0x14 zephyr/libzephyr.a(log_core.c.obj)
 .rodata.format_table
                0x0000000000007eec       0x10 zephyr/libzephyr.a(log_core.c.obj)
 .rodata.colors
                0x0000000000007efc       0x14 zephyr/libzephyr.a(log_output.c.obj)
 .rodata.severity
                0x0000000000007f10       0x14 zephyr/libzephyr.a(log_output.c.obj)
 .rodata.log_backend_rtt_api
                0x0000000000007f24       0x1c zephyr/libzephyr.a(log_backend_rtt.c.obj)
                0x0000000000007f24                log_backend_rtt_api
 .rodata.log_output_rtt
                0x0000000000007f40       0x10 zephyr/libzephyr.a(log_backend_rtt.c.obj)
 .rodata.lbu_cb_ctx
                0x0000000000007f50        0x8 zephyr/libzephyr.a(log_backend_uart.c.obj)
 .rodata.lbu_output
                0x0000000000007f58       0x10 zephyr/libzephyr.a(log_backend_uart.c.obj)
 .rodata.log_backend_uart_api
                0x0000000000007f68       0x1c zephyr/libzephyr.a(log_backend_uart.c.obj)
                0x0000000000007f68                log_backend_uart_api
 .rodata.mem_attr_region
                0x0000000000007f84        0x0 zephyr/libzephyr.a(mem_attr.c.obj)
 .rodata.apis   0x0000000000007f84        0x8 zephyr/libzephyr.a(nrf_cc3xx_platform_abort_zephyr.c.obj)
 .rodata.mutexes
                0x0000000000007f8c       0x14 zephyr/libzephyr.a(nrf_cc3xx_platform_mutex_zephyr.c.obj)
 .rodata.mutex_apis
                0x0000000000007fa0       0x10 zephyr/libzephyr.a(nrf_cc3xx_platform_mutex_zephyr.c.obj)
 .rodata.static_regions
                0x0000000000007fb0        0xc zephyr/arch/arch/arm/core/mpu/libarch__arm__core__mpu.a(arm_core_mpu.c.obj)
 .rodata.mpu_config
                0x0000000000007fbc        0x8 zephyr/arch/arch/arm/core/mpu/libarch__arm__core__mpu.a(arm_mpu_regions.c.obj)
                0x0000000000007fbc                mpu_config
 .rodata.mpu_regions
                0x0000000000007fc4       0x18 zephyr/arch/arch/arm/core/mpu/libarch__arm__core__mpu.a(arm_mpu_regions.c.obj)
 .rodata.transitions.0
                0x0000000000007fdc        0xc zephyr/drivers/clock_control/libdrivers__clock_control.a(clock_control_nrf.c.obj)
 .rodata.config
                0x0000000000007fe8       0x18 zephyr/drivers/clock_control/libdrivers__clock_control.a(clock_control_nrf.c.obj)
 .rodata.clock_control_api
                0x0000000000008000       0x1c zephyr/drivers/clock_control/libdrivers__clock_control.a(clock_control_nrf.c.obj)
 .rodata.gpio_nrfx_p1_cfg
                0x000000000000801c       0x18 zephyr/drivers/gpio/libdrivers__gpio.a(gpio_nrfx.c.obj)
 .rodata.gpio_nrfx_p0_cfg
                0x0000000000008034       0x18 zephyr/drivers/gpio/libdrivers__gpio.a(gpio_nrfx.c.obj)
 .rodata.gpio_nrfx_drv_api_funcs
                0x000000000000804c       0x24 zephyr/drivers/gpio/libdrivers__gpio.a(gpio_nrfx.c.obj)
 .rodata.twi_0z_config
                0x0000000000008070       0x20 zephyr/drivers/i2c/libdrivers__i2c.a(i2c_nrfx_twi.c.obj)
 .rodata.__pinctrl_dev_config__device_dts_ord_124
                0x0000000000008090        0xc zephyr/drivers/i2c/libdrivers__i2c.a(i2c_nrfx_twi.c.obj)
 .rodata.__pinctrl_states__device_dts_ord_124
                0x000000000000809c        0x8 zephyr/drivers/i2c/libdrivers__i2c.a(i2c_nrfx_twi.c.obj)
 .rodata.__pinctrl_state_pins_0__device_dts_ord_124
                0x00000000000080a4        0x8 zephyr/drivers/i2c/libdrivers__i2c.a(i2c_nrfx_twi.c.obj)
 .rodata.i2c_nrfx_twi_driver_api
                0x00000000000080ac       0x18 zephyr/drivers/i2c/libdrivers__i2c.a(i2c_nrfx_twi.c.obj)
 .rodata.uarte_0z_config
                0x00000000000080c4       0x10 zephyr/drivers/serial/libdrivers__serial.a(uart_nrfx_uarte.c.obj)
 .rodata.__pinctrl_dev_config__device_dts_ord_112
                0x00000000000080d4        0xc zephyr/drivers/serial/libdrivers__serial.a(uart_nrfx_uarte.c.obj)
 .rodata.__pinctrl_states__device_dts_ord_112
                0x00000000000080e0        0x8 zephyr/drivers/serial/libdrivers__serial.a(uart_nrfx_uarte.c.obj)
 .rodata.__pinctrl_state_pins_0__device_dts_ord_112
                0x00000000000080e8       0x10 zephyr/drivers/serial/libdrivers__serial.a(uart_nrfx_uarte.c.obj)
 .rodata.uart_nrfx_uarte_driver_api
                0x00000000000080f8        0xc zephyr/drivers/serial/libdrivers__serial.a(uart_nrfx_uarte.c.obj)
 .rodata.CSWTCH.485
                0x0000000000008104       0x14 zephyr/kernel/libkernel.a(fatal.c.obj)
 .rodata.levels.0
                0x0000000000008118       0x18 zephyr/kernel/libkernel.a(init.c.obj)
 .rodata.CSWTCH.10
                0x0000000000008130       0x1c C:/ncs/v2.7.0/nrfxlib/crypto/nrf_cc310_platform/lib/cortex-m4/soft-float/no-interrupts/libnrf_cc310_platform_0.9.19.a(nrf_cc3xx_platform.c.obj)
 .rodata.mutex_free.str1.4