Archive member included to satisfy reference by file (symbol)

app/libapp.a(main.c.obj)      (--whole-archive)
zephyr/libzephyr.a(heap.c.obj)
                              (--whole-archive)
zephyr/libzephyr.a(cbprintf_packaged.c.obj)
                              (--whole-archive)
zephyr/libzephyr.a(printk.c.obj)
                              (--whole-archive)
zephyr/libzephyr.a(sem.c.obj)
                              (--whole-archive)
zephyr/libzephyr.a(thread_entry.c.obj)
                              (--whole-archive)
zephyr/libzephyr.a(cbprintf_complete.c.obj)
                              (--whole-archive)
zephyr/libzephyr.a(assert.c.obj)
                              (--whole-archive)
zephyr/libzephyr.a(mpsc_pbuf.c.obj)
                              (--whole-archive)
zephyr/libzephyr.a(dec.c.obj)
                              (--whole-archive)
zephyr/libzephyr.a(hex.c.obj)
                              (--whole-archive)
zephyr/libzephyr.a(rb.c.obj)  (--whole-archive)
zephyr/libzephyr.a(timeutil.c.obj)
                              (--whole-archive)
zephyr/libzephyr.a(bitarray.c.obj)
                              (--whole-archive)
zephyr/libzephyr.a(onoff.c.obj)
                              (--whole-archive)
zephyr/libzephyr.a(notify.c.obj)
                              (--whole-archive)
zephyr/libzephyr.a(configs.c.obj)
                              (--whole-archive)
zephyr/libzephyr.a(log_core.c.obj)
                              (--whole-archive)
zephyr/libzephyr.a(log_mgmt.c.obj)
                              (--whole-archive)
zephyr/libzephyr.a(log_cache.c.obj)
                              (--whole-archive)
zephyr/libzephyr.a(log_msg.c.obj)
                              (--whole-archive)
zephyr/libzephyr.a(log_output.c.obj)
                              (--whole-archive)
zephyr/libzephyr.a(log_backend_rtt.c.obj)
                              (--whole-archive)
zephyr/libzephyr.a(log_backend_uart.c.obj)
                              (--whole-archive)
zephyr/libzephyr.a(mem_attr.c.obj)
                              (--whole-archive)
zephyr/libzephyr.a(tracing_none.c.obj)
                              (--whole-archive)
zephyr/libzephyr.a(banner.c.obj)
                              (--whole-archive)
zephyr/arch/common/libarch__common.a(sw_isr_common.c.obj)
                              (--whole-archive)
zephyr/arch/arch/arm/core/libarch__arm__core.a(fatal.c.obj)
                              (--whole-archive)
zephyr/arch/arch/arm/core/libarch__arm__core.a(nmi.c.obj)
                              (--whole-archive)
zephyr/arch/arch/arm/core/libarch__arm__core.a(nmi_on_reset.S.obj)
                              (--whole-archive)
zephyr/arch/arch/arm/core/libarch__arm__core.a(tls.c.obj)
                              (--whole-archive)
zephyr/arch/arch/arm/core/cortex_m/libarch__arm__core__cortex_m.a(exc_exit.c.obj)
                              (--whole-archive)
zephyr/arch/arch/arm/core/cortex_m/libarch__arm__core__cortex_m.a(fault.c.obj)
                              (--whole-archive)
zephyr/arch/arch/arm/core/cortex_m/libarch__arm__core__cortex_m.a(fault_s.S.obj)
                              (--whole-archive)
zephyr/arch/arch/arm/core/cortex_m/libarch__arm__core__cortex_m.a(fpu.c.obj)
                              (--whole-archive)
zephyr/arch/arch/arm/core/cortex_m/libarch__arm__core__cortex_m.a(reset.S.obj)
                              (--whole-archive)
zephyr/arch/arch/arm/core/cortex_m/libarch__arm__core__cortex_m.a(scb.c.obj)
                              (--whole-archive)
zephyr/arch/arch/arm/core/cortex_m/libarch__arm__core__cortex_m.a(thread_abort.c.obj)
                              (--whole-archive)
zephyr/arch/arch/arm/core/cortex_m/libarch__arm__core__cortex_m.a(vector_table.S.obj)
                              (--whole-archive)
zephyr/arch/arch/arm/core/cortex_m/libarch__arm__core__cortex_m.a(swap.c.obj)
                              (--whole-archive)
zephyr/arch/arch/arm/core/cortex_m/libarch__arm__core__cortex_m.a(swap_helper.S.obj)
                              (--whole-archive)
zephyr/arch/arch/arm/core/cortex_m/libarch__arm__core__cortex_m.a(irq_manage.c.obj)
                              (--whole-archive)
zephyr/arch/arch/arm/core/cortex_m/libarch__arm__core__cortex_m.a(prep_c.c.obj)
                              (--whole-archive)
zephyr/arch/arch/arm/core/cortex_m/libarch__arm__core__cortex_m.a(thread.c.obj)
                              (--whole-archive)
zephyr/arch/arch/arm/core/cortex_m/libarch__arm__core__cortex_m.a(cpu_idle.c.obj)
                              (--whole-archive)
zephyr/arch/arch/arm/core/cortex_m/libarch__arm__core__cortex_m.a(irq_init.c.obj)
                              (--whole-archive)
zephyr/arch/arch/arm/core/cortex_m/libarch__arm__core__cortex_m.a(isr_wrapper.c.obj)
                              (--whole-archive)
zephyr/arch/arch/arm/core/cortex_m/libarch__arm__core__cortex_m.a(__aeabi_read_tp.S.obj)
                              (--whole-archive)
[...]
Memory Configuration

Name             Origin             Length             Attributes
FLASH            0x0000000000000000 0x0000000000080000 xr
RAM              0x0000000020000000 0x0000000000010000 xw
IDT_LIST         0x00000000ffff7fff 0x0000000000008000 xw
*default*        0x0000000000000000 0xffffffffffffffff

Linker script and memory map

                0x0000000000007b90                vfprintf = __l_vfprintf
                0x0000000000000000                vfscanf = __l_vfscanf
LOAD zephyr/CMakeFiles/zephyr_pre0.dir/misc/empty_file.c.obj
LOAD zephyr/CMakeFiles/offsets.dir/./arch/arm/core/offsets/offsets.c.obj
LOAD app/libapp.a
LOAD zephyr/libzephyr.a
LOAD zephyr/arch/common/libarch__common.a
LOAD zephyr/arch/arch/arm/core/libarch__arm__core.a
LOAD zephyr/arch/arch/arm/core/cortex_m/libarch__arm__core__cortex_m.a
LOAD zephyr/arch/arch/arm/core/mpu/libarch__arm__core__mpu.a
LOAD zephyr/lib/libc/picolibc/liblib__libc__picolibc.a
LOAD zephyr/lib/libc/common/liblib__libc__common.a
LOAD zephyr/soc/soc/nrf52832/libsoc__nordic.a
LOAD zephyr/drivers/clock_control/libdrivers__clock_control.a
LOAD zephyr/drivers/console/libdrivers__console.a
LOAD zephyr/drivers/gpio/libdrivers__gpio.a
LOAD zephyr/drivers/pinctrl/libdrivers__pinctrl.a
LOAD zephyr/drivers/serial/libdrivers__serial.a
LOAD zephyr/drivers/timer/libdrivers__timer.a
LOAD modules/hal_nordic/nrfx/libmodules__hal_nordic__nrfx.a
LOAD modules/segger/libmodules__segger.a
LOAD zephyr/kernel/libkernel.a
LOAD c:/ncs/toolchains/ce3b5ff664/opt/zephyr-sdk/arm-zephyr-eabi/bin/../lib/gcc/arm-zephyr-eabi/12.2.0/thumb/v7e-m/nofp\libgcc.a
LOAD zephyr/arch/common/libisr_tables.a
LOAD c:\ncs\toolchains\ce3b5ff664\opt\zephyr-sdk\arm-zephyr-eabi\bin\../lib/gcc/../../picolibc/arm-zephyr-eabi/lib/thumb/v7e-m/nofp\libc.a
LOAD c:/ncs/toolchains/ce3b5ff664/opt/zephyr-sdk/arm-zephyr-eabi/bin/../lib/gcc/arm-zephyr-eabi/12.2.0/thumb/v7e-m/nofp\libgcc.a
                0x0000000000000020                _region_min_align = 0x20

.rel.plt        0x0000000000000000        0x0
 *(SORT_BY_ALIGNMENT(.rel.plt))
                [!provide]                        PROVIDE (__rel_iplt_start = .)
 *(SORT_BY_ALIGNMENT(.rel.iplt))
 .rel.iplt      0x0000000000000000        0x0 app/libapp.a(main.c.obj)
                [!provide]                        PROVIDE (__rel_iplt_end = .)

.rela.plt       0x0000000000000000        0x0
 *(SORT_BY_ALIGNMENT(.rela.plt))
                [!provide]                        PROVIDE (__rela_iplt_start = .)
 *(SORT_BY_ALIGNMENT(.rela.iplt))
                [!provide]                        PROVIDE (__rela_iplt_end = .)

.rel.dyn
 *(SORT_BY_ALIGNMENT(.rel.*))

.rela.dyn
 *(SORT_BY_ALIGNMENT(.rela.*))

/DISCARD/
 *(SORT_BY_ALIGNMENT(.plt))

/DISCARD/
 *(SORT_BY_ALIGNMENT(.iplt))
                0x0000000000000000                __rom_region_start = 0x0

rom_start       0x0000000000000000       0xdc
                0x0000000000000000                __rom_start_address = .
 FILL mask 0x00
                0x0000000000000000                . = (. + (0x0 - (. - __rom_start_address)))
                0x0000000000000000                . = ALIGN (0x4)
                0x0000000000000000                . = ALIGN (0x80)
                0x0000000000000000                . = ALIGN (0x100)
                0x0000000000000000                _vector_start = .
 *(SORT_BY_ALIGNMENT(.exc_vector_table))
 *(SORT_BY_ALIGNMENT(.exc_vector_table.*))
 .exc_vector_table._vector_table_section
                0x0000000000000000       0x40 zephyr/arch/arch/arm/core/cortex_m/libarch__arm__core__cortex_m.a(vector_table.S.obj)
                0x0000000000000000                _vector_table
 *(SORT_BY_ALIGNMENT(.vectors))
                0x00000000000000dc                _vector_end = .
                0x0000000000000040                . = ALIGN (0x4)
 *(SORT_BY_ALIGNMENT(.gnu.linkonce.irq_vector_table*))
 .gnu.linkonce.irq_vector_table
                0x0000000000000040       0x9c zephyr/arch/common/libisr_tables.a(isr_tables.c.obj)
                0x0000000000000040                _irq_vector_table
                0x00000000000000dc                _vector_end = .

text            0x00000000000000dc     0x8c68
                0x00000000000000dc                __text_region_start = .
 *(SORT_BY_ALIGNMENT(.text))
 .text          0x00000000000000dc       0x10 c:\ncs\toolchains\ce3b5ff664\opt\zephyr-sdk\arm-zephyr-eabi\bin\../lib/gcc/../../picolibc/arm-zephyr-eabi/lib/thumb/v7e-m/nofp\libc.a(strlen.S.o)
                0x00000000000000dc                strlen
 *(SORT_BY_ALIGNMENT(.text.*))
 .text.i2c_slave_handler
                0x00000000000000ec       0xa8 app/libapp.a(main.c.obj)
 .text.main     0x0000000000000194       0xa4 app/libapp.a(main.c.obj)
                0x0000000000000194                main
 .text.sys_heap_init
                0x0000000000000238      0x11c zephyr/libzephyr.a(heap.c.obj)
                0x0000000000000238                sys_heap_init
 .text.cbvprintf_package
                0x0000000000000354      0x42c zephyr/libzephyr.a(cbprintf_packaged.c.obj)
                0x0000000000000354                cbvprintf_package
 .text.cbprintf_package_convert
                0x0000000000000780      0x468 zephyr/libzephyr.a(cbprintf_packaged.c.obj)
                0x0000000000000780                cbprintf_package_convert
 .text.__printk_hook_install
                0x0000000000000be8        0xc zephyr/libzephyr.a(printk.c.obj)
                0x0000000000000be8                __printk_hook_install
 .text.z_thread_entry
                0x0000000000000bf4       0x34 zephyr/libzephyr.a(thread_entry.c.obj)
                0x0000000000000bf4                z_thread_entry
 .text.mpsc_pbuf_init
                0x0000000000000c28       0x64 zephyr/libzephyr.a(mpsc_pbuf.c.obj)
                0x0000000000000c28                mpsc_pbuf_init
 .text.mpsc_pbuf_alloc
                0x0000000000000c8c      0x184 zephyr/libzephyr.a(mpsc_pbuf.c.obj)
                0x0000000000000c8c                mpsc_pbuf_alloc
 .text.mpsc_pbuf_commit
                0x0000000000000e10       0xb0 zephyr/libzephyr.a(mpsc_pbuf.c.obj)
                0x0000000000000e10                mpsc_pbuf_commit
 .text.mpsc_pbuf_claim
                0x0000000000000ec0      0x110 zephyr/libzephyr.a(mpsc_pbuf.c.obj)
                0x0000000000000ec0                mpsc_pbuf_claim
 .text.mpsc_pbuf_free
                0x0000000000000fd0       0xe4 zephyr/libzephyr.a(mpsc_pbuf.c.obj)
                0x0000000000000fd0                mpsc_pbuf_free
 .text.process_event
                0x00000000000010b4      0x3ac zephyr/libzephyr.a(onoff.c.obj)
 .text.transition_complete
                0x0000000000001460       0x64 zephyr/libzephyr.a(onoff.c.obj)
 .text.onoff_request
                0x00000000000014c4      0x130 zephyr/libzephyr.a(onoff.c.obj)
                0x00000000000014c4                onoff_request
 .text.sys_notify_finalize
                0x00000000000015f4       0x40 zephyr/libzephyr.a(notify.c.obj)
                0x00000000000015f4                sys_notify_finalize
 .text.z_log_init.isra.0
                0x0000000000001634      0x124 zephyr/libzephyr.a(log_core.c.obj)
 .text.log_format_func_t_get
                0x0000000000001758        0xc zephyr/libzephyr.a(log_core.c.obj)
                0x0000000000001758                log_format_func_t_get
 .text.log_set_timestamp_func
                0x0000000000001764       0x20 zephyr/libzephyr.a(log_core.c.obj)
                0x0000000000001764                log_set_timestamp_func
 .text.z_log_notify_backend_enabled
                0x0000000000001784        0xc zephyr/libzephyr.a(log_core.c.obj)
                0x0000000000001784                z_log_notify_backend_enabled
 .text.z_log_dropped
                0x0000000000001790       0x30 zephyr/libzephyr.a(log_core.c.obj)
                0x0000000000001790                z_log_dropped
 .text.z_log_dropped_read_and_clear
                0x00000000000017c0       0x20 zephyr/libzephyr.a(log_core.c.obj)
                0x00000000000017c0                z_log_dropped_read_and_clear
 .text.dropped_notify
                0x00000000000017e0       0x60 zephyr/libzephyr.a(log_core.c.obj)
                0x00000000000017e0                dropped_notify
 .text.z_log_msg_init
                0x0000000000001840       0x20 zephyr/libzephyr.a(log_core.c.obj)
                0x0000000000001840                z_log_msg_init
 .text.log_core_init
                0x0000000000001860       0x34 zephyr/libzephyr.a(log_core.c.obj)
                0x0000000000001860                log_core_init
 .text.z_log_msg_alloc
                0x0000000000001894       0x10 zephyr/libzephyr.a(log_core.c.obj)
                0x0000000000001894                z_log_msg_alloc
 .text.z_log_msg_local_claim
                0x00000000000018a4        0xc zephyr/libzephyr.a(log_core.c.obj)
                0x00000000000018a4                z_log_msg_local_claim
 .text.z_log_msg_free
                0x00000000000018b0       0x10 zephyr/libzephyr.a(log_core.c.obj)
                0x00000000000018b0                z_log_msg_free
 .text.z_log_msg_pending
                0x00000000000018c0        0xc zephyr/libzephyr.a(log_core.c.obj)
                0x00000000000018c0                z_log_msg_pending
 .text.z_impl_log_process
                0x00000000000018cc       0xec zephyr/libzephyr.a(log_core.c.obj)
                0x00000000000018cc                z_impl_log_process
 .text.z_log_msg_post_finalize
                0x00000000000019b8       0xdc zephyr/libzephyr.a(log_core.c.obj)
 .text.z_log_msg_commit
                0x0000000000001a94       0x24 zephyr/libzephyr.a(log_core.c.obj)
                0x0000000000001a94                z_log_msg_commit
 .text.z_impl_log_panic
                0x0000000000001ab8       0x74 zephyr/libzephyr.a(log_core.c.obj)
                0x0000000000001ab8                z_impl_log_panic
 .text.log_source_name_get
                0x0000000000001b2c       0x1c zephyr/libzephyr.a(log_mgmt.c.obj)
                0x0000000000001b2c                log_source_name_get
 .text.log_backend_enable
                0x0000000000001b48       0x4c zephyr/libzephyr.a(log_mgmt.c.obj)
                0x0000000000001b48                log_backend_enable
 .text.z_impl_z_log_msg_static_create
                0x0000000000001b94      0x12c zephyr/libzephyr.a(log_msg.c.obj)
                0x0000000000001b94                z_impl_z_log_msg_static_create
 .text.z_log_msg_runtime_vcreate
                0x0000000000001cc0       0xc8 zephyr/libzephyr.a(log_msg.c.obj)
                0x0000000000001cc0                z_log_msg_runtime_vcreate
 .text.log_msg_get_source_id
                0x0000000000001d88       0x18 zephyr/libzephyr.a(log_msg.c.obj)
                0x0000000000001d88                log_msg_get_source_id
 .text.print_formatted
                0x0000000000001da0       0x24 zephyr/libzephyr.a(log_output.c.obj)
 .text.newline_print
                0x0000000000001dc4       0x1c zephyr/libzephyr.a(log_output.c.obj)
 .text.out_func
                0x0000000000001de0       0x60 zephyr/libzephyr.a(log_output.c.obj)
 .text.log_output_process
                0x0000000000001e40      0x31c zephyr/libzephyr.a(log_output.c.obj)
                0x0000000000001e40                log_output_process
 .text.log_output_dropped_process
                0x000000000000215c       0x58 zephyr/libzephyr.a(log_output.c.obj)
                0x000000000000215c                log_output_dropped_process
 .text.log_output_timestamp_freq_set
                0x00000000000021b4       0x2c zephyr/libzephyr.a(log_output.c.obj)
                0x00000000000021b4                log_output_timestamp_freq_set
 .text.log_backend_rtt_init
                0x00000000000021e0        0xc zephyr/libzephyr.a(log_backend_rtt.c.obj)
 .text.format_set
                0x00000000000021ec        0xc zephyr/libzephyr.a(log_backend_rtt.c.obj)
 .text.panic    0x00000000000021f8       0x14 zephyr/libzephyr.a(log_backend_rtt.c.obj)
 .text.dropped  0x000000000000220c        0xc zephyr/libzephyr.a(log_backend_rtt.c.obj)
 .text.process  0x0000000000002218       0x24 zephyr/libzephyr.a(log_backend_rtt.c.obj)
 .text.on_failed_write
                0x000000000000223c       0x28 zephyr/libzephyr.a(log_backend_rtt.c.obj)
 .text.data_out_block_mode
                0x0000000000002264       0x84 zephyr/libzephyr.a(log_backend_rtt.c.obj)
 .text.char_out
                0x00000000000022e8       0x24 zephyr/libzephyr.a(log_backend_uart.c.obj)
 .text.log_backend_uart_init
                0x000000000000230c       0x3c zephyr/libzephyr.a(log_backend_uart.c.obj)
 .text.mem_attr_get_regions
                0x0000000000002348        0xc zephyr/libzephyr.a(mem_attr.c.obj)
                0x0000000000002348                mem_attr_get_regions
 .text.boot_banner
                0x0000000000002354       0x1c zephyr/libzephyr.a(banner.c.obj)
                0x0000000000002354                boot_banner
 .text.z_arm_fatal_error
                0x0000000000002370       0xb8 zephyr/arch/arch/arm/core/libarch__arm__core.a(fatal.c.obj)
                0x0000000000002370                z_arm_fatal_error
 .text.z_SysNmiOnReset
                0x0000000000002428        0x8 zephyr/arch/arch/arm/core/libarch__arm__core.a(nmi_on_reset.S.obj)
                0x0000000000002428                z_SysNmiOnReset
 .text.arch_tls_stack_setup
                0x0000000000002430       0x40 zephyr/arch/arch/arm/core/libarch__arm__core.a(tls.c.obj)
                0x0000000000002430                arch_tls_stack_setup
 .text._HandlerModeExit
                0x0000000000002470       0x28 zephyr/arch/arch/arm/core/cortex_m/libarch__arm__core__cortex_m.a(exc_exit.c.obj)
                0x0000000000002470                z_arm_int_exit
                0x0000000000002470                z_arm_exc_exit
 .text.bus_fault.constprop.0
                0x0000000000002498       0xd0 zephyr/arch/arch/arm/core/cortex_m/libarch__arm__core__cortex_m.a(fault.c.obj)
 .text.usage_fault.constprop.0
                0x0000000000002568       0xa8 zephyr/arch/arch/arm/core/cortex_m/libarch__arm__core__cortex_m.a(fault.c.obj)
 .text.mem_manage_fault
                0x0000000000002610      0x138 zephyr/arch/arch/arm/core/cortex_m/libarch__arm__core__cortex_m.a(fault.c.obj)
 .text.z_arm_fault
                0x0000000000002748      0x238 zephyr/arch/arch/arm/core/cortex_m/libarch__arm__core__cortex_m.a(fault.c.obj)
                0x0000000000002748                z_arm_fault
 .text.z_arm_fault_init
                0x0000000000002980       0x10 zephyr/arch/arch/arm/core/cortex_m/libarch__arm__core__cortex_m.a(fault.c.obj)
                0x0000000000002980                z_arm_fault_init
 .text.__fault  0x0000000000002990       0x14 zephyr/arch/arch/arm/core/cortex_m/libarch__arm__core__cortex_m.a(fault_s.S.obj)
                0x0000000000002990                z_arm_usage_fault
                0x0000000000002990                z_arm_mpu_fault
                0x0000000000002990                z_arm_exc_spurious
                0x0000000000002990                z_arm_debug_monitor
                0x0000000000002990                z_arm_hard_fault
                0x0000000000002990                z_arm_bus_fault
 .text._reset_section
                0x00000000000029a4       0x54 zephyr/arch/arch/arm/core/cortex_m/libarch__arm__core__cortex_m.a(reset.S.obj)
                0x00000000000029a4                __start
                0x00000000000029a4                z_arm_reset
 .text.z_arm_clear_arm_mpu_config
                0x00000000000029f8       0x24 zephyr/arch/arch/arm/core/cortex_m/libarch__arm__core__cortex_m.a(scb.c.obj)
                0x00000000000029f8                z_arm_clear_arm_mpu_config
 .text.z_arm_init_arch_hw_at_boot
                0x0000000000002a1c       0x64 zephyr/arch/arch/arm/core/cortex_m/libarch__arm__core__cortex_m.a(scb.c.obj)
                0x0000000000002a1c                z_arm_init_arch_hw_at_boot
 .text.z_impl_k_thread_abort
                0x0000000000002a80       0x2c zephyr/arch/arch/arm/core/cortex_m/libarch__arm__core__cortex_m.a(thread_abort.c.obj)
                0x0000000000002a80                z_impl_k_thread_abort
 .text.arch_swap
                0x0000000000002aac       0x30 zephyr/arch/arch/arm/core/cortex_m/libarch__arm__core__cortex_m.a(swap.c.obj)
                0x0000000000002aac                arch_swap
 .text.z_arm_pendsv_c
                0x0000000000002adc       0x48 zephyr/arch/arch/arm/core/cortex_m/libarch__arm__core__cortex_m.a(swap.c.obj)
                0x0000000000002adc                z_arm_pendsv_c
 .text.z_arm_pendsv
                0x0000000000002b24       0x34 zephyr/arch/arch/arm/core/cortex_m/libarch__arm__core__cortex_m.a(swap_helper.S.obj)
                0x0000000000002b24                z_arm_pendsv
 .text.z_arm_svc
                0x0000000000002b58       0x20 zephyr/arch/arch/arm/core/cortex_m/libarch__arm__core__cortex_m.a(swap_helper.S.obj)
                0x0000000000002b58                z_arm_svc
 .text.arch_irq_enable
                0x0000000000002b78       0x1c zephyr/arch/arch/arm/core/cortex_m/libarch__arm__core__cortex_m.a(irq_manage.c.obj)
                0x0000000000002b78                arch_irq_enable
 .text.arch_irq_disable
                0x0000000000002b94       0x28 zephyr/arch/arch/arm/core/cortex_m/libarch__arm__core__cortex_m.a(irq_manage.c.obj)
                0x0000000000002b94                arch_irq_disable
 .text.arch_irq_is_enabled
                0x0000000000002bbc       0x1c zephyr/arch/arch/arm/core/cortex_m/libarch__arm__core__cortex_m.a(irq_manage.c.obj)
                0x0000000000002bbc                arch_irq_is_enabled
 .text.z_arm_irq_priority_set
                0x0000000000002bd8       0x68 zephyr/arch/arch/arm/core/cortex_m/libarch__arm__core__cortex_m.a(irq_manage.c.obj)
                0x0000000000002bd8                z_arm_irq_priority_set
 .text.z_prep_c
                0x0000000000002c40       0x38 zephyr/arch/arch/arm/core/cortex_m/libarch__arm__core__cortex_m.a(prep_c.c.obj)
                0x0000000000002c40                z_prep_c
 .text.arch_new_thread
                0x0000000000002c78       0x38 zephyr/arch/arch/arm/core/cortex_m/libarch__arm__core__cortex_m.a(thread.c.obj)
                0x0000000000002c78                arch_new_thread
 .text.z_check_thread_stack_fail
                0x0000000000002cb0       0x2c zephyr/arch/arch/arm/core/cortex_m/libarch__arm__core__cortex_m.a(thread.c.obj)
                0x0000000000002cb0                z_check_thread_stack_fail
 .text.arch_switch_to_main_thread
                0x0000000000002cdc       0x44 zephyr/arch/arch/arm/core/cortex_m/libarch__arm__core__cortex_m.a(thread.c.obj)
                0x0000000000002cdc                arch_switch_to_main_thread
 .text.z_arm_cpu_idle_init
                0x0000000000002d20        0xc zephyr/arch/arch/arm/core/cortex_m/libarch__arm__core__cortex_m.a(cpu_idle.c.obj)
                0x0000000000002d20                z_arm_cpu_idle_init
 .text.z_arm_interrupt_init
                0x0000000000002d2c       0x18 zephyr/arch/arch/arm/core/cortex_m/libarch__arm__core__cortex_m.a(irq_init.c.obj)
                0x0000000000002d2c                z_arm_interrupt_init
 .text._isr_wrapper
                0x0000000000002d44       0x24 zephyr/arch/arch/arm/core/cortex_m/libarch__arm__core__cortex_m.a(isr_wrapper.c.obj)
                0x0000000000002d44                _isr_wrapper
 .text.z_arm_configure_static_mpu_regions
                0x0000000000002d68       0x18 zephyr/arch/arch/arm/core/mpu/libarch__arm__core__mpu.a(arm_core_mpu.c.obj)
                0x0000000000002d68                z_arm_configure_static_mpu_regions
 .text.z_arm_configure_dynamic_mpu_regions
                0x0000000000002d80       0x20 zephyr/arch/arch/arm/core/mpu/libarch__arm__core__mpu.a(arm_core_mpu.c.obj)
                0x0000000000002d80                z_arm_configure_dynamic_mpu_regions
 .text.region_allocate_and_init
                0x0000000000002da0       0x54 zephyr/arch/arch/arm/core/mpu/libarch__arm__core__mpu.a(arm_mpu.c.obj)
 .text.mpu_configure_regions
                0x0000000000002df4       0x68 zephyr/arch/arch/arm/core/mpu/libarch__arm__core__mpu.a(arm_mpu.c.obj)
 .text.arm_core_mpu_enable
                0x0000000000002e5c       0x18 zephyr/arch/arch/arm/core/mpu/libarch__arm__core__mpu.a(arm_mpu.c.obj)
                0x0000000000002e5c                arm_core_mpu_enable
 .text.arm_core_mpu_disable
                0x0000000000002e74       0x14 zephyr/arch/arch/arm/core/mpu/libarch__arm__core__mpu.a(arm_mpu.c.obj)
                0x0000000000002e74                arm_core_mpu_disable
 .text.arm_core_mpu_configure_static_mpu_regions
                0x0000000000002e88       0x4c zephyr/arch/arch/arm/core/mpu/libarch__arm__core__mpu.a(arm_mpu.c.obj)
                0x0000000000002e88                arm_core_mpu_configure_static_mpu_regions
 .text.arm_core_mpu_configure_dynamic_mpu_regions
                0x0000000000002ed4       0x6c zephyr/arch/arch/arm/core/mpu/libarch__arm__core__mpu.a(arm_mpu.c.obj)
                0x0000000000002ed4                arm_core_mpu_configure_dynamic_mpu_regions
 .text.z_arm_mpu_init
                0x0000000000002f40      0x230 zephyr/arch/arch/arm/core/mpu/libarch__arm__core__mpu.a(arm_mpu.c.obj)
                0x0000000000002f40                z_arm_mpu_init
 .text.z_impl_zephyr_fputc
                0x0000000000003170       0x10 zephyr/lib/libc/picolibc/liblib__libc__picolibc.a(libc-hooks.c.obj)
                0x0000000000003170                z_impl_zephyr_fputc
 .text.__stdout_hook_install
                0x0000000000003180       0x18 zephyr/lib/libc/picolibc/liblib__libc__picolibc.a(libc-hooks.c.obj)
                0x0000000000003180                __stdout_hook_install
 .text.cbvprintf
                0x0000000000003198       0x38 zephyr/lib/libc/picolibc/liblib__libc__picolibc.a(libc-hooks.c.obj)
                0x0000000000003198                cbvprintf
 .text.malloc_prepare
                0x00000000000031d0       0x24 zephyr/lib/libc/common/liblib__libc__common.a(malloc.c.obj)
 .text.nordicsemi_nrf52_init
                0x00000000000031f4       0x18 zephyr/soc/soc/nrf52832/libsoc__nordic.a(soc.c.obj)
 .text.arch_busy_wait
                0x000000000000320c       0x14 zephyr/soc/soc/nrf52832/libsoc__nordic.a(soc.c.obj)
                0x000000000000320c                arch_busy_wait
 .text.onoff_start
                0x0000000000003220       0x3c zephyr/drivers/clock_control/libdrivers__clock_control.a(clock_control_nrf.c.obj)
 .text.get_status
                0x000000000000325c       0x38 zephyr/drivers/clock_control/libdrivers__clock_control.a(clock_control_nrf.c.obj)
 .text.stop     0x0000000000003294       0x78 zephyr/drivers/clock_control/libdrivers__clock_control.a(clock_control_nrf.c.obj)
 .text.onoff_stop
                0x000000000000330c       0x28 zephyr/drivers/clock_control/libdrivers__clock_control.a(clock_control_nrf.c.obj)
 .text.clk_init
                0x0000000000003334       0x58 zephyr/drivers/clock_control/libdrivers__clock_control.a(clock_control_nrf.c.obj)
 .text.api_blocking_start
                0x000000000000338c       0x34 zephyr/drivers/clock_control/libdrivers__clock_control.a(clock_control_nrf.c.obj)
 .text.lfclk_start
                0x00000000000033c0       0x24 zephyr/drivers/clock_control/libdrivers__clock_control.a(clock_control_nrf.c.obj)
 .text.generic_hfclk_stop
                0x00000000000033e4       0x34 zephyr/drivers/clock_control/libdrivers__clock_control.a(clock_control_nrf.c.obj)
 .text.clkstarted_handle.constprop.0
                0x0000000000003418       0x4c zephyr/drivers/clock_control/libdrivers__clock_control.a(clock_control_nrf.c.obj)
 .text.clock_event_handler
                0x0000000000003464       0x5c zephyr/drivers/clock_control/libdrivers__clock_control.a(clock_control_nrf.c.obj)
 .text.generic_hfclk_start
                0x00000000000034c0       0x78 zephyr/drivers/clock_control/libdrivers__clock_control.a(clock_control_nrf.c.obj)
 .text.z_nrf_clock_control_lf_on
                0x0000000000003538      0x13c zephyr/drivers/clock_control/libdrivers__clock_control.a(clock_control_nrf.c.obj)
                0x0000000000003538                z_nrf_clock_control_lf_on
 .text.uart_console_init
                0x0000000000003674       0x28 zephyr/drivers/console/libdrivers__console.a(uart_console.c.obj)
 .text.console_out
                0x000000000000369c       0x28 zephyr/drivers/console/libdrivers__console.a(uart_console.c.obj)
 .text.gpio_nrfx_manage_callback
                0x00000000000036c4       0xa0 zephyr/drivers/gpio/libdrivers__gpio.a(gpio_nrfx.c.obj)
 .text.gpio_nrfx_init
                0x0000000000003764       0x48 zephyr/drivers/gpio/libdrivers__gpio.a(gpio_nrfx.c.obj)
 .text.nrf_gpio_pin_port_decode
                0x00000000000037ac       0x3c zephyr/drivers/gpio/libdrivers__gpio.a(gpio_nrfx.c.obj)
 .text.gpio_nrfx_pin_interrupt_configure
                0x00000000000037e8       0xe4 zephyr/drivers/gpio/libdrivers__gpio.a(gpio_nrfx.c.obj)
 .text.nrfx_gpio_handler
                0x00000000000038cc       0x68 zephyr/drivers/gpio/libdrivers__gpio.a(gpio_nrfx.c.obj)
 .text.gpio_nrfx_pin_configure
                0x0000000000003934      0x19c zephyr/drivers/gpio/libdrivers__gpio.a(gpio_nrfx.c.obj)
 .text.nrf_gpio_pin_port_decode
                0x0000000000003ad0       0x3c zephyr/drivers/pinctrl/libdrivers__pinctrl.a(pinctrl_nrf.c.obj)
 .text.pinctrl_configure_pins
                0x0000000000003b0c      0x14c zephyr/drivers/pinctrl/libdrivers__pinctrl.a(pinctrl_nrf.c.obj)
                0x0000000000003b0c                pinctrl_configure_pins
 .text.uarte_0_init
                0x0000000000003c58      0x240 zephyr/drivers/serial/libdrivers__serial.a(uart_nrfx_uarte.c.obj)
 .text.uarte_nrfx_poll_out
                0x0000000000003e98       0xcc zephyr/drivers/serial/libdrivers__serial.a(uart_nrfx_uarte.c.obj)
 .text.sys_clock_timeout_handler
                0x0000000000003f64       0x48 zephyr/drivers/timer/libdrivers__timer.a(nrf_rtc_timer.c.obj)
 .text.z_nrf_rtc_timer_read
                0x0000000000003fac       0x44 zephyr/drivers/timer/libdrivers__timer.a(nrf_rtc_timer.c.obj)
                0x0000000000003fac                z_nrf_rtc_timer_read
 .text.rtc_nrf_isr
                0x0000000000003ff0       0xd4 zephyr/drivers/timer/libdrivers__timer.a(nrf_rtc_timer.c.obj)
                0x0000000000003ff0                rtc_nrf_isr
 .text.compare_set.constprop.0.isra.0
                0x00000000000040c4      0x154 zephyr/drivers/timer/libdrivers__timer.a(nrf_rtc_timer.c.obj)
 .text.sys_clock_driver_init
                0x0000000000004218       0x80 zephyr/drivers/timer/libdrivers__timer.a(nrf_rtc_timer.c.obj)
 .text.sys_clock_set_timeout
                0x0000000000004298       0x4c zephyr/drivers/timer/libdrivers__timer.a(nrf_rtc_timer.c.obj)
                0x0000000000004298                sys_clock_set_timeout
 .text.sys_clock_elapsed
                0x00000000000042e4       0x14 zephyr/drivers/timer/libdrivers__timer.a(nrf_rtc_timer.c.obj)
                0x00000000000042e4                sys_clock_elapsed
 .text.nrf52_errata_16
                0x00000000000042f8       0x28 modules/hal_nordic/nrfx/libmodules__hal_nordic__nrfx.a(system_nrf52.c.obj)
 .text.nvmc_wait
                0x0000000000004320       0x10 modules/hal_nordic/nrfx/libmodules__hal_nordic__nrfx.a(system_nrf52.c.obj)
                0x0000000000004320                nvmc_wait
 .text.SystemInit
                0x0000000000004330      0x278 modules/hal_nordic/nrfx/libmodules__hal_nordic__nrfx.a(system_nrf52.c.obj)
                0x0000000000004330                SystemInit
 .text.nrfx_flag32_alloc
                0x00000000000045a8       0x48 modules/hal_nordic/nrfx/libmodules__hal_nordic__nrfx.a(nrfx_flag32_allocator.c.obj)
                0x00000000000045a8                nrfx_flag32_alloc
 .text.nrfx_flag32_free
                0x00000000000045f0       0x40 modules/hal_nordic/nrfx/libmodules__hal_nordic__nrfx.a(nrfx_flag32_allocator.c.obj)
                0x00000000000045f0                nrfx_flag32_free
 .text.nrfx_gppi_channels_enable
                0x0000000000004630        0xc modules/hal_nordic/nrfx/libmodules__hal_nordic__nrfx.a(nrfx_gppi_ppi.c.obj)
                0x0000000000004630                nrfx_gppi_channels_enable
 .text.clock_stop
                0x000000000000463c       0xf4 modules/hal_nordic/nrfx/libmodules__hal_nordic__nrfx.a(nrfx_clock.c.obj)
 .text.nrfx_clock_init
                0x0000000000004730       0x20 modules/hal_nordic/nrfx/libmodules__hal_nordic__nrfx.a(nrfx_clock.c.obj)
                0x0000000000004730                nrfx_clock_init
 .text.nrfx_clock_enable
                0x0000000000004750       0x4c modules/hal_nordic/nrfx/libmodules__hal_nordic__nrfx.a(nrfx_clock.c.obj)
                0x0000000000004750                nrfx_clock_enable
 .text.nrfx_clock_start
                0x000000000000479c      0x128 modules/hal_nordic/nrfx/libmodules__hal_nordic__nrfx.a(nrfx_clock.c.obj)
                0x000000000000479c                nrfx_clock_start
 .text.nrfx_clock_stop
                0x00000000000048c4       0x38 modules/hal_nordic/nrfx/libmodules__hal_nordic__nrfx.a(nrfx_clock.c.obj)
                0x00000000000048c4                nrfx_clock_stop
 .text.nrfx_power_clock_irq_handler
                0x00000000000048fc       0x68 modules/hal_nordic/nrfx/libmodules__hal_nordic__nrfx.a(nrfx_clock.c.obj)
                0x00000000000048fc                nrfx_power_clock_irq_handler
 .text.nrf_gpio_pin_port_decode
                0x0000000000004964       0x5c modules/hal_nordic/nrfx/libmodules__hal_nordic__nrfx.a(nrfx_gpiote.c.obj)
 .text.nrf_gpiote_in_event_get
                0x00000000000049c0       0x34 modules/hal_nordic/nrfx/libmodules__hal_nordic__nrfx.a(nrfx_gpiote.c.obj)
 .text.call_handler.constprop.0
                0x00000000000049f4       0x3c modules/hal_nordic/nrfx/libmodules__hal_nordic__nrfx.a(nrfx_gpiote.c.obj)
 .text.pin_is_output.constprop.0
                0x0000000000004a30       0x14 modules/hal_nordic/nrfx/libmodules__hal_nordic__nrfx.a(nrfx_gpiote.c.obj)
 .text.pin_in_use_by_te.constprop.0
                0x0000000000004a44       0x14 modules/hal_nordic/nrfx/libmodules__hal_nordic__nrfx.a(nrfx_gpiote.c.obj)
 .text.release_handler.isra.0
                0x0000000000004a58       0x80 modules/hal_nordic/nrfx/libmodules__hal_nordic__nrfx.a(nrfx_gpiote.c.obj)
 .text.__nrfy_internal_gpiote_events_process.constprop.0
                0x0000000000004ad8       0x64 modules/hal_nordic/nrfx/libmodules__hal_nordic__nrfx.a(nrfx_gpiote.c.obj)
 .text.pin_trigger_disable
                0x0000000000004b3c       0x50 modules/hal_nordic/nrfx/libmodules__hal_nordic__nrfx.a(nrfx_gpiote.c.obj)
 .text.pin_uninit
                0x0000000000004b8c       0x78 modules/hal_nordic/nrfx/libmodules__hal_nordic__nrfx.a(nrfx_gpiote.c.obj)
 .text.nrfx_gpiote_input_configure
                0x0000000000004c04      0x15c modules/hal_nordic/nrfx/libmodules__hal_nordic__nrfx.a(nrfx_gpiote.c.obj)
                0x0000000000004c04                nrfx_gpiote_input_configure
 .text.nrfx_gpiote_output_configure
                0x0000000000004d60       0xf8 modules/hal_nordic/nrfx/libmodules__hal_nordic__nrfx.a(nrfx_gpiote.c.obj)
                0x0000000000004d60                nrfx_gpiote_output_configure
 .text.nrfx_gpiote_global_callback_set
                0x0000000000004e58        0xc modules/hal_nordic/nrfx/libmodules__hal_nordic__nrfx.a(nrfx_gpiote.c.obj)
                0x0000000000004e58                nrfx_gpiote_global_callback_set
 .text.nrfx_gpiote_channel_get
                0x0000000000004e64       0x54 modules/hal_nordic/nrfx/libmodules__hal_nordic__nrfx.a(nrfx_gpiote.c.obj)
                0x0000000000004e64                nrfx_gpiote_channel_get
 .text.nrfx_gpiote_init
                0x0000000000004eb8       0x74 modules/hal_nordic/nrfx/libmodules__hal_nordic__nrfx.a(nrfx_gpiote.c.obj)
                0x0000000000004eb8                nrfx_gpiote_init
 .text.nrfx_gpiote_init_check
                0x0000000000004f2c       0x14 modules/hal_nordic/nrfx/libmodules__hal_nordic__nrfx.a(nrfx_gpiote.c.obj)
                0x0000000000004f2c                nrfx_gpiote_init_check
 .text.nrfx_gpiote_channel_free
                0x0000000000004f40        0xc modules/hal_nordic/nrfx/libmodules__hal_nordic__nrfx.a(nrfx_gpiote.c.obj)
                0x0000000000004f40                nrfx_gpiote_channel_free
 .text.nrfx_gpiote_channel_alloc
                0x0000000000004f4c        0xc modules/hal_nordic/nrfx/libmodules__hal_nordic__nrfx.a(nrfx_gpiote.c.obj)
                0x0000000000004f4c                nrfx_gpiote_channel_alloc
 .text.nrfx_gpiote_trigger_enable
                0x0000000000004f58       0xf0 modules/hal_nordic/nrfx/libmodules__hal_nordic__nrfx.a(nrfx_gpiote.c.obj)
                0x0000000000004f58                nrfx_gpiote_trigger_enable
 .text.nrfx_gpiote_0_irq_handler
                0x0000000000005048      0x164 modules/hal_nordic/nrfx/libmodules__hal_nordic__nrfx.a(nrfx_gpiote.c.obj)
                0x0000000000005048                nrfx_gpiote_0_irq_handler
 .text.nrfx_ppi_channel_alloc
                0x00000000000051ac        0xc modules/hal_nordic/nrfx/libmodules__hal_nordic__nrfx.a(nrfx_ppi.c.obj)
                0x00000000000051ac                nrfx_ppi_channel_alloc
 .text.nrf_gpio_pin_port_decode
                0x00000000000051b8       0x3c modules/hal_nordic/nrfx/libmodules__hal_nordic__nrfx.a(nrfx_twis.c.obj)
 .text.irq_handler.part.0
                0x00000000000051f4      0x16c modules/hal_nordic/nrfx/libmodules__hal_nordic__nrfx.a(nrfx_twis.c.obj)
 .text.nrf_twis_address_set.part.0
                0x0000000000005360       0x28 modules/hal_nordic/nrfx/libmodules__hal_nordic__nrfx.a(nrfx_twis.c.obj)
 .text.twis_configure
                0x0000000000005388       0x74 modules/hal_nordic/nrfx/libmodules__hal_nordic__nrfx.a(nrfx_twis.c.obj)
 .text.nrfx_twis_config_pin
                0x00000000000053fc       0x34 modules/hal_nordic/nrfx/libmodules__hal_nordic__nrfx.a(nrfx_twis.c.obj)
 .text.nrfx_twis_init
                0x0000000000005430       0xc8 modules/hal_nordic/nrfx/libmodules__hal_nordic__nrfx.a(nrfx_twis.c.obj)
                0x0000000000005430                nrfx_twis_init
 .text.nrfx_twis_enable
                0x00000000000054f8       0x94 modules/hal_nordic/nrfx/libmodules__hal_nordic__nrfx.a(nrfx_twis.c.obj)
                0x00000000000054f8                nrfx_twis_enable
 .text.nrfx_twis_tx_prepare
                0x000000000000558c       0x78 modules/hal_nordic/nrfx/libmodules__hal_nordic__nrfx.a(nrfx_twis.c.obj)
                0x000000000000558c                nrfx_twis_tx_prepare
 .text.nrfx_twis_rx_prepare
                0x0000000000005604       0x78 modules/hal_nordic/nrfx/libmodules__hal_nordic__nrfx.a(nrfx_twis.c.obj)
                0x0000000000005604                nrfx_twis_rx_prepare
 .text.nrfx_twis_0_irq_handler
                0x000000000000567c       0x18 modules/hal_nordic/nrfx/libmodules__hal_nordic__nrfx.a(nrfx_twis.c.obj)
                0x000000000000567c                nrfx_twis_0_irq_handler
 .text._DoInit  0x0000000000005694       0x60 modules/segger/libmodules__segger.a(SEGGER_RTT.c.obj)
 .text.SEGGER_RTT_WriteSkipNoLock
                0x00000000000056f4       0x88 modules/segger/libmodules__segger.a(SEGGER_RTT.c.obj)
                0x00000000000056f4                SEGGER_RTT_WriteSkipNoLock
 .text.SEGGER_RTT_HasDataUp
                0x000000000000577c       0x14 modules/segger/libmodules__segger.a(SEGGER_RTT.c.obj)
                0x000000000000577c                SEGGER_RTT_HasDataUp
 .text.zephyr_rtt_mutex_lock
                0x0000000000005790       0x14 modules/segger/libmodules__segger.a(SEGGER_RTT_zephyr.c.obj)
                0x0000000000005790                zephyr_rtt_mutex_lock
 .text.zephyr_rtt_mutex_unlock
                0x00000000000057a4        0xc modules/segger/libmodules__segger.a(SEGGER_RTT_zephyr.c.obj)
                0x00000000000057a4                zephyr_rtt_mutex_unlock
 .text.z_device_state_init
                0x00000000000057b0       0x44 zephyr/kernel/libkernel.a(device.c.obj)
                0x00000000000057b0                z_device_state_init
 .text.k_sys_fatal_error_handler
                0x00000000000057f4       0x20 zephyr/kernel/libkernel.a(fatal.c.obj)
                0x00000000000057f4                k_sys_fatal_error_handler
 .text.z_fatal_error
                0x0000000000005814      0x114 zephyr/kernel/libkernel.a(fatal.c.obj)
                0x0000000000005814                z_fatal_error
 .text.z_sys_init_run_level
                0x0000000000005928       0x2c zephyr/kernel/libkernel.a(init.c.obj)
 .text.bg_thread_main
                0x0000000000005954      0x108 zephyr/kernel/libkernel.a(init.c.obj)
 .text.z_bss_zero
                0x0000000000005a5c       0x18 zephyr/kernel/libkernel.a(init.c.obj)
                0x0000000000005a5c                z_bss_zero
 .text.z_init_cpu
                0x0000000000005a74       0x70 zephyr/kernel/libkernel.a(init.c.obj)
                0x0000000000005a74                z_init_cpu
 .text.z_cstart
                0x0000000000005ae4       0xe0 zephyr/kernel/libkernel.a(init.c.obj)
                0x0000000000005ae4                z_cstart
 .text.idle     0x0000000000005bc4       0x48 zephyr/kernel/libkernel.a(idle.c.obj)
                0x0000000000005bc4                idle
 .text.z_impl_k_mutex_lock
                0x0000000000005c0c      0x1a0 zephyr/kernel/libkernel.a(mutex.c.obj)
                0x0000000000005c0c                z_impl_k_mutex_lock
 .text.z_impl_k_mutex_unlock
                0x0000000000005dac      0x11c zephyr/kernel/libkernel.a(mutex.c.obj)
                0x0000000000005dac                z_impl_k_mutex_unlock
 .text.z_impl_k_sem_give
                0x0000000000005ec8       0xb0 zephyr/kernel/libkernel.a(sem.c.obj)
                0x0000000000005ec8                z_impl_k_sem_give
 .text.z_impl_k_sem_take
                0x0000000000005f78       0xf4 zephyr/kernel/libkernel.a(sem.c.obj)
                0x0000000000005f78                z_impl_k_sem_take
 .text.z_setup_new_thread
                0x000000000000606c       0xe4 zephyr/kernel/libkernel.a(thread.c.obj)
                0x000000000000606c                z_setup_new_thread
 .text.update_cache
                0x0000000000006150       0x68 zephyr/kernel/libkernel.a(sched.c.obj)
 .text.unready_thread
                0x00000000000061b8       0x58 zephyr/kernel/libkernel.a(sched.c.obj)
 .text.unpend_thread_no_timeout
                0x0000000000006210       0x3c zephyr/kernel/libkernel.a(sched.c.obj)
 .text.ready_thread
                0x000000000000624c       0x94 zephyr/kernel/libkernel.a(sched.c.obj)
 .text.z_thread_halt
                0x00000000000062e0      0x17c zephyr/kernel/libkernel.a(sched.c.obj)
 .text.move_thread_to_end_of_prio_q
                0x000000000000645c       0xb0 zephyr/kernel/libkernel.a(sched.c.obj)
                0x000000000000645c                move_thread_to_end_of_prio_q
 .text.z_ready_thread
                0x000000000000650c       0x8c zephyr/kernel/libkernel.a(sched.c.obj)
                0x000000000000650c                z_ready_thread
 .text.z_impl_k_thread_suspend
                0x0000000000006598       0xa0 zephyr/kernel/libkernel.a(sched.c.obj)
                0x0000000000006598                z_impl_k_thread_suspend
 .text.z_unpend_thread_no_timeout
                0x0000000000006638       0x90 zephyr/kernel/libkernel.a(sched.c.obj)
                0x0000000000006638                z_unpend_thread_no_timeout
 .text.z_sched_wake_thread
                0x00000000000066c8       0xb0 zephyr/kernel/libkernel.a(sched.c.obj)
                0x00000000000066c8                z_sched_wake_thread
 .text.z_pend_curr
                0x0000000000006778      0x10c zephyr/kernel/libkernel.a(sched.c.obj)
                0x0000000000006778                z_pend_curr
 .text.z_unpend1_no_timeout
                0x0000000000006884       0x9c zephyr/kernel/libkernel.a(sched.c.obj)
                0x0000000000006884                z_unpend1_no_timeout
 .text.z_unpend_first_thread
                0x0000000000006920       0xa4 zephyr/kernel/libkernel.a(sched.c.obj)
                0x0000000000006920                z_unpend_first_thread
 .text.z_thread_prio_set
                0x00000000000069c4      0x124 zephyr/kernel/libkernel.a(sched.c.obj)
                0x00000000000069c4                z_thread_prio_set
 .text.z_reschedule
                0x0000000000006ae8       0x8c zephyr/kernel/libkernel.a(sched.c.obj)
                0x0000000000006ae8                z_reschedule
 .text.z_sched_start
                0x0000000000006b74       0xa4 zephyr/kernel/libkernel.a(sched.c.obj)
                0x0000000000006b74                z_sched_start
 .text.z_reschedule_irqlock
                0x0000000000006c18       0x28 zephyr/kernel/libkernel.a(sched.c.obj)
                0x0000000000006c18                z_reschedule_irqlock
 .text.k_sched_lock
                0x0000000000006c40       0xdc zephyr/kernel/libkernel.a(sched.c.obj)
                0x0000000000006c40                k_sched_lock
 .text.k_sched_unlock
                0x0000000000006d1c       0xf8 zephyr/kernel/libkernel.a(sched.c.obj)
                0x0000000000006d1c                k_sched_unlock
 .text.z_sched_init
                0x0000000000006e14       0x10 zephyr/kernel/libkernel.a(sched.c.obj)
                0x0000000000006e14                z_sched_init
 .text.z_impl_k_yield
                0x0000000000006e24      0x144 zephyr/kernel/libkernel.a(sched.c.obj)
                0x0000000000006e24                z_impl_k_yield
 .text.z_tick_sleep
                0x0000000000006f68      0x144 zephyr/kernel/libkernel.a(sched.c.obj)
 .text.z_impl_k_sleep
                0x00000000000070ac       0x6c zephyr/kernel/libkernel.a(sched.c.obj)
                0x00000000000070ac                z_impl_k_sleep
 .text.z_impl_k_sched_current_thread_query
                0x0000000000007118        0xc zephyr/kernel/libkernel.a(sched.c.obj)
                0x0000000000007118                z_impl_k_sched_current_thread_query
 .text.z_thread_abort
                0x0000000000007124       0xdc zephyr/kernel/libkernel.a(sched.c.obj)
                0x0000000000007124                z_thread_abort
 .text.slice_timeout
                0x0000000000007200       0x5c zephyr/kernel/libkernel.a(timeslicing.c.obj)
 .text.thread_is_sliceable
                0x000000000000725c       0x3c zephyr/kernel/libkernel.a(timeslicing.c.obj)
                0x000000000000725c                thread_is_sliceable
 .text.z_reset_time_slice
                0x0000000000007298       0x50 zephyr/kernel/libkernel.a(timeslicing.c.obj)
                0x0000000000007298                z_reset_time_slice
 .text.z_time_slice
                0x00000000000072e8       0xc8 zephyr/kernel/libkernel.a(timeslicing.c.obj)
                0x00000000000072e8                z_time_slice
 .text.z_spin_lock_valid
                0x00000000000073b0       0x1c zephyr/kernel/libkernel.a(spinlock_validate.c.obj)
                0x00000000000073b0                z_spin_lock_valid
 .text.z_spin_unlock_valid
                0x00000000000073cc       0x2c zephyr/kernel/libkernel.a(spinlock_validate.c.obj)
                0x00000000000073cc                z_spin_unlock_valid
 .text.z_spin_lock_set_owner
                0x00000000000073f8       0x10 zephyr/kernel/libkernel.a(spinlock_validate.c.obj)
                0x00000000000073f8                z_spin_lock_set_owner
 .text.z_data_copy
                0x0000000000007408       0x34 zephyr/kernel/libkernel.a(xip.c.obj)
                0x0000000000007408                z_data_copy
 .text.elapsed  0x000000000000743c       0x14 zephyr/kernel/libkernel.a(timeout.c.obj)
 .text.remove_timeout
                0x0000000000007450       0x38 zephyr/kernel/libkernel.a(timeout.c.obj)
 .text.next_timeout
                0x0000000000007488       0x40 zephyr/kernel/libkernel.a(timeout.c.obj)
 .text.z_add_timeout
                0x00000000000074c8      0x18c zephyr/kernel/libkernel.a(timeout.c.obj)
                0x00000000000074c8                z_add_timeout
 .text.z_abort_timeout
                0x0000000000007654       0x9c zephyr/kernel/libkernel.a(timeout.c.obj)
                0x0000000000007654                z_abort_timeout
 .text.sys_clock_announce
                0x00000000000076f0      0x15c zephyr/kernel/libkernel.a(timeout.c.obj)
                0x00000000000076f0                sys_clock_announce
 .text.sys_clock_tick_get
                0x000000000000784c       0x9c zephyr/kernel/libkernel.a(timeout.c.obj)
                0x000000000000784c                sys_clock_tick_get
 .text.z_timer_expiration_handler
                0x00000000000078e8      0x170 zephyr/kernel/libkernel.a(timer.c.obj)
                0x00000000000078e8                z_timer_expiration_handler
 .text.z_impl_k_timer_start
                0x0000000000007a58       0xe0 zephyr/kernel/libkernel.a(timer.c.obj)
                0x0000000000007a58                z_impl_k_timer_start
 .text.snprintf
                0x0000000000007b38       0x58 c:\ncs\toolchains\ce3b5ff664\opt\zephyr-sdk\arm-zephyr-eabi\bin\../lib/gcc/../../picolibc/arm-zephyr-eabi/lib/thumb/v7e-m/nofp\libc.a(libc_tinystdio_snprintf.c.o)
                0x0000000000007b38                snprintf
 .text.__l_vfprintf
                0x0000000000007b90      0x4b8 c:\ncs\toolchains\ce3b5ff664\opt\zephyr-sdk\arm-zephyr-eabi\bin\../lib/gcc/../../picolibc/arm-zephyr-eabi/lib/thumb/v7e-m/nofp\libc.a(libc_tinystdio_vflprintf.c.o)
                0x0000000000007b90                __l_vfprintf
 .text._OffsetAbsSyms
                0x0000000000008048        0x2 zephyr/CMakeFiles/offsets.dir/./arch/arm/core/offsets/offsets.c.obj
                0x0000000000008048                _OffsetAbsSyms
 .text.chunk_size
                0x000000000000804a        0xa zephyr/libzephyr.a(heap.c.obj)
 .text.free_list_add
                0x0000000000008054       0x4e zephyr/libzephyr.a(heap.c.obj)
 .text.cbpprintf_external
                0x00000000000080a2       0x62 zephyr/libzephyr.a(cbprintf_packaged.c.obj)
                0x00000000000080a2                cbpprintf_external
 .text.is_ptr   0x0000000000008104       0x4a zephyr/libzephyr.a(cbprintf_packaged.c.obj)
                0x0000000000008104                is_ptr
 .text.arch_printk_char_out
                0x000000000000814e        0x4 zephyr/libzephyr.a(printk.c.obj)
                0x000000000000814e                arch_printk_char_out
 .text.vprintk  0x0000000000008152        0x4 zephyr/libzephyr.a(printk.c.obj)
                0x0000000000008152                vprintk
 .text.printk   0x0000000000008156       0x1a zephyr/libzephyr.a(printk.c.obj)
                0x0000000000008156                printk
 .text.assert_post_action
                0x0000000000008170       0x12 zephyr/libzephyr.a(assert.c.obj)
                0x0000000000008170                assert_post_action
 .text.assert_print
                0x0000000000008182       0x1a zephyr/libzephyr.a(assert.c.obj)
                0x0000000000008182                assert_print
 .text.free_space
                0x000000000000819c       0x26 zephyr/libzephyr.a(mpsc_pbuf.c.obj)
 .text.get_usage
                0x00000000000081c2       0x22 zephyr/libzephyr.a(mpsc_pbuf.c.obj)
 .text.idx_inc  0x00000000000081e4       0x1c zephyr/libzephyr.a(mpsc_pbuf.c.obj)
 .text.rd_idx_inc
                0x0000000000008200       0x18 zephyr/libzephyr.a(mpsc_pbuf.c.obj)
 .text.add_skip_item
                0x0000000000008218       0x3a zephyr/libzephyr.a(mpsc_pbuf.c.obj)
 .text.drop_item_locked
                0x0000000000008252       0xee zephyr/libzephyr.a(mpsc_pbuf.c.obj)
 .text.post_drop_action
                0x0000000000008340       0x36 zephyr/libzephyr.a(mpsc_pbuf.c.obj)
 .text.max_utilization_update
                0x0000000000008376       0x1a zephyr/libzephyr.a(mpsc_pbuf.c.obj)
 .text.mpsc_pbuf_is_pending
                0x0000000000008390       0x1a zephyr/libzephyr.a(mpsc_pbuf.c.obj)
                0x0000000000008390                mpsc_pbuf_is_pending
 .text.process_recheck
                0x00000000000083aa       0x38 zephyr/libzephyr.a(onoff.c.obj)
 .text.validate_args
                0x00000000000083e2       0x20 zephyr/libzephyr.a(onoff.c.obj)
 .text.notify_one
                0x0000000000008402       0x2c zephyr/libzephyr.a(onoff.c.obj)
 .text.onoff_manager_init
                0x000000000000842e       0x26 zephyr/libzephyr.a(onoff.c.obj)
                0x000000000000842e                onoff_manager_init
 .text.sys_notify_validate
                0x0000000000008454       0x22 zephyr/libzephyr.a(notify.c.obj)
                0x0000000000008454                sys_notify_validate
 .text._ConfigAbsSyms
                0x0000000000008476        0x2 zephyr/libzephyr.a(configs.c.obj)
                0x0000000000008476                _ConfigAbsSyms
 .text.log_msg_generic_get_wlen
                0x0000000000008478       0x20 zephyr/libzephyr.a(log_core.c.obj)
 .text.dummy_timestamp
                0x0000000000008498        0x4 zephyr/libzephyr.a(log_core.c.obj)
 .text.default_get_timestamp
                0x000000000000849c        0x4 zephyr/libzephyr.a(log_core.c.obj)
 .text.atomic_inc
                0x00000000000084a0       0x1a zephyr/libzephyr.a(log_core.c.obj)
 .text.enable_logger
                0x00000000000084ba        0xe zephyr/libzephyr.a(log_core.c.obj)
 .text.z_log_vprintk
                0x00000000000084c8       0x1c zephyr/libzephyr.a(log_core.c.obj)
                0x00000000000084c8                z_log_vprintk
 .text.z_log_notify_drop
                0x00000000000084e4        0x6 zephyr/libzephyr.a(log_core.c.obj)
 .text.z_log_get_tag
                0x00000000000084ea        0x4 zephyr/libzephyr.a(log_core.c.obj)
                0x00000000000084ea                z_log_get_tag
 .text.z_cbprintf_cpy
                0x00000000000084ee       0x2c zephyr/libzephyr.a(log_msg.c.obj)
 .text.z_log_msg_finalize
                0x000000000000851a       0x32 zephyr/libzephyr.a(log_msg.c.obj)
                0x000000000000851a                z_log_msg_finalize
 .text.z_log_msg_simple_create
                0x000000000000854c       0x6e zephyr/libzephyr.a(log_msg.c.obj)
 .text.z_impl_z_log_msg_simple_create_0
                0x00000000000085ba       0x12 zephyr/libzephyr.a(log_msg.c.obj)
                0x00000000000085ba                z_impl_z_log_msg_simple_create_0
 .text.z_impl_z_log_msg_simple_create_1
                0x00000000000085cc       0x14 zephyr/libzephyr.a(log_msg.c.obj)
                0x00000000000085cc                z_impl_z_log_msg_simple_create_1
 .text.buffer_write
                0x00000000000085e0       0x1c zephyr/libzephyr.a(log_output.c.obj)
 .text.log_output_flush
                0x00000000000085fc       0x1a zephyr/libzephyr.a(log_output.c.obj)
                0x00000000000085fc                log_output_flush
 .text.cr_out_func
                0x0000000000008616       0x1c zephyr/libzephyr.a(log_output.c.obj)
 .text.log_output_msg_process
                0x0000000000008632       0x6a zephyr/libzephyr.a(log_output.c.obj)
                0x0000000000008632                log_output_msg_process
 .text.format_set
                0x000000000000869c        0xc zephyr/libzephyr.a(log_backend_uart.c.obj)
 .text.panic    0x00000000000086a8       0x10 zephyr/libzephyr.a(log_backend_uart.c.obj)
 .text.dropped  0x00000000000086b8        0xa zephyr/libzephyr.a(log_backend_uart.c.obj)
 .text.process  0x00000000000086c2       0x1e zephyr/libzephyr.a(log_backend_uart.c.obj)
 .text.z_do_kernel_oops
                0x00000000000086e0        0x8 zephyr/arch/arch/arm/core/libarch__arm__core.a(fatal.c.obj)
                0x00000000000086e0                z_do_kernel_oops
 .text.z_arm_nmi
                0x00000000000086e8        0xe zephyr/arch/arch/arm/core/libarch__arm__core.a(nmi.c.obj)
                0x00000000000086e8                z_arm_nmi
 .text.z_log_msg_simple_create_0.constprop.0
                0x00000000000086f6        0x8 zephyr/arch/arch/arm/core/cortex_m/libarch__arm__core__cortex_m.a(fault.c.obj)
 .text.z_irq_spurious
                0x00000000000086fe        0x8 zephyr/arch/arch/arm/core/cortex_m/libarch__arm__core__cortex_m.a(irq_manage.c.obj)
                0x00000000000086fe                z_irq_spurious
 .text.arch_irq_unlock_outlined
                0x0000000000008706        0xe zephyr/arch/arch/arm/core/cortex_m/libarch__arm__core__cortex_m.a(thread.c.obj)
                0x0000000000008706                arch_irq_unlock_outlined
 .text.arch_cpu_idle
                0x0000000000008714       0x1a zephyr/arch/arch/arm/core/cortex_m/libarch__arm__core__cortex_m.a(cpu_idle.c.obj)
                0x0000000000008714                arch_cpu_idle
 .text.arch_cpu_atomic_idle
                0x000000000000872e       0x1e zephyr/arch/arch/arm/core/cortex_m/libarch__arm__core__cortex_m.a(cpu_idle.c.obj)
                0x000000000000872e                arch_cpu_atomic_idle
 .text.size_to_mpu_rasr_size
                0x000000000000874c       0x20 zephyr/arch/arch/arm/core/mpu/libarch__arm__core__mpu.a(arm_mpu.c.obj)
 .text.cbputc   0x000000000000876c        0xc zephyr/lib/libc/picolibc/liblib__libc__picolibc.a(libc-hooks.c.obj)
 .text.picolibc_put
                0x0000000000008778        0xa zephyr/lib/libc/picolibc/liblib__libc__picolibc.a(libc-hooks.c.obj)
 .text.async_start
                0x0000000000008782       0x5a zephyr/drivers/clock_control/libdrivers__clock_control.a(clock_control_nrf.c.obj)
 .text.api_start
                0x00000000000087dc        0xe zephyr/drivers/clock_control/libdrivers__clock_control.a(clock_control_nrf.c.obj)
 .text.onoff_started_callback
                0x00000000000087ea        0xc zephyr/drivers/clock_control/libdrivers__clock_control.a(clock_control_nrf.c.obj)
 .text.lfclk_stop
                0x00000000000087f6        0x6 zephyr/drivers/clock_control/libdrivers__clock_control.a(clock_control_nrf.c.obj)
 .text.blocking_start_callback
                0x00000000000087fc        0x6 zephyr/drivers/clock_control/libdrivers__clock_control.a(clock_control_nrf.c.obj)
 .text.api_stop
                0x0000000000008802        0x6 zephyr/drivers/clock_control/libdrivers__clock_control.a(clock_control_nrf.c.obj)
 .text.gpio_nrfx_port_get_raw
                0x0000000000008808        0xe zephyr/drivers/gpio/libdrivers__gpio.a(gpio_nrfx.c.obj)
 .text.gpio_nrfx_port_set_masked_raw
                0x0000000000008816       0x18 zephyr/drivers/gpio/libdrivers__gpio.a(gpio_nrfx.c.obj)
 .text.gpio_nrfx_port_set_bits_raw
                0x000000000000882e        0xc zephyr/drivers/gpio/libdrivers__gpio.a(gpio_nrfx.c.obj)
 .text.gpio_nrfx_port_clear_bits_raw
                0x000000000000883a        0xc zephyr/drivers/gpio/libdrivers__gpio.a(gpio_nrfx.c.obj)
 .text.gpio_nrfx_port_toggle_bits
                0x0000000000008846       0x1a zephyr/drivers/gpio/libdrivers__gpio.a(gpio_nrfx.c.obj)
 .text.pinctrl_lookup_state
                0x0000000000008860       0x26 zephyr/drivers/pinctrl/libdrivers__pinctrl.a(common.c.obj)
                0x0000000000008860                pinctrl_lookup_state
 .text.uarte_nrfx_err_check
                0x0000000000008886        0xe zephyr/drivers/serial/libdrivers__serial.a(uart_nrfx_uarte.c.obj)
 .text.uarte_nrfx_poll_in
                0x0000000000008894       0x28 zephyr/drivers/serial/libdrivers__serial.a(uart_nrfx_uarte.c.obj)
 .text.is_tx_ready.isra.0
                0x00000000000088bc       0x20 zephyr/drivers/serial/libdrivers__serial.a(uart_nrfx_uarte.c.obj)
 .text.uarte_nrfx_isr_int
                0x00000000000088dc       0x6e zephyr/drivers/serial/libdrivers__serial.a(uart_nrfx_uarte.c.obj)
 .text.sys_clock_cycle_get_32
                0x000000000000894a        0x8 zephyr/drivers/timer/libdrivers__timer.a(nrf_rtc_timer.c.obj)
                0x000000000000894a                sys_clock_cycle_get_32
 .text.nrf52_errata_12
                0x0000000000008952       0x1c modules/hal_nordic/nrfx/libmodules__hal_nordic__nrfx.a(system_nrf52.c.obj)
 .text.nrfx_isr
                0x000000000000896e        0x2 modules/hal_nordic/nrfx/libmodules__hal_nordic__nrfx.a(nrfx_glue.c.obj)
                0x000000000000896e                nrfx_isr
 .text.nrfx_busy_wait
                0x0000000000008970        0x4 modules/hal_nordic/nrfx/libmodules__hal_nordic__nrfx.a(nrfx_glue.c.obj)
                0x0000000000008970                nrfx_busy_wait
 .text.nrfx_gppi_channel_endpoints_setup
                0x0000000000008974       0x14 modules/hal_nordic/nrfx/libmodules__hal_nordic__nrfx.a(nrfx_gppi_ppi.c.obj)
                0x0000000000008974                nrfx_gppi_channel_endpoints_setup
 .text.nrf_gpio_pin_present_check
                0x0000000000008988       0x14 modules/hal_nordic/nrfx/libmodules__hal_nordic__nrfx.a(nrfx_gpiote.c.obj)
 .text.nrf_gpio_reconfigure
                0x000000000000899c       0x9a modules/hal_nordic/nrfx/libmodules__hal_nordic__nrfx.a(nrfx_gpiote.c.obj)
 .text.nrf_gpio_cfg_sense_set
                0x0000000000008a36       0x1e modules/hal_nordic/nrfx/libmodules__hal_nordic__nrfx.a(nrfx_gpiote.c.obj)
 .text.latch_pending_read_and_check
                0x0000000000008a54       0x1c modules/hal_nordic/nrfx/libmodules__hal_nordic__nrfx.a(nrfx_gpiote.c.obj)
 .text.pin_is_task_output.isra.0
                0x0000000000008a70       0x16 modules/hal_nordic/nrfx/libmodules__hal_nordic__nrfx.a(nrfx_gpiote.c.obj)
 .text.nrfx_gpiote_pin_uninit
                0x0000000000008a86        0x4 modules/hal_nordic/nrfx/libmodules__hal_nordic__nrfx.a(nrfx_gpiote.c.obj)
                0x0000000000008a86                nrfx_gpiote_pin_uninit
 .text.nrfx_gpiote_trigger_disable
                0x0000000000008a8a        0x4 modules/hal_nordic/nrfx/libmodules__hal_nordic__nrfx.a(nrfx_gpiote.c.obj)
                0x0000000000008a8a                nrfx_gpiote_trigger_disable
 .text.nrfx_twis_event_bit_get
                0x0000000000008a8e       0x1e modules/hal_nordic/nrfx/libmodules__hal_nordic__nrfx.a(nrfx_twis.c.obj)
 .text.call_event_handler
                0x0000000000008aac        0xa modules/hal_nordic/nrfx/libmodules__hal_nordic__nrfx.a(nrfx_twis.c.obj)
 .text.nrfx_twis_process_error
                0x0000000000008ab6       0x22 modules/hal_nordic/nrfx/libmodules__hal_nordic__nrfx.a(nrfx_twis.c.obj)
 .text.SEGGER_RTT_Init
                0x0000000000008ad8        0x4 modules/segger/libmodules__segger.a(SEGGER_RTT.c.obj)
                0x0000000000008ad8                SEGGER_RTT_Init
 .text.rtt_init
                0x0000000000008adc        0xa modules/segger/libmodules__segger.a(SEGGER_RTT_zephyr.c.obj)
 .text.z_impl_k_busy_wait
                0x0000000000008ae6        0x8 zephyr/kernel/libkernel.a(busy_wait.c.obj)
                0x0000000000008ae6                z_impl_k_busy_wait
 .text.z_device_is_ready
                0x0000000000008aee       0x16 zephyr/kernel/libkernel.a(device.c.obj)
                0x0000000000008aee                z_device_is_ready
 .text.arch_system_halt
                0x0000000000008b04       0x10 zephyr/kernel/libkernel.a(fatal.c.obj)
                0x0000000000008b04                arch_system_halt
 .text.do_device_init
                0x0000000000008b14       0x30 zephyr/kernel/libkernel.a(init.c.obj)
 .text.z_early_memset
                0x0000000000008b44        0x4 zephyr/kernel/libkernel.a(init.c.obj)
                0x0000000000008b44                z_early_memset
 .text.z_early_memcpy
                0x0000000000008b48        0x4 zephyr/kernel/libkernel.a(init.c.obj)
                0x0000000000008b48                z_early_memcpy
 .text.adjust_owner_prio.isra.0
                0x0000000000008b4c       0x10 zephyr/kernel/libkernel.a(mutex.c.obj)
 .text.z_impl_k_sem_init
                0x0000000000008b5c       0x18 zephyr/kernel/libkernel.a(sem.c.obj)
                0x0000000000008b5c                z_impl_k_sem_init
 .text.k_is_in_isr
                0x0000000000008b74        0xc zephyr/kernel/libkernel.a(thread.c.obj)
                0x0000000000008b74                k_is_in_isr
 .text.k_thread_name_get
                0x0000000000008b80        0x4 zephyr/kernel/libkernel.a(thread.c.obj)
                0x0000000000008b80                k_thread_name_get
 .text.z_impl_k_thread_start
                0x0000000000008b84        0x4 zephyr/kernel/libkernel.a(thread.c.obj)
                0x0000000000008b84                z_impl_k_thread_start
 .text.sys_dlist_remove
                0x0000000000008b88       0x10 zephyr/kernel/libkernel.a(sched.c.obj)
 .text.add_to_waitq_locked
                0x0000000000008b98       0x50 zephyr/kernel/libkernel.a(sched.c.obj)
 .text.z_thread_timeout
                0x0000000000008be8        0x8 zephyr/kernel/libkernel.a(sched.c.obj)
                0x0000000000008be8                z_thread_timeout
 .text.sys_clock_tick_get_32
                0x0000000000008bf0        0x8 zephyr/kernel/libkernel.a(timeout.c.obj)
                0x0000000000008bf0                sys_clock_tick_get_32
 .text.z_impl_k_uptime_ticks
                0x0000000000008bf8        0x4 zephyr/kernel/libkernel.a(timeout.c.obj)
                0x0000000000008bf8                z_impl_k_uptime_ticks
 .text.z_impl_k_timer_stop
                0x0000000000008bfc       0x38 zephyr/kernel/libkernel.a(timer.c.obj)
                0x0000000000008bfc                z_impl_k_timer_stop
 .text.strnlen  0x0000000000008c34       0x18 c:\ncs\toolchains\ce3b5ff664\opt\zephyr-sdk\arm-zephyr-eabi\bin\../lib/gcc/../../picolibc/arm-zephyr-eabi/lib/thumb/v7e-m/nofp\libc.a(libc_string_strnlen.c.o)
                0x0000000000008c34                strnlen
 .text.__ultoa_invert
                0x0000000000008c4c       0xae c:\ncs\toolchains\ce3b5ff664\opt\zephyr-sdk\arm-zephyr-eabi\bin\../lib/gcc/../../picolibc/arm-zephyr-eabi/lib/thumb/v7e-m/nofp\libc.a(libc_tinystdio_vflprintf.c.o)
 .text.memcpy   0x0000000000008cfa       0x1c c:\ncs\toolchains\ce3b5ff664\opt\zephyr-sdk\arm-zephyr-eabi\bin\../lib/gcc/../../picolibc/arm-zephyr-eabi/lib/thumb/v7e-m/nofp\libc.a(memcpy.c.o)
                0x0000000000008cfa                __aeabi_memcpy
                0x0000000000008cfa                __aeabi_memcpy4
                0x0000000000008cfa                __aeabi_memcpy8
                0x0000000000008cfa                memcpy
 .text.memset   0x0000000000008d16       0x10 c:\ncs\toolchains\ce3b5ff664\opt\zephyr-sdk\arm-zephyr-eabi\bin\../lib/gcc/../../picolibc/arm-zephyr-eabi/lib/thumb/v7e-m/nofp\libc.a(memset.c.o)
                0x0000000000008d16                memset
 .text.__file_str_put
                0x0000000000008d26       0x10 c:\ncs\toolchains\ce3b5ff664\opt\zephyr-sdk\arm-zephyr-eabi\bin\../lib/gcc/../../picolibc/arm-zephyr-eabi/lib/thumb/v7e-m/nofp\libc.a(libc_tinystdio_filestrput.c.o)
                0x0000000000008d26                __file_str_put
 *(SORT_BY_ALIGNMENT(.TEXT.*))
 *fill*         0x0000000000008d36        0x2 
 .TEXT.__aeabi_read_tp
                0x0000000000008d38        0xc zephyr/arch/arch/arm/core/cortex_m/libarch__arm__core__cortex_m.a(__aeabi_read_tp.S.obj)
                0x0000000000008d38                __aeabi_read_tp
 *(SORT_BY_ALIGNMENT(.gnu.linkonce.t.*))
 *(SORT_BY_ALIGNMENT(.glue_7t))
 .glue_7t       0x0000000000008d44        0x0 linker stubs
 *(SORT_BY_ALIGNMENT(.glue_7))
 .glue_7        0x0000000000008d44        0x0 linker stubs
 *(SORT_BY_ALIGNMENT(.vfp11_veneer))
 .vfp11_veneer  0x0000000000008d44        0x0 linker stubs
 *(SORT_BY_ALIGNMENT(.v4_bx))
 .v4_bx         0x0000000000008d44        0x0 linker stubs
                0x0000000000008d44                . = ALIGN (0x4)
                0x0000000000008d44                __text_region_end = .

.ARM.exidx      0x0000000000008d44        0x8
                0x0000000000008d44                __exidx_start = .
 *(SORT_BY_ALIGNMENT(.ARM.exidx*) SORT_BY_ALIGNMENT(gnu.linkonce.armexidx.*))
 .ARM.exidx     0x0000000000008d44        0x8 c:\ncs\toolchains\ce3b5ff664\opt\zephyr-sdk\arm-zephyr-eabi\bin\../lib/gcc/../../picolibc/arm-zephyr-eabi/lib/thumb/v7e-m/nofp\libc.a(strlen.S.o)
                0x0000000000008d4c                __exidx_end = .
                0x0000000000008d4c                __rodata_region_start = .

initlevel       0x0000000000008d4c       0x48
                0x0000000000008d4c                __init_start = .
                0x0000000000008d4c                __init_EARLY_start = .
 *(SORT_BY_NAME(SORT_BY_ALIGNMENT(.z_init_EARLY?_*)))
 *(SORT_BY_NAME(SORT_BY_ALIGNMENT(.z_init_EARLY??_*)))
                0x0000000000008d4c                __init_PRE_KERNEL_1_start = .
 *(SORT_BY_NAME(SORT_BY_ALIGNMENT(.z_init_PRE_KERNEL_1?_*)))
 .z_init_PRE_KERNEL_10_0_
                0x0000000000008d4c        0x8 zephyr/soc/soc/nrf52832/libsoc__nordic.a(soc.c.obj)
 *(SORT_BY_NAME(SORT_BY_ALIGNMENT(.z_init_PRE_KERNEL_1??_*)))
 .z_init_PRE_KERNEL_130_00062_
                0x0000000000008d54        0x8 zephyr/drivers/clock_control/libdrivers__clock_control.a(clock_control_nrf.c.obj)
 .z_init_PRE_KERNEL_130_0_
                0x0000000000008d5c        0x8 modules/segger/libmodules__segger.a(SEGGER_RTT_zephyr.c.obj)
 .z_init_PRE_KERNEL_140_00011_
                0x0000000000008d64        0x8 zephyr/drivers/gpio/libdrivers__gpio.a(gpio_nrfx.c.obj)
 .z_init_PRE_KERNEL_150_00097_
                0x0000000000008d6c        0x8 zephyr/drivers/serial/libdrivers__serial.a(uart_nrfx_uarte.c.obj)
 .z_init_PRE_KERNEL_160_0_
                0x0000000000008d74        0x8 zephyr/drivers/console/libdrivers__console.a(uart_console.c.obj)
                0x0000000000008d7c                __init_PRE_KERNEL_2_start = .
 *(SORT_BY_NAME(SORT_BY_ALIGNMENT(.z_init_PRE_KERNEL_2?_*)))
 .z_init_PRE_KERNEL_20_0_
                0x0000000000008d7c        0x8 zephyr/drivers/timer/libdrivers__timer.a(nrf_rtc_timer.c.obj)
 *(SORT_BY_NAME(SORT_BY_ALIGNMENT(.z_init_PRE_KERNEL_2??_*)))
                0x0000000000008d84                __init_POST_KERNEL_start = .
 *(SORT_BY_NAME(SORT_BY_ALIGNMENT(.z_init_POST_KERNEL?_*)))
 .z_init_POST_KERNEL0_0_
                0x0000000000008d84        0x8 zephyr/libzephyr.a(log_core.c.obj)
 *(SORT_BY_NAME(SORT_BY_ALIGNMENT(.z_init_POST_KERNEL??_*)))
 .z_init_POST_KERNEL40_0_
                0x0000000000008d8c        0x8 zephyr/lib/libc/common/liblib__libc__common.a(malloc.c.obj)
                0x0000000000008d94                __init_APPLICATION_start = .
 *(SORT_BY_NAME(SORT_BY_ALIGNMENT(.z_init_APPLICATION?_*)))
 *(SORT_BY_NAME(SORT_BY_ALIGNMENT(.z_init_APPLICATION??_*)))
                0x0000000000008d94                __init_SMP_start = .
 *(SORT_BY_NAME(SORT_BY_ALIGNMENT(.z_init_SMP?_*)))
 *(SORT_BY_NAME(SORT_BY_ALIGNMENT(.z_init_SMP??_*)))
                0x0000000000008d94                __init_end = .
                0x0000000000008d94                __deferred_init_list_start = .
 *(SORT_BY_ALIGNMENT(.z_deferred_init))
                0x0000000000008d94                __deferred_init_list_end = .

device_area     0x0000000000008d94       0x3c
                0x0000000000008d94                _device_list_start = .
 *(SORT_BY_NAME(SORT_BY_ALIGNMENT(._device.static.*_?_*)))
 *(SORT_BY_NAME(SORT_BY_ALIGNMENT(._device.static.*_??_*)))
 ._device.static.1_30_
                0x0000000000008d94       0x14 zephyr/drivers/clock_control/libdrivers__clock_control.a(clock_control_nrf.c.obj)
                0x0000000000008d94                __device_dts_ord_62
 ._device.static.1_40_
                0x0000000000008da8       0x14 zephyr/drivers/gpio/libdrivers__gpio.a(gpio_nrfx.c.obj)
                0x0000000000008da8                __device_dts_ord_11
 ._device.static.1_50_
                0x0000000000008dbc       0x14 zephyr/drivers/serial/libdrivers__serial.a(uart_nrfx_uarte.c.obj)
                0x0000000000008dbc                __device_dts_ord_97
                0x0000000000008dd0                _device_list_end = .

sw_isr_table    0x0000000000008dd0      0x138
                0x0000000000008dd0                . = ALIGN (0x4)
 *(SORT_BY_ALIGNMENT(.gnu.linkonce.sw_isr_table*))
 .gnu.linkonce.sw_isr_table
                0x0000000000008dd0      0x138 zephyr/arch/common/libisr_tables.a(isr_tables.c.obj)
                0x0000000000008dd0                _sw_isr_table

initlevel_error
                0x0000000000008d4c        0x0
 *(SORT_BY_NAME(SORT_BY_ALIGNMENT(.z_init_[_A-Z0-9]*)))
                0x0000000000000001                ASSERT ((SIZEOF (initlevel_error) == 0x0), Undefined initialization levels used.)

app_shmem_regions
                0x0000000000008f08        0x0
                0x0000000000008f08                __app_shmem_regions_start = .
 *(SORT_BY_NAME(SORT_BY_ALIGNMENT(.app_regions.*)))
                0x0000000000008f08                __app_shmem_regions_end = .

k_p4wq_initparam_area
                0x0000000000008f08        0x0
                0x0000000000008f08                _k_p4wq_initparam_list_start = .
 *(SORT_BY_NAME(SORT_BY_ALIGNMENT(._k_p4wq_initparam.static.*)))
                0x0000000000008f08                _k_p4wq_initparam_list_end = .

_static_thread_data_area
                0x0000000000008f08        0x0
                0x0000000000008f08                __static_thread_data_list_start = .
 *(SORT_BY_NAME(SORT_BY_ALIGNMENT(.__static_thread_data.static.*)))
                0x0000000000008f08                __static_thread_data_list_end = .

device_deps     0x0000000000008f08        0x0
                0x0000000000008f08                __device_deps_start = .
 *(SORT_BY_NAME(SORT_BY_ALIGNMENT(.__device_deps_pass2*)))
                0x0000000000008f08                __device_deps_end = .

ztest           0x0000000000008f08        0x0
                0x0000000000008f08                _ztest_expected_result_entry_list_start = .
 *(SORT_BY_NAME(SORT_BY_ALIGNMENT(._ztest_expected_result_entry.static.*)))
                0x0000000000008f08                _ztest_expected_result_entry_list_end = .
                0x0000000000008f08                _ztest_suite_node_list_start = .
 *(SORT_BY_NAME(SORT_BY_ALIGNMENT(._ztest_suite_node.static.*)))
                0x0000000000008f08                _ztest_suite_node_list_end = .
                0x0000000000008f08                _ztest_unit_test_list_start = .
 *(SORT_BY_NAME(SORT_BY_ALIGNMENT(._ztest_unit_test.static.*)))
                0x0000000000008f08                _ztest_unit_test_list_end = .
                0x0000000000008f08                _ztest_test_rule_list_start = .
 *(SORT_BY_NAME(SORT_BY_ALIGNMENT(._ztest_test_rule.static.*)))
                0x0000000000008f08                _ztest_test_rule_list_end = .

bt_l2cap_fixed_chan_area
                0x0000000000008f08        0x0
                0x0000000000008f08                _bt_l2cap_fixed_chan_list_start = .
 *(SORT_BY_NAME(SORT_BY_ALIGNMENT(._bt_l2cap_fixed_chan.static.*)))
                0x0000000000008f08                _bt_l2cap_fixed_chan_list_end = .

bt_gatt_service_static_area
                0x0000000000008f08        0x0
                0x0000000000008f08                _bt_gatt_service_static_list_start = .
 *(SORT_BY_NAME(SORT_BY_ALIGNMENT(._bt_gatt_service_static.static.*)))
                0x0000000000008f08                _bt_gatt_service_static_list_end = .

log_strings_area
                0x0000000000008f08        0x0
                0x0000000000008f08                _log_strings_list_start = .
 *(SORT_BY_NAME(SORT_BY_ALIGNMENT(._log_strings.static.*)))
                0x0000000000008f08                _log_strings_list_end = .

log_const_area  0x0000000000008f08       0x50
                0x0000000000008f08                _log_const_list_start = .
 *(SORT_BY_NAME(SORT_BY_ALIGNMENT(._log_const.static.*)))
 ._log_const.static.log_const_cbprintf_package_
                0x0000000000008f08        0x8 zephyr/libzephyr.a(cbprintf_packaged.c.obj)
                0x0000000000008f08                log_const_cbprintf_package
 ._log_const.static.log_const_clock_control_
                0x0000000000008f10        0x8 zephyr/drivers/clock_control/libdrivers__clock_control.a(clock_control_nrf.c.obj)
                0x0000000000008f10                log_const_clock_control
 ._log_const.static.log_const_i2c_slave_
                0x0000000000008f18        0x8 app/libapp.a(main.c.obj)
                0x0000000000008f18                log_const_i2c_slave
 ._log_const.static.log_const_log_
                0x0000000000008f20        0x8 zephyr/libzephyr.a(log_core.c.obj)
                0x0000000000008f20                log_const_log
 ._log_const.static.log_const_log_mgmt_
                0x0000000000008f28        0x8 zephyr/libzephyr.a(log_mgmt.c.obj)
                0x0000000000008f28                log_const_log_mgmt
 ._log_const.static.log_const_log_uart_
                0x0000000000008f30        0x8 zephyr/libzephyr.a(log_backend_uart.c.obj)
                0x0000000000008f30                log_const_log_uart
 ._log_const.static.log_const_mpu_
                0x0000000000008f38        0x8 zephyr/arch/arch/arm/core/mpu/libarch__arm__core__mpu.a(arm_core_mpu.c.obj)
                0x0000000000008f38                log_const_mpu
 ._log_const.static.log_const_os_
                0x0000000000008f40        0x8 zephyr/kernel/libkernel.a(init.c.obj)
                0x0000000000008f40                log_const_os
 ._log_const.static.log_const_soc_
                0x0000000000008f48        0x8 zephyr/soc/soc/nrf52832/libsoc__nordic.a(soc.c.obj)
                0x0000000000008f48                log_const_soc
 ._log_const.static.log_const_uart_nrfx_uarte_
                0x0000000000008f50        0x8 zephyr/drivers/serial/libdrivers__serial.a(uart_nrfx_uarte.c.obj)
                0x0000000000008f50                log_const_uart_nrfx_uarte
                0x0000000000008f58                _log_const_list_end = .

log_backend_area
                0x0000000000008f58       0x20
                0x0000000000008f58                _log_backend_list_start = .
 *(SORT_BY_NAME(SORT_BY_ALIGNMENT(._log_backend.static.*)))
 ._log_backend.static.log_backend_rtt_
                0x0000000000008f58       0x10 zephyr/libzephyr.a(log_backend_rtt.c.obj)
 ._log_backend.static.log_backend_uart_
                0x0000000000008f68       0x10 zephyr/libzephyr.a(log_backend_uart.c.obj)
                0x0000000000008f78                _log_backend_list_end = .

log_link_area   0x0000000000008f78        0x0
                0x0000000000008f78                _log_link_list_start = .
 *(SORT_BY_NAME(SORT_BY_ALIGNMENT(._log_link.static.*)))
                0x0000000000008f78                _log_link_list_end = .

tracing_backend_area
                0x0000000000008f78        0x0
                0x0000000000008f78                _tracing_backend_list_start = .
 *(SORT_BY_NAME(SORT_BY_ALIGNMENT(._tracing_backend.static.*)))
                0x0000000000008f78                _tracing_backend_list_end = .

zephyr_dbg_info
 *(SORT_BY_ALIGNMENT(.dbg_thread_info))

symbol_to_keep  0x0000000000008f78        0x0
                0x0000000000008f78                __symbol_to_keep_start = .
 *(SORT_BY_NAME(SORT_BY_ALIGNMENT(.symbol_to_keep*)))
                0x0000000000008f78                __symbol_to_keep_end = .

shell_area      0x0000000000008f78        0x0
                0x0000000000008f78                _shell_list_start = .
 *(SORT_BY_NAME(SORT_BY_ALIGNMENT(._shell.static.*)))
                0x0000000000008f78                _shell_list_end = .

shell_root_cmds_area
                0x0000000000008f78        0x0
                0x0000000000008f78                _shell_root_cmds_list_start = .
 *(SORT_BY_NAME(SORT_BY_ALIGNMENT(._shell_root_cmds.static.*)))
                0x0000000000008f78                _shell_root_cmds_list_end = .

shell_subcmds_area
                0x0000000000008f78        0x0
                0x0000000000008f78                _shell_subcmds_list_start = .
 *(SORT_BY_NAME(SORT_BY_ALIGNMENT(._shell_subcmds.static.*)))
                0x0000000000008f78                _shell_subcmds_list_end = .

shell_dynamic_subcmds_area
                0x0000000000008f78        0x0
                0x0000000000008f78                _shell_dynamic_subcmds_list_start = .
 *(SORT_BY_NAME(SORT_BY_ALIGNMENT(._shell_dynamic_subcmds.static.*)))
                0x0000000000008f78                _shell_dynamic_subcmds_list_end = .

cfb_font_area   0x0000000000008f78        0x0
                0x0000000000008f78                _cfb_font_list_start = .
 *(SORT_BY_NAME(SORT_BY_ALIGNMENT(._cfb_font.static.*)))
                0x0000000000008f78                _cfb_font_list_end = .

tdata           0x0000000000008f78        0x0
 *(SORT_BY_ALIGNMENT(.tdata) SORT_BY_ALIGNMENT(.tdata.*) SORT_BY_ALIGNMENT(.gnu.linkonce.td.*))

tbss            0x0000000000008f78        0x4
 *(SORT_BY_ALIGNMENT(.tbss) SORT_BY_ALIGNMENT(.tbss.*) SORT_BY_ALIGNMENT(.gnu.linkonce.tb.*) SORT_BY_ALIGNMENT(.tcommon))
 .tbss.z_tls_current
                0x0000000000008f78        0x4 zephyr/libzephyr.a(thread_entry.c.obj)
                0x0000000000008f78                z_tls_current
                0x0000000000008f78                PROVIDE (__tdata_start = LOADADDR (tdata))
                0x0000000000000001                PROVIDE (__tdata_align = ALIGNOF (tdata))
                0x0000000000000000                PROVIDE (__tdata_size = (((SIZEOF (tdata) + __tdata_align) - 0x1) & ~ ((__tdata_align - 0x1))))
                [!provide]                        PROVIDE (__tdata_end = (__tdata_start + __tdata_size))
                0x0000000000000004                PROVIDE (__tbss_align = ALIGNOF (tbss))
                [!provide]                        PROVIDE (__tbss_start = ADDR (tbss))
                0x0000000000000004                PROVIDE (__tbss_size = (((SIZEOF (tbss) + __tbss_align) - 0x1) & ~ ((__tbss_align - 0x1))))
                [!provide]                        PROVIDE (__tbss_end = (__tbss_start + __tbss_size))
                [!provide]                        PROVIDE (__tls_start = __tdata_start)
                [!provide]                        PROVIDE (__tls_end = __tbss_end)
                [!provide]                        PROVIDE (__tls_size = (__tbss_end - __tdata_start))

rodata          0x0000000000008f80     0x1f3c
 *(SORT_BY_ALIGNMENT(.rodata))
 *(SORT_BY_ALIGNMENT(.rodata.*))
 .rodata.delay_machine_code.0
                0x0000000000008f80        0x6 zephyr/soc/soc/nrf52832/libsoc__nordic.a(soc.c.obj)
 *fill*         0x0000000000008f86        0x2 
 .rodata.mpsc_config
                0x0000000000008f88       0x14 zephyr/libzephyr.a(log_core.c.obj)
 .rodata.format_table
                0x0000000000008f9c       0x10 zephyr/libzephyr.a(log_core.c.obj)
 .rodata.colors
                0x0000000000008fac       0x14 zephyr/libzephyr.a(log_output.c.obj)
 .rodata.severity
                0x0000000000008fc0       0x14 zephyr/libzephyr.a(log_output.c.obj)
 .rodata.log_backend_rtt_api
                0x0000000000008fd4       0x1c zephyr/libzephyr.a(log_backend_rtt.c.obj)
                0x0000000000008fd4                log_backend_rtt_api
 .rodata.log_output_rtt
                0x0000000000008ff0       0x10 zephyr/libzephyr.a(log_backend_rtt.c.obj)
 .rodata.lbu_cb_ctx
                0x0000000000009000        0x8 zephyr/libzephyr.a(log_backend_uart.c.obj)
 .rodata.lbu_output
                0x0000000000009008       0x10 zephyr/libzephyr.a(log_backend_uart.c.obj)
 .rodata.log_backend_uart_api
                0x0000000000009018       0x1c zephyr/libzephyr.a(log_backend_uart.c.obj)
                0x0000000000009018                log_backend_uart_api
 .rodata.mem_attr_region
                0x0000000000009034        0x0 zephyr/libzephyr.a(mem_attr.c.obj)
 .rodata.static_regions
                0x0000000000009034        0xc zephyr/arch/arch/arm/core/mpu/libarch__arm__core__mpu.a(arm_core_mpu.c.obj)
 .rodata.mpu_config
                0x0000000000009040        0x8 zephyr/arch/arch/arm/core/mpu/libarch__arm__core__mpu.a(arm_mpu_regions.c.obj)
                0x0000000000009040                mpu_config
 .rodata.mpu_regions
                0x0000000000009048       0x18 zephyr/arch/arch/arm/core/mpu/libarch__arm__core__mpu.a(arm_mpu_regions.c.obj)
 .rodata.transitions.0
                0x0000000000009060        0xc zephyr/drivers/clock_control/libdrivers__clock_control.a(clock_control_nrf.c.obj)
 .rodata.config
                0x000000000000906c       0x18 zephyr/drivers/clock_control/libdrivers__clock_control.a(clock_control_nrf.c.obj)
 .rodata.clock_control_api
                0x0000000000009084       0x1c zephyr/drivers/clock_control/libdrivers__clock_control.a(clock_control_nrf.c.obj)
 .rodata.gpio_nrfx_p0_cfg
                0x00000000000090a0       0x18 zephyr/drivers/gpio/libdrivers__gpio.a(gpio_nrfx.c.obj)
 .rodata.gpio_nrfx_drv_api_funcs
                0x00000000000090b8       0x24 zephyr/drivers/gpio/libdrivers__gpio.a(gpio_nrfx.c.obj)
 .rodata.uarte_0z_config
                0x00000000000090dc       0x10 zephyr/drivers/serial/libdrivers__serial.a(uart_nrfx_uarte.c.obj)
 .rodata.__pinctrl_dev_config__device_dts_ord_97
                0x00000000000090ec        0xc zephyr/drivers/serial/libdrivers__serial.a(uart_nrfx_uarte.c.obj)
 .rodata.__pinctrl_states__device_dts_ord_97
                0x00000000000090f8        0x8 zephyr/drivers/serial/libdrivers__serial.a(uart_nrfx_uarte.c.obj)
 .rodata.__pinctrl_state_pins_0__device_dts_ord_97
                0x0000000000009100       0x10 zephyr/drivers/serial/libdrivers__serial.a(uart_nrfx_uarte.c.obj)
 .rodata.uart_nrfx_uarte_driver_api
                0x0000000000009110        0xc zephyr/drivers/serial/libdrivers__serial.a(uart_nrfx_uarte.c.obj)
 .rodata.CSWTCH.485
                0x000000000000911c       0x14 zephyr/kernel/libkernel.a(fatal.c.obj)
 .rodata.levels.0
                0x0000000000009130       0x18 zephyr/kernel/libkernel.a(init.c.obj)
 .rodata.i2c_slave_handler.str1.1
                0x0000000000009148       0x9d app/libapp.a(main.c.obj)
 .rodata.main.str1.1
                0x00000000000091e5       0x2d app/libapp.a(main.c.obj)
 .rodata.str1.1
                0x0000000000009212        0xa app/libapp.a(main.c.obj)
 .rodata.sys_heap_free.str1.1
                0x000000000000921c       0xce zephyr/libzephyr.a(heap.c.obj)
                                         0xeb (size before relaxing)
 .rodata.sys_heap_init.str1.1
                0x00000000000092ea       0xbb zephyr/libzephyr.a(heap.c.obj)
 .rodata.cbvprintf_package.str1.1
                0x00000000000093a5       0x95 zephyr/libzephyr.a(cbprintf_packaged.c.obj)
                                         0xb4 (size before relaxing)
 .rodata.cbprintf_package_convert.str1.1
                0x000000000000943a       0xfd zephyr/libzephyr.a(cbprintf_packaged.c.obj)
 .rodata.str1.1
                0x0000000000009537       0x11 zephyr/libzephyr.a(cbprintf_packaged.c.obj)
 .rodata.mpsc_pbuf_init.str1.1
                0x0000000000009548       0x2f zephyr/libzephyr.a(mpsc_pbuf.c.obj)
                                         0x4c (size before relaxing)
 .rodata.mpsc_pbuf_put_word.str1.1
                0x0000000000009577       0x84 zephyr/libzephyr.a(mpsc_pbuf.c.obj)
 .rodata.process_event.str1.1
                0x00000000000095fb       0xa6 zephyr/libzephyr.a(onoff.c.obj)
                                        0x149 (size before relaxing)
 .rodata.sys_notify_finalize.str1.1
                0x00000000000096a1       0x26 zephyr/libzephyr.a(notify.c.obj)
                                         0x45 (size before relaxing)
 .rodata.z_log_init.isra.0.str1.1
                0x00000000000096c7       0x9d zephyr/libzephyr.a(log_core.c.obj)
                                         0xba (size before relaxing)
 .rodata.z_log_msg_post_finalize.str1.1
                0x0000000000009764       0x84 zephyr/libzephyr.a(log_core.c.obj)
 .rodata.str1.1
                0x0000000000009764        0x4 zephyr/libzephyr.a(log_core.c.obj)
 .rodata.get_link_domain.str1.1
                0x0000000000009768       0x48 zephyr/libzephyr.a(log_mgmt.c.obj)
                                         0x84 (size before relaxing)
 .rodata.log_backend_id_get.part.0.str1.1
                0x00000000000097b0       0x4f zephyr/libzephyr.a(log_mgmt.c.obj)
 .rodata.str1.1
                0x00000000000097ff        0x9 zephyr/libzephyr.a(log_mgmt.c.obj)
 .rodata.z_impl_z_log_msg_static_create.str1.1
                0x0000000000009808       0x6b zephyr/libzephyr.a(log_msg.c.obj)
                                         0x91 (size before relaxing)
 .rodata.z_log_msg_runtime_vcreate.str1.1
                0x0000000000009873        0xa zephyr/libzephyr.a(log_msg.c.obj)
 .rodata.newline_print.str1.1
                0x000000000000987d        0x3 zephyr/libzephyr.a(log_output.c.obj)
                                          0x5 (size before relaxing)
 .rodata.out_func.str1.1
                0x0000000000009880       0x5f zephyr/libzephyr.a(log_output.c.obj)
                                         0x7c (size before relaxing)
 .rodata.log_output_process.str1.1
                0x00000000000098df       0x64 zephyr/libzephyr.a(log_output.c.obj)
                                         0x66 (size before relaxing)
 .rodata.log_output_dropped_process.str1.1
                0x0000000000009943       0x64 zephyr/libzephyr.a(log_output.c.obj)
                                          0x3 (size before relaxing)
 .rodata.postfix.0
                0x0000000000009943       0x1c zephyr/libzephyr.a(log_output.c.obj)
 .rodata.prefix.1
                0x000000000000995f        0xc zephyr/libzephyr.a(log_output.c.obj)
 .rodata.str1.1
                0x000000000000996b       0x20 zephyr/libzephyr.a(log_output.c.obj)
 .rodata.str1.1
                0x000000000000998b       0x10 zephyr/libzephyr.a(log_backend_rtt.c.obj)
 .rodata.log_backend_uart_init.str1.1
                0x000000000000999b       0x58 zephyr/libzephyr.a(log_backend_uart.c.obj)
                                         0x75 (size before relaxing)
 .rodata.str1.1
                0x00000000000099f3       0x1a zephyr/libzephyr.a(log_backend_uart.c.obj)
 .rodata.boot_banner.str1.1
                0x0000000000009a0d       0x63 zephyr/libzephyr.a(banner.c.obj)
 .rodata.z_arm_fatal_error.str1.1
                0x0000000000009a70       0xae zephyr/arch/arch/arm/core/libarch__arm__core.a(fatal.c.obj)
 .rodata.bus_fault.constprop.0.str1.1
                0x0000000000009b1e       0xca zephyr/arch/arch/arm/core/cortex_m/libarch__arm__core__cortex_m.a(fault.c.obj)
 .rodata.usage_fault.constprop.0.str1.1
                0x0000000000009be8       0xcd zephyr/arch/arch/arm/core/cortex_m/libarch__arm__core__cortex_m.a(fault.c.obj)
 .rodata.mem_manage_fault.str1.1
                0x0000000000009cb5      0x135 zephyr/arch/arch/arm/core/cortex_m/libarch__arm__core__cortex_m.a(fault.c.obj)
                                        0x152 (size before relaxing)
 .rodata.z_arm_fault.str1.1
                0x0000000000009dea      0x1b6 zephyr/arch/arch/arm/core/cortex_m/libarch__arm__core__cortex_m.a(fault.c.obj)
                                        0x1b8 (size before relaxing)
 .rodata.z_arm_irq_priority_set.str1.1
                0x0000000000009fa0       0x92 zephyr/arch/arch/arm/core/cortex_m/libarch__arm__core__cortex_m.a(irq_manage.c.obj)
                                         0xaf (size before relaxing)
 .rodata.str1.1
                0x000000000000a032        0x4 zephyr/arch/arch/arm/core/mpu/libarch__arm__core__mpu.a(arm_core_mpu.c.obj)
 .rodata.region_allocate_and_init.str1.1
                0x000000000000a036       0x26 zephyr/arch/arch/arm/core/mpu/libarch__arm__core__mpu.a(arm_mpu.c.obj)
 .rodata.mpu_configure_regions.str1.1
                0x000000000000a05c       0x23 zephyr/arch/arch/arm/core/mpu/libarch__arm__core__mpu.a(arm_mpu.c.obj)
 .rodata.arm_core_mpu_configure_static_mpu_regions.str1.1
                0x000000000000a07f       0x5b zephyr/arch/arch/arm/core/mpu/libarch__arm__core__mpu.a(arm_mpu.c.obj)
                                         0x7a (size before relaxing)
 .rodata.arm_core_mpu_configure_dynamic_mpu_regions.str1.1
                0x000000000000a0da       0x2d zephyr/arch/arch/arm/core/mpu/libarch__arm__core__mpu.a(arm_mpu.c.obj)
 .rodata.z_arm_mpu_init.str1.1
                0x000000000000a107      0x124 zephyr/arch/arch/arm/core/mpu/libarch__arm__core__mpu.a(arm_mpu.c.obj)
 .rodata.str1.1
                0x000000000000a22b        0xf zephyr/arch/arch/arm/core/mpu/libarch__arm__core__mpu.a(arm_mpu_regions.c.obj)
 .rodata.str1.1
                0x000000000000a23a        0x4 zephyr/soc/soc/nrf52832/libsoc__nordic.a(soc.c.obj)
 .rodata.get_status.str1.1
                0x000000000000a23e       0x61 zephyr/drivers/clock_control/libdrivers__clock_control.a(clock_control_nrf.c.obj)
                                         0x7e (size before relaxing)
 .rodata.clock_event_handler.str1.1
                0x000000000000a29f        0x2 zephyr/drivers/clock_control/libdrivers__clock_control.a(clock_control_nrf.c.obj)
 .rodata.z_nrf_clock_control_lf_on.str1.1
                0x000000000000a29f        0x9 zephyr/drivers/clock_control/libdrivers__clock_control.a(clock_control_nrf.c.obj)
 .rodata.str1.1
                0x000000000000a29f       0x29 zephyr/drivers/clock_control/libdrivers__clock_control.a(clock_control_nrf.c.obj)
 .rodata.gpio_nrfx_manage_callback.str1.1
                0x000000000000a2c8       0x7d zephyr/drivers/gpio/libdrivers__gpio.a(gpio_nrfx.c.obj)
                                         0x9a (size before relaxing)
 .rodata.nrf_gpio_pin_port_decode.str1.1
                0x000000000000a345       0x56 zephyr/drivers/gpio/libdrivers__gpio.a(gpio_nrfx.c.obj)
 .rodata.nrfx_gpio_handler.str1.1
                0x000000000000a39b        0xc zephyr/drivers/gpio/libdrivers__gpio.a(gpio_nrfx.c.obj)
 .rodata.gpio_nrfx_pin_configure.str1.1
                0x000000000000a3a7       0x40 zephyr/drivers/gpio/libdrivers__gpio.a(gpio_nrfx.c.obj)
 .rodata.str1.1
                0x000000000000a3e7        0xe zephyr/drivers/gpio/libdrivers__gpio.a(gpio_nrfx.c.obj)
 .rodata.nrf_gpio_pin_port_decode.str1.1
                0x000000000000a3f5       0x73 zephyr/drivers/pinctrl/libdrivers__pinctrl.a(pinctrl_nrf.c.obj)
 .rodata.drive_modes
                0x000000000000a3f5        0x8 zephyr/drivers/pinctrl/libdrivers__pinctrl.a(pinctrl_nrf.c.obj)
 .rodata.uarte_0_init.str1.1
                0x000000000000a3fd       0x1f zephyr/drivers/serial/libdrivers__serial.a(uart_nrfx_uarte.c.obj)
 .rodata.str1.1
                0x000000000000a41c       0x1e zephyr/drivers/serial/libdrivers__serial.a(uart_nrfx_uarte.c.obj)
 .rodata.CSWTCH.20
                0x000000000000a43a        0x5 modules/hal_nordic/nrfx/libmodules__hal_nordic__nrfx.a(system_nrf52.c.obj)
 .rodata.CSWTCH.18
                0x000000000000a43f        0x5 modules/hal_nordic/nrfx/libmodules__hal_nordic__nrfx.a(system_nrf52.c.obj)
 .rodata.CSWTCH.14
                0x000000000000a444        0x5 modules/hal_nordic/nrfx/libmodules__hal_nordic__nrfx.a(system_nrf52.c.obj)
 .rodata.CSWTCH.4
                0x000000000000a449        0x5 modules/hal_nordic/nrfx/libmodules__hal_nordic__nrfx.a(system_nrf52.c.obj)
 .rodata.clock_stop.str1.1
                0x000000000000a44e       0x71 modules/hal_nordic/nrfx/libmodules__hal_nordic__nrfx.a(nrfx_clock.c.obj)
                                         0x90 (size before relaxing)
 .rodata.nrfx_clock_enable.str1.1
                0x000000000000a4bf       0x1e modules/hal_nordic/nrfx/libmodules__hal_nordic__nrfx.a(nrfx_clock.c.obj)
 .rodata.nrf_gpio_pin_port_decode.str1.1
                0x000000000000a4dd       0x75 modules/hal_nordic/nrfx/libmodules__hal_nordic__nrfx.a(nrfx_gpiote.c.obj)
 .rodata.nrf_gpiote_in_event_get.str1.1
                0x000000000000a4dd       0x3f modules/hal_nordic/nrfx/libmodules__hal_nordic__nrfx.a(nrfx_gpiote.c.obj)
 .rodata.release_handler.isra.0.str1.1
                0x000000000000a51c       0x3e modules/hal_nordic/nrfx/libmodules__hal_nordic__nrfx.a(nrfx_gpiote.c.obj)
                                         0x52 (size before relaxing)
 .rodata.pin_in_event_get.isra.0.str1.1
                0x000000000000a55a       0x3f modules/hal_nordic/nrfx/libmodules__hal_nordic__nrfx.a(nrfx_gpiote.c.obj)
 .rodata.nrfx_gpiote_channel_get.str1.1
                0x000000000000a599        0xa modules/hal_nordic/nrfx/libmodules__hal_nordic__nrfx.a(nrfx_gpiote.c.obj)
 .rodata.nrfx_gpiote_trigger_enable.str1.1
                0x000000000000a5a3        0xb modules/hal_nordic/nrfx/libmodules__hal_nordic__nrfx.a(nrfx_gpiote.c.obj)
 .rodata.nrf_gpio_pin_port_decode.str1.1
                0x000000000000a5ae       0x73 modules/hal_nordic/nrfx/libmodules__hal_nordic__nrfx.a(nrfx_twis.c.obj)
 .rodata.nrf_twis_address_set.part.0.str1.1
                0x000000000000a5ae       0x57 modules/hal_nordic/nrfx/libmodules__hal_nordic__nrfx.a(nrfx_twis.c.obj)
 .rodata.nrfx_twis_init.str1.1
                0x000000000000a605       0x6c modules/hal_nordic/nrfx/libmodules__hal_nordic__nrfx.a(nrfx_twis.c.obj)
 .rodata.nrfx_twis_enable.str1.1
                0x000000000000a671       0x2a modules/hal_nordic/nrfx/libmodules__hal_nordic__nrfx.a(nrfx_twis.c.obj)
 .rodata.nrfx_twis_tx_prepare.str1.1
                0x000000000000a69b        0x6 modules/hal_nordic/nrfx/libmodules__hal_nordic__nrfx.a(nrfx_twis.c.obj)
 .rodata._DoInit.str1.1
                0x000000000000a6a1        0x9 modules/segger/libmodules__segger.a(SEGGER_RTT.c.obj)
 .rodata._aInitStr.0
                0x000000000000a6aa       0x11 modules/segger/libmodules__segger.a(SEGGER_RTT.c.obj)
 .rodata.z_device_state_init.str1.1
                0x000000000000a6bb       0x3b zephyr/kernel/libkernel.a(device.c.obj)
                                         0x77 (size before relaxing)
 .rodata.k_sys_fatal_error_handler.str1.1
                0x000000000000a6f6        0xf zephyr/kernel/libkernel.a(fatal.c.obj)
 .rodata.z_fatal_error.str1.1
                0x000000000000a705       0xeb zephyr/kernel/libkernel.a(fatal.c.obj)
                                        0x108 (size before relaxing)
 .rodata.str1.1
                0x000000000000a7f0       0x4a zephyr/kernel/libkernel.a(fatal.c.obj)