Archive member included to satisfy reference by file (symbol)

app/libapp.a(main.c.obj)      (--whole-archive)
zephyr/libzephyr.a(heap.c.obj)
                              (--whole-archive)
zephyr/libzephyr.a(cbprintf_packaged.c.obj)
                              (--whole-archive)
zephyr/libzephyr.a(printk.c.obj)
                              (--whole-archive)
zephyr/libzephyr.a(sem.c.obj)
                              (--whole-archive)
zephyr/libzephyr.a(thread_entry.c.obj)
                              (--whole-archive)
zephyr/libzephyr.a(cbprintf_complete.c.obj)
                              (--whole-archive)
zephyr/libzephyr.a(assert.c.obj)
                              (--whole-archive)
zephyr/libzephyr.a(mpsc_pbuf.c.obj)
                              (--whole-archive)
zephyr/libzephyr.a(dec.c.obj)
                              (--whole-archive)
zephyr/libzephyr.a(hex.c.obj)
                              (--whole-archive)
zephyr/libzephyr.a(rb.c.obj)  (--whole-archive)
zephyr/libzephyr.a(timeutil.c.obj)
                              (--whole-archive)
zephyr/libzephyr.a(bitarray.c.obj)
                              (--whole-archive)
zephyr/libzephyr.a(onoff.c.obj)
                              (--whole-archive)
zephyr/libzephyr.a(notify.c.obj)
                              (--whole-archive)
zephyr/libzephyr.a(configs.c.obj)
                              (--whole-archive)
zephyr/libzephyr.a(log_core.c.obj)
                              (--whole-archive)
zephyr/libzephyr.a(log_mgmt.c.obj)
                              (--whole-archive)
zephyr/libzephyr.a(log_cache.c.obj)
                              (--whole-archive)
zephyr/libzephyr.a(log_msg.c.obj)
                              (--whole-archive)
zephyr/libzephyr.a(log_output.c.obj)
                              (--whole-archive)
zephyr/libzephyr.a(log_backend_rtt.c.obj)
                              (--whole-archive)
zephyr/libzephyr.a(log_backend_uart.c.obj)
                              (--whole-archive)
zephyr/libzephyr.a(mem_attr.c.obj)
                              (--whole-archive)
zephyr/libzephyr.a(tracing_none.c.obj)
                              (--whole-archive)
zephyr/libzephyr.a(banner.c.obj)
                              (--whole-archive)
zephyr/libzephyr.a(nrf_cc3xx_platform_abort_zephyr.c.obj)
                              (--whole-archive)
zephyr/libzephyr.a(nrf_cc3xx_platform_mutex_zephyr.c.obj)
                              (--whole-archive)
zephyr/arch/common/libarch__common.a(sw_isr_common.c.obj)
                              (--whole-archive)
zephyr/arch/arch/arm/core/libarch__arm__core.a(fatal.c.obj)
                              (--whole-archive)
zephyr/arch/arch/arm/core/libarch__arm__core.a(nmi.c.obj)
                              (--whole-archive)
zephyr/arch/arch/arm/core/libarch__arm__core.a(nmi_on_reset.S.obj)
                              (--whole-archive)
zephyr/arch/arch/arm/core/libarch__arm__core.a(tls.c.obj)
                              (--whole-archive)
zephyr/arch/arch/arm/core/cortex_m/libarch__arm__core__cortex_m.a(exc_exit.c.obj)
                              (--whole-archive)
zephyr/arch/arch/arm/core/cortex_m/libarch__arm__core__cortex_m.a(fault.c.obj)
                              (--whole-archive)
zephyr/arch/arch/arm/core/cortex_m/libarch__arm__core__cortex_m.a(fault_s.S.obj)
                              (--whole-archive)
zephyr/arch/arch/arm/core/cortex_m/libarch__arm__core__cortex_m.a(fpu.c.obj)
                              (--whole-archive)
zephyr/arch/arch/arm/core/cortex_m/libarch__arm__core__cortex_m.a(reset.S.obj)
                              (--whole-archive)
zephyr/arch/arch/arm/core/cortex_m/libarch__arm__core__cortex_m.a(scb.c.obj)
                              (--whole-archive)
zephyr/arch/arch/arm/core/cortex_m/libarch__arm__core__cortex_m.a(thread_abort.c.obj)
                              (--whole-archive)
zephyr/arch/arch/arm/core/cortex_m/libarch__arm__core__cortex_m.a(vector_table.S.obj)
                              (--whole-archive)
zephyr/arch/arch/arm/core/cortex_m/libarch__arm__core__cortex_m.a(swap.c.obj)
                              (--whole-archive)
zephyr/arch/arch/arm/core/cortex_m/libarch__arm__core__cortex_m.a(swap_helper.S.obj)
                              (--whole-archive)
zephyr/arch/arch/arm/core/cortex_m/libarch__arm__core__cortex_m.a(irq_manage.c.obj)
                              (--whole-archive)
zephyr/arch/arch/arm/core/cortex_m/libarch__arm__core__cortex_m.a(prep_c.c.obj)
                              (--whole-archive)
zephyr/arch/arch/arm/core/cortex_m/libarch__arm__core__cortex_m.a(thread.c.obj)
                              (--whole-archive)
zephyr/arch/arch/arm/core/cortex_m/libarch__arm__core__cortex_m.a(cpu_idle.c.obj)
                              (--whole-archive)
zephyr/arch/arch/arm/core/cortex_m/libarch__arm__core__cortex_m.a(irq_init.c.obj)
                              (--whole-archive)
[...]
Memory Configuration

Name             Origin             Length             Attributes
FLASH            0x0000000000000000 0x0000000000100000 xr
RAM              0x0000000020000000 0x0000000000040000 xw
IDT_LIST         0x00000000ffff7fff 0x0000000000008000 xw
*default*        0x0000000000000000 0xffffffffffffffff

Linker script and memory map

                0x000000000000622c                vfprintf = __l_vfprintf
                0x0000000000000000                vfscanf = __l_vfscanf
LOAD zephyr/CMakeFiles/zephyr_pre0.dir/misc/empty_file.c.obj
LOAD zephyr/CMakeFiles/offsets.dir/./arch/arm/core/offsets/offsets.c.obj
LOAD app/libapp.a
LOAD zephyr/libzephyr.a
LOAD zephyr/arch/common/libarch__common.a
LOAD zephyr/arch/arch/arm/core/libarch__arm__core.a
LOAD zephyr/arch/arch/arm/core/cortex_m/libarch__arm__core__cortex_m.a
LOAD zephyr/arch/arch/arm/core/mpu/libarch__arm__core__mpu.a
LOAD zephyr/lib/libc/picolibc/liblib__libc__picolibc.a
LOAD zephyr/lib/libc/common/liblib__libc__common.a
LOAD zephyr/soc/soc/nrf52840/libsoc__nordic.a
LOAD zephyr/drivers/clock_control/libdrivers__clock_control.a
LOAD zephyr/drivers/console/libdrivers__console.a
LOAD zephyr/drivers/gpio/libdrivers__gpio.a
LOAD zephyr/drivers/i2c/libdrivers__i2c.a
LOAD zephyr/drivers/pinctrl/libdrivers__pinctrl.a
LOAD zephyr/drivers/serial/libdrivers__serial.a
LOAD zephyr/drivers/timer/libdrivers__timer.a
LOAD modules/nrf/drivers/hw_cc3xx/lib..__nrf__drivers__hw_cc3xx.a
LOAD modules/hal_nordic/nrfx/libmodules__hal_nordic__nrfx.a
LOAD modules/segger/libmodules__segger.a
LOAD zephyr/kernel/libkernel.a
LOAD c:/ncs/toolchains/ce3b5ff664/opt/zephyr-sdk/arm-zephyr-eabi/bin/../lib/gcc/arm-zephyr-eabi/12.2.0/thumb/v7e-m/nofp\libgcc.a
LOAD zephyr/arch/common/libisr_tables.a
LOAD C:/ncs/v2.7.0/nrfxlib/crypto/nrf_cc310_platform/lib/cortex-m4/soft-float/no-interrupts/libnrf_cc310_platform_0.9.19.a
LOAD c:\ncs\toolchains\ce3b5ff664\opt\zephyr-sdk\arm-zephyr-eabi\bin\../lib/gcc/../../picolibc/arm-zephyr-eabi/lib/thumb/v7e-m/nofp\libc.a
LOAD c:/ncs/toolchains/ce3b5ff664/opt/zephyr-sdk/arm-zephyr-eabi/bin/../lib/gcc/arm-zephyr-eabi/12.2.0/thumb/v7e-m/nofp\libgcc.a
                0x0000000000000020                _region_min_align = 0x20

.rel.plt        0x0000000000000000        0x0
 *(SORT_BY_ALIGNMENT(.rel.plt))
                [!provide]                        PROVIDE (__rel_iplt_start = .)
 *(SORT_BY_ALIGNMENT(.rel.iplt))
 .rel.iplt      0x0000000000000000        0x0 app/libapp.a(main.c.obj)
                [!provide]                        PROVIDE (__rel_iplt_end = .)

.rela.plt       0x0000000000000000        0x0
 *(SORT_BY_ALIGNMENT(.rela.plt))
                [!provide]                        PROVIDE (__rela_iplt_start = .)
 *(SORT_BY_ALIGNMENT(.rela.iplt))
                [!provide]                        PROVIDE (__rela_iplt_end = .)

.rel.dyn
 *(SORT_BY_ALIGNMENT(.rel.*))

.rela.dyn
 *(SORT_BY_ALIGNMENT(.rela.*))

/DISCARD/
 *(SORT_BY_ALIGNMENT(.plt))

/DISCARD/
 *(SORT_BY_ALIGNMENT(.iplt))
                0x0000000000000000                __rom_region_start = 0x0

rom_start       0x0000000000000000      0x100
                0x0000000000000000                __rom_start_address = .
 FILL mask 0x00
                0x0000000000000000                . = (. + (0x0 - (. - __rom_start_address)))
                0x0000000000000000                . = ALIGN (0x4)
                0x0000000000000000                . = ALIGN (0x80)
                0x0000000000000000                . = ALIGN (0x100)
                0x0000000000000000                _vector_start = .
 *(SORT_BY_ALIGNMENT(.exc_vector_table))
 *(SORT_BY_ALIGNMENT(.exc_vector_table.*))
 .exc_vector_table._vector_table_section
                0x0000000000000000       0x40 zephyr/arch/arch/arm/core/cortex_m/libarch__arm__core__cortex_m.a(vector_table.S.obj)
                0x0000000000000000                _vector_table
 *(SORT_BY_ALIGNMENT(.vectors))
                0x0000000000000100                _vector_end = .
                0x0000000000000040                . = ALIGN (0x4)
 *(SORT_BY_ALIGNMENT(.gnu.linkonce.irq_vector_table*))
 .gnu.linkonce.irq_vector_table
                0x0000000000000040       0xc0 zephyr/arch/common/libisr_tables.a(isr_tables.c.obj)
                0x0000000000000040                _irq_vector_table
                0x0000000000000100                _vector_end = .

text            0x0000000000000100     0x7c44
                0x0000000000000100                __text_region_start = .
 *(SORT_BY_ALIGNMENT(.text))
 .text          0x0000000000000100       0x10 c:\ncs\toolchains\ce3b5ff664\opt\zephyr-sdk\arm-zephyr-eabi\bin\../lib/gcc/../../picolibc/arm-zephyr-eabi/lib/thumb/v7e-m/nofp\libc.a(strlen.S.o)
                0x0000000000000100                strlen
 *(SORT_BY_ALIGNMENT(.text.*))
 .text.main     0x0000000000000110       0xf4 app/libapp.a(main.c.obj)
                0x0000000000000110                main
 .text.cbvprintf_package
                0x0000000000000204      0x3a4 zephyr/libzephyr.a(cbprintf_packaged.c.obj)
                0x0000000000000204                cbvprintf_package
 .text.cbprintf_package_convert
                0x00000000000005a8      0x3c0 zephyr/libzephyr.a(cbprintf_packaged.c.obj)
                0x00000000000005a8                cbprintf_package_convert
 .text.__printk_hook_install
                0x0000000000000968        0xc zephyr/libzephyr.a(printk.c.obj)
                0x0000000000000968                __printk_hook_install
 .text.z_thread_entry
                0x0000000000000974       0x34 zephyr/libzephyr.a(thread_entry.c.obj)
                0x0000000000000974                z_thread_entry
 .text.process_event
                0x00000000000009a8      0x21c zephyr/libzephyr.a(onoff.c.obj)
 .text.activate_foreach_backend
                0x0000000000000bc4       0x64 zephyr/libzephyr.a(log_core.c.obj)
 .text.enable_logger
                0x0000000000000c28       0x5c zephyr/libzephyr.a(log_core.c.obj)
 .text.log_process_thread_timer_expiry_fn
                0x0000000000000c84        0xc zephyr/libzephyr.a(log_core.c.obj)
 .text.z_log_init
                0x0000000000000c90       0x90 zephyr/libzephyr.a(log_core.c.obj)
 .text.log_format_func_t_get
                0x0000000000000d20        0xc zephyr/libzephyr.a(log_core.c.obj)
                0x0000000000000d20                log_format_func_t_get
 .text.log_set_timestamp_func
                0x0000000000000d2c       0x20 zephyr/libzephyr.a(log_core.c.obj)
                0x0000000000000d2c                log_set_timestamp_func
 .text.z_log_notify_backend_enabled
                0x0000000000000d4c       0x1c zephyr/libzephyr.a(log_core.c.obj)
                0x0000000000000d4c                z_log_notify_backend_enabled
 .text.z_log_dropped
                0x0000000000000d68       0x30 zephyr/libzephyr.a(log_core.c.obj)
                0x0000000000000d68                z_log_dropped
 .text.z_log_dropped_read_and_clear
                0x0000000000000d98       0x20 zephyr/libzephyr.a(log_core.c.obj)
                0x0000000000000d98                z_log_dropped_read_and_clear
 .text.dropped_notify
                0x0000000000000db8       0x30 zephyr/libzephyr.a(log_core.c.obj)
                0x0000000000000db8                dropped_notify
 .text.z_log_msg_init
                0x0000000000000de8       0x20 zephyr/libzephyr.a(log_core.c.obj)
                0x0000000000000de8                z_log_msg_init
 .text.log_core_init
                0x0000000000000e08       0x34 zephyr/libzephyr.a(log_core.c.obj)
                0x0000000000000e08                log_core_init
 .text.z_log_msg_alloc
                0x0000000000000e3c       0x10 zephyr/libzephyr.a(log_core.c.obj)
                0x0000000000000e3c                z_log_msg_alloc
 .text.z_log_msg_local_claim
                0x0000000000000e4c        0xc zephyr/libzephyr.a(log_core.c.obj)
                0x0000000000000e4c                z_log_msg_local_claim
 .text.z_log_msg_free
                0x0000000000000e58       0x10 zephyr/libzephyr.a(log_core.c.obj)
                0x0000000000000e58                z_log_msg_free
 .text.z_log_msg_pending
                0x0000000000000e68        0xc zephyr/libzephyr.a(log_core.c.obj)
                0x0000000000000e68                z_log_msg_pending
 .text.z_impl_log_process
                0x0000000000000e74       0xbc zephyr/libzephyr.a(log_core.c.obj)
                0x0000000000000e74                z_impl_log_process
 .text.z_impl_log_panic
                0x0000000000000f30       0x44 zephyr/libzephyr.a(log_core.c.obj)
                0x0000000000000f30                z_impl_log_panic
 .text.log_process_thread_func
                0x0000000000000f74       0xa4 zephyr/libzephyr.a(log_core.c.obj)
 .text.z_log_msg_post_finalize
                0x0000000000001018       0x78 zephyr/libzephyr.a(log_core.c.obj)
 .text.z_log_msg_commit
                0x0000000000001090       0x24 zephyr/libzephyr.a(log_core.c.obj)
                0x0000000000001090                z_log_msg_commit
 .text.log_source_name_get
                0x00000000000010b4       0x1c zephyr/libzephyr.a(log_mgmt.c.obj)
                0x00000000000010b4                log_source_name_get
 .text.log_backend_enable
                0x00000000000010d0       0x28 zephyr/libzephyr.a(log_mgmt.c.obj)
                0x00000000000010d0                log_backend_enable
 .text.z_impl_z_log_msg_static_create
                0x00000000000010f8      0x108 zephyr/libzephyr.a(log_msg.c.obj)
                0x00000000000010f8                z_impl_z_log_msg_static_create
 .text.z_log_msg_runtime_vcreate
                0x0000000000001200       0x8c zephyr/libzephyr.a(log_msg.c.obj)
                0x0000000000001200                z_log_msg_runtime_vcreate
 .text.log_msg_get_source_id
                0x000000000000128c       0x18 zephyr/libzephyr.a(log_msg.c.obj)
                0x000000000000128c                log_msg_get_source_id
 .text.print_formatted
                0x00000000000012a4       0x24 zephyr/libzephyr.a(log_output.c.obj)
 .text.newline_print
                0x00000000000012c8       0x1c zephyr/libzephyr.a(log_output.c.obj)
 .text.log_output_process
                0x00000000000012e4      0x2d4 zephyr/libzephyr.a(log_output.c.obj)
                0x00000000000012e4                log_output_process
 .text.log_output_dropped_process
                0x00000000000015b8       0x58 zephyr/libzephyr.a(log_output.c.obj)
                0x00000000000015b8                log_output_dropped_process
 .text.log_output_timestamp_freq_set
                0x0000000000001610       0x2c zephyr/libzephyr.a(log_output.c.obj)
                0x0000000000001610                log_output_timestamp_freq_set
 .text.log_backend_rtt_init
                0x000000000000163c        0xc zephyr/libzephyr.a(log_backend_rtt.c.obj)
 .text.format_set
                0x0000000000001648        0xc zephyr/libzephyr.a(log_backend_rtt.c.obj)
 .text.panic    0x0000000000001654       0x14 zephyr/libzephyr.a(log_backend_rtt.c.obj)
 .text.dropped  0x0000000000001668        0xc zephyr/libzephyr.a(log_backend_rtt.c.obj)
 .text.process  0x0000000000001674       0x24 zephyr/libzephyr.a(log_backend_rtt.c.obj)
 .text.on_failed_write
                0x0000000000001698       0x28 zephyr/libzephyr.a(log_backend_rtt.c.obj)
 .text.data_out_block_mode
                0x00000000000016c0       0x84 zephyr/libzephyr.a(log_backend_rtt.c.obj)
 .text.char_out
                0x0000000000001744       0x24 zephyr/libzephyr.a(log_backend_uart.c.obj)
 .text.mem_attr_get_regions
                0x0000000000001768        0xc zephyr/libzephyr.a(mem_attr.c.obj)
                0x0000000000001768                mem_attr_get_regions
 .text.boot_banner
                0x0000000000001774       0x1c zephyr/libzephyr.a(banner.c.obj)
                0x0000000000001774                boot_banner
 .text.nrf_cc3xx_platform_abort_init
                0x0000000000001790        0xc zephyr/libzephyr.a(nrf_cc3xx_platform_abort_zephyr.c.obj)
                0x0000000000001790                nrf_cc3xx_platform_abort_init
 .text.mutex_free_platform
                0x000000000000179c       0x54 zephyr/libzephyr.a(nrf_cc3xx_platform_mutex_zephyr.c.obj)
 .text.mutex_lock_platform
                0x00000000000017f0       0x60 zephyr/libzephyr.a(nrf_cc3xx_platform_mutex_zephyr.c.obj)
 .text.mutex_unlock_platform
                0x0000000000001850       0x58 zephyr/libzephyr.a(nrf_cc3xx_platform_mutex_zephyr.c.obj)
 .text.mutex_init_platform
                0x00000000000018a8       0x94 zephyr/libzephyr.a(nrf_cc3xx_platform_mutex_zephyr.c.obj)
 .text.nrf_cc3xx_platform_mutex_init
                0x000000000000193c       0x2c zephyr/libzephyr.a(nrf_cc3xx_platform_mutex_zephyr.c.obj)
                0x000000000000193c                nrf_cc3xx_platform_mutex_init
 .text.z_arm_fatal_error
                0x0000000000001968       0xb8 zephyr/arch/arch/arm/core/libarch__arm__core.a(fatal.c.obj)
                0x0000000000001968                z_arm_fatal_error
 .text.z_SysNmiOnReset
                0x0000000000001a20        0x8 zephyr/arch/arch/arm/core/libarch__arm__core.a(nmi_on_reset.S.obj)
                0x0000000000001a20                z_SysNmiOnReset
 .text.arch_tls_stack_setup
                0x0000000000001a28       0x40 zephyr/arch/arch/arm/core/libarch__arm__core.a(tls.c.obj)
                0x0000000000001a28                arch_tls_stack_setup
 .text._HandlerModeExit
                0x0000000000001a68       0x28 zephyr/arch/arch/arm/core/cortex_m/libarch__arm__core__cortex_m.a(exc_exit.c.obj)
                0x0000000000001a68                z_arm_int_exit
                0x0000000000001a68                z_arm_exc_exit
 .text.bus_fault.constprop.0
                0x0000000000001a90       0xd0 zephyr/arch/arch/arm/core/cortex_m/libarch__arm__core__cortex_m.a(fault.c.obj)
 .text.usage_fault.constprop.0
                0x0000000000001b60       0xa8 zephyr/arch/arch/arm/core/cortex_m/libarch__arm__core__cortex_m.a(fault.c.obj)
 .text.mem_manage_fault
                0x0000000000001c08      0x104 zephyr/arch/arch/arm/core/cortex_m/libarch__arm__core__cortex_m.a(fault.c.obj)
 .text.z_arm_fault
                0x0000000000001d0c      0x1d4 zephyr/arch/arch/arm/core/cortex_m/libarch__arm__core__cortex_m.a(fault.c.obj)
                0x0000000000001d0c                z_arm_fault
 .text.z_arm_fault_init
                0x0000000000001ee0       0x10 zephyr/arch/arch/arm/core/cortex_m/libarch__arm__core__cortex_m.a(fault.c.obj)
                0x0000000000001ee0                z_arm_fault_init
 .text.__fault  0x0000000000001ef0       0x14 zephyr/arch/arch/arm/core/cortex_m/libarch__arm__core__cortex_m.a(fault_s.S.obj)
                0x0000000000001ef0                z_arm_usage_fault
                0x0000000000001ef0                z_arm_mpu_fault
                0x0000000000001ef0                z_arm_exc_spurious
                0x0000000000001ef0                z_arm_debug_monitor
                0x0000000000001ef0                z_arm_hard_fault
                0x0000000000001ef0                z_arm_bus_fault
 .text._reset_section
                0x0000000000001f04       0x54 zephyr/arch/arch/arm/core/cortex_m/libarch__arm__core__cortex_m.a(reset.S.obj)
                0x0000000000001f04                __start
                0x0000000000001f04                z_arm_reset
 .text.z_arm_clear_arm_mpu_config
                0x0000000000001f58       0x24 zephyr/arch/arch/arm/core/cortex_m/libarch__arm__core__cortex_m.a(scb.c.obj)
                0x0000000000001f58                z_arm_clear_arm_mpu_config
 .text.z_arm_init_arch_hw_at_boot
                0x0000000000001f7c       0x64 zephyr/arch/arch/arm/core/cortex_m/libarch__arm__core__cortex_m.a(scb.c.obj)
                0x0000000000001f7c                z_arm_init_arch_hw_at_boot
 .text.z_impl_k_thread_abort
                0x0000000000001fe0       0x2c zephyr/arch/arch/arm/core/cortex_m/libarch__arm__core__cortex_m.a(thread_abort.c.obj)
                0x0000000000001fe0                z_impl_k_thread_abort
 .text.arch_swap
                0x000000000000200c       0x30 zephyr/arch/arch/arm/core/cortex_m/libarch__arm__core__cortex_m.a(swap.c.obj)
                0x000000000000200c                arch_swap
 .text.z_arm_pendsv_c
                0x000000000000203c       0x48 zephyr/arch/arch/arm/core/cortex_m/libarch__arm__core__cortex_m.a(swap.c.obj)
                0x000000000000203c                z_arm_pendsv_c
 .text.z_arm_pendsv
                0x0000000000002084       0x34 zephyr/arch/arch/arm/core/cortex_m/libarch__arm__core__cortex_m.a(swap_helper.S.obj)
                0x0000000000002084                z_arm_pendsv
 .text.z_arm_svc
                0x00000000000020b8       0x20 zephyr/arch/arch/arm/core/cortex_m/libarch__arm__core__cortex_m.a(swap_helper.S.obj)
                0x00000000000020b8                z_arm_svc
 .text.arch_irq_enable
                0x00000000000020d8       0x1c zephyr/arch/arch/arm/core/cortex_m/libarch__arm__core__cortex_m.a(irq_manage.c.obj)
                0x00000000000020d8                arch_irq_enable
 .text.arch_irq_is_enabled
                0x00000000000020f4       0x1c zephyr/arch/arch/arm/core/cortex_m/libarch__arm__core__cortex_m.a(irq_manage.c.obj)
                0x00000000000020f4                arch_irq_is_enabled
 .text.z_arm_irq_priority_set
                0x0000000000002110       0x30 zephyr/arch/arch/arm/core/cortex_m/libarch__arm__core__cortex_m.a(irq_manage.c.obj)
                0x0000000000002110                z_arm_irq_priority_set
 .text.z_prep_c
                0x0000000000002140       0x38 zephyr/arch/arch/arm/core/cortex_m/libarch__arm__core__cortex_m.a(prep_c.c.obj)
                0x0000000000002140                z_prep_c
 .text.arch_new_thread
                0x0000000000002178       0x38 zephyr/arch/arch/arm/core/cortex_m/libarch__arm__core__cortex_m.a(thread.c.obj)
                0x0000000000002178                arch_new_thread
 .text.z_check_thread_stack_fail
                0x00000000000021b0       0x2c zephyr/arch/arch/arm/core/cortex_m/libarch__arm__core__cortex_m.a(thread.c.obj)
                0x00000000000021b0                z_check_thread_stack_fail
 .text.arch_switch_to_main_thread
                0x00000000000021dc       0x44 zephyr/arch/arch/arm/core/cortex_m/libarch__arm__core__cortex_m.a(thread.c.obj)
                0x00000000000021dc                arch_switch_to_main_thread
 .text.z_arm_cpu_idle_init
                0x0000000000002220        0xc zephyr/arch/arch/arm/core/cortex_m/libarch__arm__core__cortex_m.a(cpu_idle.c.obj)
                0x0000000000002220                z_arm_cpu_idle_init
 .text.z_arm_interrupt_init
                0x000000000000222c       0x18 zephyr/arch/arch/arm/core/cortex_m/libarch__arm__core__cortex_m.a(irq_init.c.obj)
                0x000000000000222c                z_arm_interrupt_init
 .text._isr_wrapper
                0x0000000000002244       0x24 zephyr/arch/arch/arm/core/cortex_m/libarch__arm__core__cortex_m.a(isr_wrapper.c.obj)
                0x0000000000002244                _isr_wrapper
 .text.z_arm_configure_static_mpu_regions
                0x0000000000002268       0x18 zephyr/arch/arch/arm/core/mpu/libarch__arm__core__mpu.a(arm_core_mpu.c.obj)
                0x0000000000002268                z_arm_configure_static_mpu_regions
 .text.z_arm_configure_dynamic_mpu_regions
                0x0000000000002280       0x20 zephyr/arch/arch/arm/core/mpu/libarch__arm__core__mpu.a(arm_core_mpu.c.obj)
                0x0000000000002280                z_arm_configure_dynamic_mpu_regions
 .text.region_allocate_and_init
                0x00000000000022a0       0x54 zephyr/arch/arch/arm/core/mpu/libarch__arm__core__mpu.a(arm_mpu.c.obj)
 .text.mpu_configure_regions
                0x00000000000022f4       0x68 zephyr/arch/arch/arm/core/mpu/libarch__arm__core__mpu.a(arm_mpu.c.obj)
 .text.arm_core_mpu_enable
                0x000000000000235c       0x18 zephyr/arch/arch/arm/core/mpu/libarch__arm__core__mpu.a(arm_mpu.c.obj)
                0x000000000000235c                arm_core_mpu_enable
 .text.arm_core_mpu_disable
                0x0000000000002374       0x14 zephyr/arch/arch/arm/core/mpu/libarch__arm__core__mpu.a(arm_mpu.c.obj)
                0x0000000000002374                arm_core_mpu_disable
 .text.arm_core_mpu_configure_static_mpu_regions
                0x0000000000002388       0x14 zephyr/arch/arch/arm/core/mpu/libarch__arm__core__mpu.a(arm_mpu.c.obj)
                0x0000000000002388                arm_core_mpu_configure_static_mpu_regions
 .text.arm_core_mpu_configure_dynamic_mpu_regions
                0x000000000000239c       0x38 zephyr/arch/arch/arm/core/mpu/libarch__arm__core__mpu.a(arm_mpu.c.obj)
                0x000000000000239c                arm_core_mpu_configure_dynamic_mpu_regions
 .text.z_arm_mpu_init
                0x00000000000023d4      0x17c zephyr/arch/arch/arm/core/mpu/libarch__arm__core__mpu.a(arm_mpu.c.obj)
                0x00000000000023d4                z_arm_mpu_init
 .text.z_impl_zephyr_fputc
                0x0000000000002550       0x10 zephyr/lib/libc/picolibc/liblib__libc__picolibc.a(libc-hooks.c.obj)
                0x0000000000002550                z_impl_zephyr_fputc
 .text.__stdout_hook_install
                0x0000000000002560       0x18 zephyr/lib/libc/picolibc/liblib__libc__picolibc.a(libc-hooks.c.obj)
                0x0000000000002560                __stdout_hook_install
 .text.cbvprintf
                0x0000000000002578       0x38 zephyr/lib/libc/picolibc/liblib__libc__picolibc.a(libc-hooks.c.obj)
                0x0000000000002578                cbvprintf
 .text.malloc_prepare
                0x00000000000025b0       0x24 zephyr/lib/libc/common/liblib__libc__common.a(malloc.c.obj)
 .text.nordicsemi_nrf52_init
                0x00000000000025d4       0x44 zephyr/soc/soc/nrf52840/libsoc__nordic.a(soc.c.obj)
 .text.arch_busy_wait
                0x0000000000002618       0x14 zephyr/soc/soc/nrf52840/libsoc__nordic.a(soc.c.obj)
                0x0000000000002618                arch_busy_wait
 .text.onoff_stop
                0x000000000000262c       0x30 zephyr/drivers/clock_control/libdrivers__clock_control.a(clock_control_nrf.c.obj)
 .text.onoff_start
                0x000000000000265c       0x44 zephyr/drivers/clock_control/libdrivers__clock_control.a(clock_control_nrf.c.obj)
 .text.generic_hfclk_stop
                0x00000000000026a0       0x34 zephyr/drivers/clock_control/libdrivers__clock_control.a(clock_control_nrf.c.obj)
 .text.clk_init
                0x00000000000026d4       0x58 zephyr/drivers/clock_control/libdrivers__clock_control.a(clock_control_nrf.c.obj)
 .text.api_blocking_start
                0x000000000000272c       0x34 zephyr/drivers/clock_control/libdrivers__clock_control.a(clock_control_nrf.c.obj)
 .text.clkstarted_handle.constprop.0
                0x0000000000002760       0x4c zephyr/drivers/clock_control/libdrivers__clock_control.a(clock_control_nrf.c.obj)
 .text.generic_hfclk_start
                0x00000000000027ac       0x78 zephyr/drivers/clock_control/libdrivers__clock_control.a(clock_control_nrf.c.obj)
 .text.clock_event_handler
                0x0000000000002824       0x1c zephyr/drivers/clock_control/libdrivers__clock_control.a(clock_control_nrf.c.obj)
 .text.z_nrf_clock_control_lf_on
                0x0000000000002840       0xfc zephyr/drivers/clock_control/libdrivers__clock_control.a(clock_control_nrf.c.obj)
                0x0000000000002840                z_nrf_clock_control_lf_on
 .text.uart_console_init
                0x000000000000293c       0x28 zephyr/drivers/console/libdrivers__console.a(uart_console.c.obj)
 .text.console_out
                0x0000000000002964       0x28 zephyr/drivers/console/libdrivers__console.a(uart_console.c.obj)
 .text.gpio_nrfx_pin_interrupt_configure
                0x000000000000298c      0x100 zephyr/drivers/gpio/libdrivers__gpio.a(gpio_nrfx.c.obj)
 .text.gpio_nrfx_init
                0x0000000000002a8c       0x48 zephyr/drivers/gpio/libdrivers__gpio.a(gpio_nrfx.c.obj)
 .text.nrfx_gpio_handler
                0x0000000000002ad4       0x4c zephyr/drivers/gpio/libdrivers__gpio.a(gpio_nrfx.c.obj)
 .text.gpio_nrfx_pin_configure
                0x0000000000002b20      0x18c zephyr/drivers/gpio/libdrivers__gpio.a(gpio_nrfx.c.obj)
 .text.event_handler
                0x0000000000002cac       0x38 zephyr/drivers/i2c/libdrivers__i2c.a(i2c_nrfx_twi.c.obj)
 .text.i2c_nrfx_twi_transfer
                0x0000000000002ce4       0xc0 zephyr/drivers/i2c/libdrivers__i2c.a(i2c_nrfx_twi.c.obj)
 .text.i2c_nrfx_twi_init
                0x0000000000002da4       0x60 zephyr/drivers/i2c/libdrivers__i2c.a(i2c_nrfx_twi_common.c.obj)
                0x0000000000002da4                i2c_nrfx_twi_init
 .text.i2c_nrfx_twi_configure
                0x0000000000002e04       0x48 zephyr/drivers/i2c/libdrivers__i2c.a(i2c_nrfx_twi_common.c.obj)
                0x0000000000002e04                i2c_nrfx_twi_configure
 .text.i2c_nrfx_twi_recover_bus
                0x0000000000002e4c       0x24 zephyr/drivers/i2c/libdrivers__i2c.a(i2c_nrfx_twi_common.c.obj)
                0x0000000000002e4c                i2c_nrfx_twi_recover_bus
 .text.i2c_nrfx_twi_msg_transfer
                0x0000000000002e70       0x90 zephyr/drivers/i2c/libdrivers__i2c.a(i2c_nrfx_twi_common.c.obj)
                0x0000000000002e70                i2c_nrfx_twi_msg_transfer
 .text.nrf_gpio_pin_port_decode
                0x0000000000002f00       0x20 zephyr/drivers/pinctrl/libdrivers__pinctrl.a(pinctrl_nrf.c.obj)
 .text.pinctrl_configure_pins
                0x0000000000002f20      0x1a4 zephyr/drivers/pinctrl/libdrivers__pinctrl.a(pinctrl_nrf.c.obj)
                0x0000000000002f20                pinctrl_configure_pins
 .text.uarte_0_init
                0x00000000000030c4      0x258 zephyr/drivers/serial/libdrivers__serial.a(uart_nrfx_uarte.c.obj)
 .text.uarte_nrfx_poll_out
                0x000000000000331c       0xcc zephyr/drivers/serial/libdrivers__serial.a(uart_nrfx_uarte.c.obj)
 .text.compare_int_lock
                0x00000000000033e8       0x48 zephyr/drivers/timer/libdrivers__timer.a(nrf_rtc_timer.c.obj)
 .text.sys_clock_timeout_handler
                0x0000000000003430       0x48 zephyr/drivers/timer/libdrivers__timer.a(nrf_rtc_timer.c.obj)
 .text.compare_int_unlock
                0x0000000000003478       0x5c zephyr/drivers/timer/libdrivers__timer.a(nrf_rtc_timer.c.obj)
 .text.z_nrf_rtc_timer_read
                0x00000000000034d4       0x44 zephyr/drivers/timer/libdrivers__timer.a(nrf_rtc_timer.c.obj)
                0x00000000000034d4                z_nrf_rtc_timer_read
 .text.compare_set
                0x0000000000003518      0x130 zephyr/drivers/timer/libdrivers__timer.a(nrf_rtc_timer.c.obj)
 .text.sys_clock_driver_init
                0x0000000000003648       0x90 zephyr/drivers/timer/libdrivers__timer.a(nrf_rtc_timer.c.obj)
 .text.rtc_nrf_isr
                0x00000000000036d8       0xd4 zephyr/drivers/timer/libdrivers__timer.a(nrf_rtc_timer.c.obj)
                0x00000000000036d8                rtc_nrf_isr
 .text.sys_clock_set_timeout
                0x00000000000037ac       0x5c zephyr/drivers/timer/libdrivers__timer.a(nrf_rtc_timer.c.obj)
                0x00000000000037ac                sys_clock_set_timeout
 .text.sys_clock_elapsed
                0x0000000000003808       0x14 zephyr/drivers/timer/libdrivers__timer.a(nrf_rtc_timer.c.obj)
                0x0000000000003808                sys_clock_elapsed
 .text.nrf52_errata_98
                0x000000000000381c       0x24 modules/hal_nordic/nrfx/libmodules__hal_nordic__nrfx.a(system_nrf52840.c.obj)
 .text.nvmc_wait
                0x0000000000003840       0x10 modules/hal_nordic/nrfx/libmodules__hal_nordic__nrfx.a(system_nrf52840.c.obj)
                0x0000000000003840                nvmc_wait
 .text.SystemInit
                0x0000000000003850      0x1bc modules/hal_nordic/nrfx/libmodules__hal_nordic__nrfx.a(system_nrf52840.c.obj)
                0x0000000000003850                SystemInit
 .text.nrfx_flag32_alloc
                0x0000000000003a0c       0x48 modules/hal_nordic/nrfx/libmodules__hal_nordic__nrfx.a(nrfx_flag32_allocator.c.obj)
                0x0000000000003a0c                nrfx_flag32_alloc
 .text.nrfx_flag32_free
                0x0000000000003a54       0x40 modules/hal_nordic/nrfx/libmodules__hal_nordic__nrfx.a(nrfx_flag32_allocator.c.obj)
                0x0000000000003a54                nrfx_flag32_free
 .text.nrfx_gppi_channels_enable
                0x0000000000003a94        0xc modules/hal_nordic/nrfx/libmodules__hal_nordic__nrfx.a(nrfx_gppi_ppi.c.obj)
                0x0000000000003a94                nrfx_gppi_channels_enable
 .text.clock_stop
                0x0000000000003aa0       0xc4 modules/hal_nordic/nrfx/libmodules__hal_nordic__nrfx.a(nrfx_clock.c.obj)
 .text.nrfx_clock_init
                0x0000000000003b64       0x20 modules/hal_nordic/nrfx/libmodules__hal_nordic__nrfx.a(nrfx_clock.c.obj)
                0x0000000000003b64                nrfx_clock_init
 .text.nrfx_clock_enable
                0x0000000000003b84       0x24 modules/hal_nordic/nrfx/libmodules__hal_nordic__nrfx.a(nrfx_clock.c.obj)
                0x0000000000003b84                nrfx_clock_enable
 .text.nrfx_clock_start
                0x0000000000003ba8       0xa8 modules/hal_nordic/nrfx/libmodules__hal_nordic__nrfx.a(nrfx_clock.c.obj)
                0x0000000000003ba8                nrfx_clock_start
 .text.nrfx_power_clock_irq_handler
                0x0000000000003c50       0x68 modules/hal_nordic/nrfx/libmodules__hal_nordic__nrfx.a(nrfx_clock.c.obj)
                0x0000000000003c50                nrfx_power_clock_irq_handler
 .text.nrf_gpio_pin_port_decode
                0x0000000000003cb8       0x20 modules/hal_nordic/nrfx/libmodules__hal_nordic__nrfx.a(nrfx_gpiote.c.obj)
 .text.get_pin_idx
                0x0000000000003cd8       0x14 modules/hal_nordic/nrfx/libmodules__hal_nordic__nrfx.a(nrfx_gpiote.c.obj)
 .text.call_handler.constprop.0
                0x0000000000003cec       0x40 modules/hal_nordic/nrfx/libmodules__hal_nordic__nrfx.a(nrfx_gpiote.c.obj)
 .text.pin_te_get.constprop.0
                0x0000000000003d2c       0x18 modules/hal_nordic/nrfx/libmodules__hal_nordic__nrfx.a(nrfx_gpiote.c.obj)
 .text.pin_is_output.constprop.0
                0x0000000000003d44       0x18 modules/hal_nordic/nrfx/libmodules__hal_nordic__nrfx.a(nrfx_gpiote.c.obj)
 .text.pin_in_use_by_te.constprop.0
                0x0000000000003d5c       0x18 modules/hal_nordic/nrfx/libmodules__hal_nordic__nrfx.a(nrfx_gpiote.c.obj)
 .text.latch_pending_read_and_check
                0x0000000000003d74       0x40 modules/hal_nordic/nrfx/libmodules__hal_nordic__nrfx.a(nrfx_gpiote.c.obj)
 .text.release_handler.isra.0
                0x0000000000003db4       0x58 modules/hal_nordic/nrfx/libmodules__hal_nordic__nrfx.a(nrfx_gpiote.c.obj)
 .text.__nrfy_internal_gpiote_events_process.constprop.0
                0x0000000000003e0c       0x5c modules/hal_nordic/nrfx/libmodules__hal_nordic__nrfx.a(nrfx_gpiote.c.obj)
 .text.pin_uninit
                0x0000000000003e68       0x80 modules/hal_nordic/nrfx/libmodules__hal_nordic__nrfx.a(nrfx_gpiote.c.obj)
 .text.nrfx_gpiote_input_configure
                0x0000000000003ee8      0x174 modules/hal_nordic/nrfx/libmodules__hal_nordic__nrfx.a(nrfx_gpiote.c.obj)
                0x0000000000003ee8                nrfx_gpiote_input_configure
 .text.nrfx_gpiote_output_configure
                0x000000000000405c       0xfc modules/hal_nordic/nrfx/libmodules__hal_nordic__nrfx.a(nrfx_gpiote.c.obj)
                0x000000000000405c                nrfx_gpiote_output_configure
 .text.nrfx_gpiote_global_callback_set
                0x0000000000004158        0xc modules/hal_nordic/nrfx/libmodules__hal_nordic__nrfx.a(nrfx_gpiote.c.obj)
                0x0000000000004158                nrfx_gpiote_global_callback_set
 .text.nrfx_gpiote_channel_get
                0x0000000000004164       0x34 modules/hal_nordic/nrfx/libmodules__hal_nordic__nrfx.a(nrfx_gpiote.c.obj)
                0x0000000000004164                nrfx_gpiote_channel_get
 .text.nrfx_gpiote_init
                0x0000000000004198       0x68 modules/hal_nordic/nrfx/libmodules__hal_nordic__nrfx.a(nrfx_gpiote.c.obj)
                0x0000000000004198                nrfx_gpiote_init
 .text.nrfx_gpiote_init_check
                0x0000000000004200       0x14 modules/hal_nordic/nrfx/libmodules__hal_nordic__nrfx.a(nrfx_gpiote.c.obj)
                0x0000000000004200                nrfx_gpiote_init_check
 .text.nrfx_gpiote_channel_free
                0x0000000000004214        0xc modules/hal_nordic/nrfx/libmodules__hal_nordic__nrfx.a(nrfx_gpiote.c.obj)
                0x0000000000004214                nrfx_gpiote_channel_free
 .text.nrfx_gpiote_channel_alloc
                0x0000000000004220        0xc modules/hal_nordic/nrfx/libmodules__hal_nordic__nrfx.a(nrfx_gpiote.c.obj)
                0x0000000000004220                nrfx_gpiote_channel_alloc
 .text.nrfx_gpiote_trigger_enable
                0x000000000000422c       0xb0 modules/hal_nordic/nrfx/libmodules__hal_nordic__nrfx.a(nrfx_gpiote.c.obj)
                0x000000000000422c                nrfx_gpiote_trigger_enable
 .text.nrfx_gpiote_0_irq_handler
                0x00000000000042dc      0x1bc modules/hal_nordic/nrfx/libmodules__hal_nordic__nrfx.a(nrfx_gpiote.c.obj)
                0x00000000000042dc                nrfx_gpiote_0_irq_handler
 .text.nrfx_ppi_channel_alloc
                0x0000000000004498        0xc modules/hal_nordic/nrfx/libmodules__hal_nordic__nrfx.a(nrfx_ppi.c.obj)
                0x0000000000004498                nrfx_ppi_channel_alloc
 .text.nrf_gpio_cfg.constprop.0
                0x00000000000044a4       0x48 modules/hal_nordic/nrfx/libmodules__hal_nordic__nrfx.a(nrfx_twi.c.obj)
 .text.twi_configure
                0x00000000000044ec       0x3c modules/hal_nordic/nrfx/libmodules__hal_nordic__nrfx.a(nrfx_twi.c.obj)
 .text.twi_tx_start_transfer
                0x0000000000004528      0x104 modules/hal_nordic/nrfx/libmodules__hal_nordic__nrfx.a(nrfx_twi.c.obj)
 .text.twi_rx_start_transfer
                0x000000000000462c       0xe4 modules/hal_nordic/nrfx/libmodules__hal_nordic__nrfx.a(nrfx_twi.c.obj)
 .text.nrfx_twi_init
                0x0000000000004710       0x88 modules/hal_nordic/nrfx/libmodules__hal_nordic__nrfx.a(nrfx_twi.c.obj)
                0x0000000000004710                nrfx_twi_init
 .text.nrfx_twi_enable
                0x0000000000004798       0x20 modules/hal_nordic/nrfx/libmodules__hal_nordic__nrfx.a(nrfx_twi.c.obj)
                0x0000000000004798                nrfx_twi_enable
 .text.nrfx_twi_disable
                0x00000000000047b8       0x38 modules/hal_nordic/nrfx/libmodules__hal_nordic__nrfx.a(nrfx_twi.c.obj)
                0x00000000000047b8                nrfx_twi_disable
 .text.nrfx_twi_xfer
                0x00000000000047f0       0xdc modules/hal_nordic/nrfx/libmodules__hal_nordic__nrfx.a(nrfx_twi.c.obj)
                0x00000000000047f0                nrfx_twi_xfer
 .text.nrfx_twi_0_irq_handler
                0x00000000000048cc       0xd8 modules/hal_nordic/nrfx/libmodules__hal_nordic__nrfx.a(nrfx_twi.c.obj)
                0x00000000000048cc                nrfx_twi_0_irq_handler
 .text.nrf_gpio_pin_port_decode
                0x00000000000049a4       0x20 modules/hal_nordic/nrfx/libmodules__hal_nordic__nrfx.a(nrfx_twi_twim.c.obj)
 .text.nrfx_twi_twim_bus_recover
                0x00000000000049c4       0xdc modules/hal_nordic/nrfx/libmodules__hal_nordic__nrfx.a(nrfx_twi_twim.c.obj)
                0x00000000000049c4                nrfx_twi_twim_bus_recover
 .text._DoInit  0x0000000000004aa0       0x60 modules/segger/libmodules__segger.a(SEGGER_RTT.c.obj)
 .text.SEGGER_RTT_ReadNoLock
                0x0000000000004b00       0x88 modules/segger/libmodules__segger.a(SEGGER_RTT.c.obj)
                0x0000000000004b00                SEGGER_RTT_ReadNoLock
 .text.SEGGER_RTT_WriteSkipNoLock
                0x0000000000004b88       0x88 modules/segger/libmodules__segger.a(SEGGER_RTT.c.obj)
                0x0000000000004b88                SEGGER_RTT_WriteSkipNoLock
 .text.SEGGER_RTT_WriteNoLock
                0x0000000000004c10       0x58 modules/segger/libmodules__segger.a(SEGGER_RTT.c.obj)
                0x0000000000004c10                SEGGER_RTT_WriteNoLock
 .text.SEGGER_RTT_Write
                0x0000000000004c68       0x30 modules/segger/libmodules__segger.a(SEGGER_RTT.c.obj)
                0x0000000000004c68                SEGGER_RTT_Write
 .text.SEGGER_RTT_HasDataUp
                0x0000000000004c98       0x14 modules/segger/libmodules__segger.a(SEGGER_RTT.c.obj)
                0x0000000000004c98                SEGGER_RTT_HasDataUp
 .text.zephyr_rtt_mutex_lock
                0x0000000000004cac       0x14 modules/segger/libmodules__segger.a(SEGGER_RTT_zephyr.c.obj)
                0x0000000000004cac                zephyr_rtt_mutex_lock
 .text.zephyr_rtt_mutex_unlock
                0x0000000000004cc0        0xc modules/segger/libmodules__segger.a(SEGGER_RTT_zephyr.c.obj)
                0x0000000000004cc0                zephyr_rtt_mutex_unlock
 .text.k_sys_fatal_error_handler
                0x0000000000004ccc       0x20 zephyr/kernel/libkernel.a(fatal.c.obj)
                0x0000000000004ccc                k_sys_fatal_error_handler
 .text.z_fatal_error
                0x0000000000004cec       0xe8 zephyr/kernel/libkernel.a(fatal.c.obj)
                0x0000000000004cec                z_fatal_error
 .text.z_sys_init_run_level
                0x0000000000004dd4       0x2c zephyr/kernel/libkernel.a(init.c.obj)
 .text.bg_thread_main
                0x0000000000004e00       0xc0 zephyr/kernel/libkernel.a(init.c.obj)
 .text.z_bss_zero
                0x0000000000004ec0       0x18 zephyr/kernel/libkernel.a(init.c.obj)
                0x0000000000004ec0                z_bss_zero
 .text.z_init_cpu
                0x0000000000004ed8       0x70 zephyr/kernel/libkernel.a(init.c.obj)
                0x0000000000004ed8                z_init_cpu
 .text.z_cstart
                0x0000000000004f48       0xe0 zephyr/kernel/libkernel.a(init.c.obj)
                0x0000000000004f48                z_cstart
 .text.init_mem_slab_obj_core_list
                0x0000000000005028       0x24 zephyr/kernel/libkernel.a(mem_slab.c.obj)
 .text.k_mem_slab_alloc
                0x000000000000504c       0x5c zephyr/kernel/libkernel.a(mem_slab.c.obj)
                0x000000000000504c                k_mem_slab_alloc
 .text.z_impl_k_mutex_lock
                0x00000000000050a8       0xf0 zephyr/kernel/libkernel.a(mutex.c.obj)
                0x00000000000050a8                z_impl_k_mutex_lock
 .text.z_impl_k_mutex_unlock
                0x0000000000005198       0x78 zephyr/kernel/libkernel.a(mutex.c.obj)
                0x0000000000005198                z_impl_k_mutex_unlock
 .text.z_impl_k_sem_give
                0x0000000000005210       0x48 zephyr/kernel/libkernel.a(sem.c.obj)
                0x0000000000005210                z_impl_k_sem_give
 .text.z_impl_k_sem_take
                0x0000000000005258       0x4c zephyr/kernel/libkernel.a(sem.c.obj)
                0x0000000000005258                z_impl_k_sem_take
 .text.z_setup_new_thread
                0x00000000000052a4       0x98 zephyr/kernel/libkernel.a(thread.c.obj)
                0x00000000000052a4                z_setup_new_thread
 .text.z_impl_k_thread_create
                0x000000000000533c       0x58 zephyr/kernel/libkernel.a(thread.c.obj)
                0x000000000000533c                z_impl_k_thread_create
 .text.update_cache
                0x0000000000005394       0x3c zephyr/kernel/libkernel.a(sched.c.obj)
 .text.unready_thread
                0x00000000000053d0       0x30 zephyr/kernel/libkernel.a(sched.c.obj)
 .text.ready_thread
                0x0000000000005400       0x68 zephyr/kernel/libkernel.a(sched.c.obj)
 .text.z_thread_halt
                0x0000000000005468       0xd8 zephyr/kernel/libkernel.a(sched.c.obj)
 .text.move_thread_to_end_of_prio_q
                0x0000000000005540       0x74 zephyr/kernel/libkernel.a(sched.c.obj)
                0x0000000000005540                move_thread_to_end_of_prio_q
 .text.z_pend_curr
                0x00000000000055b4       0x58 zephyr/kernel/libkernel.a(sched.c.obj)
                0x00000000000055b4                z_pend_curr
 .text.z_thread_prio_set
                0x000000000000560c       0x88 zephyr/kernel/libkernel.a(sched.c.obj)
                0x000000000000560c                z_thread_prio_set
 .text.z_reschedule
                0x0000000000005694       0x24 zephyr/kernel/libkernel.a(sched.c.obj)
                0x0000000000005694                z_reschedule
 .text.z_sched_start
                0x00000000000056b8       0x3c zephyr/kernel/libkernel.a(sched.c.obj)
                0x00000000000056b8                z_sched_start
 .text.z_reschedule_irqlock
                0x00000000000056f4       0x28 zephyr/kernel/libkernel.a(sched.c.obj)
                0x00000000000056f4                z_reschedule_irqlock
 .text.k_sched_lock
                0x000000000000571c       0x28 zephyr/kernel/libkernel.a(sched.c.obj)
                0x000000000000571c                k_sched_lock
 .text.k_sched_unlock
                0x0000000000005744       0x40 zephyr/kernel/libkernel.a(sched.c.obj)
                0x0000000000005744                k_sched_unlock
 .text.z_sched_init
                0x0000000000005784       0x10 zephyr/kernel/libkernel.a(sched.c.obj)
                0x0000000000005784                z_sched_init
 .text.z_impl_k_yield
                0x0000000000005794       0x7c zephyr/kernel/libkernel.a(sched.c.obj)
                0x0000000000005794                z_impl_k_yield
 .text.z_tick_sleep
                0x0000000000005810       0x88 zephyr/kernel/libkernel.a(sched.c.obj)
 .text.z_impl_k_sleep
                0x0000000000005898       0x3c zephyr/kernel/libkernel.a(sched.c.obj)
                0x0000000000005898                z_impl_k_sleep
 .text.z_impl_k_sched_current_thread_query
                0x00000000000058d4        0xc zephyr/kernel/libkernel.a(sched.c.obj)
                0x00000000000058d4                z_impl_k_sched_current_thread_query
 .text.slice_timeout
                0x00000000000058e0       0x20 zephyr/kernel/libkernel.a(timeslicing.c.obj)
 .text.thread_is_sliceable
                0x0000000000005900       0x3c zephyr/kernel/libkernel.a(timeslicing.c.obj)
                0x0000000000005900                thread_is_sliceable
 .text.z_reset_time_slice
                0x000000000000593c       0x50 zephyr/kernel/libkernel.a(timeslicing.c.obj)
                0x000000000000593c                z_reset_time_slice
 .text.z_time_slice
                0x000000000000598c       0x60 zephyr/kernel/libkernel.a(timeslicing.c.obj)
                0x000000000000598c                z_time_slice
 .text.z_data_copy
                0x00000000000059ec       0x34 zephyr/kernel/libkernel.a(xip.c.obj)
                0x00000000000059ec                z_data_copy
 .text.elapsed  0x0000000000005a20       0x14 zephyr/kernel/libkernel.a(timeout.c.obj)
 .text.remove_timeout
                0x0000000000005a34       0x38 zephyr/kernel/libkernel.a(timeout.c.obj)
 .text.next_timeout
                0x0000000000005a6c       0x40 zephyr/kernel/libkernel.a(timeout.c.obj)
 .text.z_add_timeout
                0x0000000000005aac       0xf4 zephyr/kernel/libkernel.a(timeout.c.obj)
                0x0000000000005aac                z_add_timeout
 .text.sys_clock_announce
                0x0000000000005ba0       0xd0 zephyr/kernel/libkernel.a(timeout.c.obj)
                0x0000000000005ba0                sys_clock_announce
 .text.sys_clock_tick_get
                0x0000000000005c70       0x30 zephyr/kernel/libkernel.a(timeout.c.obj)
                0x0000000000005c70                sys_clock_tick_get
 .text.z_timer_expiration_handler
                0x0000000000005ca0       0xe0 zephyr/kernel/libkernel.a(timer.c.obj)
                0x0000000000005ca0                z_timer_expiration_handler
 .text.z_impl_k_timer_start
                0x0000000000005d80       0x74 zephyr/kernel/libkernel.a(timer.c.obj)
                0x0000000000005d80                z_impl_k_timer_start
 .text.nrf_cc3xx_platform_init_no_rng
                0x0000000000005df4       0x38 C:/ncs/v2.7.0/nrfxlib/crypto/nrf_cc310_platform/lib/cortex-m4/soft-float/no-interrupts/libnrf_cc310_platform_0.9.19.a(nrf_cc3xx_platform.c.obj)
                0x0000000000005df4                nrf_cc3xx_platform_init_no_rng
 .text.nrf_cc3xx_platform_abort
                0x0000000000005e2c       0x24 C:/ncs/v2.7.0/nrfxlib/crypto/nrf_cc310_platform/lib/cortex-m4/soft-float/no-interrupts/libnrf_cc310_platform_0.9.19.a(nrf_cc3xx_platform_abort.c.obj)
 .text.CC_PalAbort
                0x0000000000005e50       0x34 C:/ncs/v2.7.0/nrfxlib/crypto/nrf_cc310_platform/lib/cortex-m4/soft-float/no-interrupts/libnrf_cc310_platform_0.9.19.a(nrf_cc3xx_platform_abort.c.obj)
                0x0000000000005e50                CC_PalAbort
 .text.nrf_cc3xx_platform_set_abort
                0x0000000000005e84       0x10 C:/ncs/v2.7.0/nrfxlib/crypto/nrf_cc310_platform/lib/cortex-m4/soft-float/no-interrupts/libnrf_cc310_platform_0.9.19.a(nrf_cc3xx_platform_abort.c.obj)
                0x0000000000005e84                nrf_cc3xx_platform_set_abort
 .text.mutex_free
                0x0000000000005e94       0x34 C:/ncs/v2.7.0/nrfxlib/crypto/nrf_cc310_platform/lib/cortex-m4/soft-float/no-interrupts/libnrf_cc310_platform_0.9.19.a(nrf_cc3xx_platform_mutex.c.obj)
 .text.mutex_lock
                0x0000000000005ec8       0x48 C:/ncs/v2.7.0/nrfxlib/crypto/nrf_cc310_platform/lib/cortex-m4/soft-float/no-interrupts/libnrf_cc310_platform_0.9.19.a(nrf_cc3xx_platform_mutex.c.obj)
 .text.mutex_unlock
                0x0000000000005f10       0x38 C:/ncs/v2.7.0/nrfxlib/crypto/nrf_cc310_platform/lib/cortex-m4/soft-float/no-interrupts/libnrf_cc310_platform_0.9.19.a(nrf_cc3xx_platform_mutex.c.obj)
 .text.mutex_init
                0x0000000000005f48       0x20 C:/ncs/v2.7.0/nrfxlib/crypto/nrf_cc310_platform/lib/cortex-m4/soft-float/no-interrupts/libnrf_cc310_platform_0.9.19.a(nrf_cc3xx_platform_mutex.c.obj)
 .text.nrf_cc3xx_platform_set_mutexes
                0x0000000000005f68       0x74 C:/ncs/v2.7.0/nrfxlib/crypto/nrf_cc310_platform/lib/cortex-m4/soft-float/no-interrupts/libnrf_cc310_platform_0.9.19.a(nrf_cc3xx_platform_mutex.c.obj)
                0x0000000000005f68                nrf_cc3xx_platform_set_mutexes
 .text.CC_LibInitNoRng
                0x0000000000005fdc       0x64 C:/ncs/v2.7.0/nrfxlib/crypto/nrf_cc310_platform/lib/cortex-m4/soft-float/no-interrupts/libnrf_cc310_platform_0.9.19.a(cc_lib.c.obj)
                0x0000000000005fdc                CC_LibInitNoRng
 .text.CC_HalInit
                0x0000000000006040        0x4 C:/ncs/v2.7.0/nrfxlib/crypto/nrf_cc310_platform/lib/cortex-m4/soft-float/no-interrupts/libnrf_cc310_platform_0.9.19.a(cc_hal.c.obj)
                0x0000000000006040                CC_HalInit
 .text.CC_HalTerminate
                0x0000000000006044        0x4 C:/ncs/v2.7.0/nrfxlib/crypto/nrf_cc310_platform/lib/cortex-m4/soft-float/no-interrupts/libnrf_cc310_platform_0.9.19.a(cc_hal.c.obj)
                0x0000000000006044                CC_HalTerminate
 .text.CC_HalMaskInterrupt
                0x0000000000006048        0xc C:/ncs/v2.7.0/nrfxlib/crypto/nrf_cc310_platform/lib/cortex-m4/soft-float/no-interrupts/libnrf_cc310_platform_0.9.19.a(cc_hal.c.obj)
                0x0000000000006048                CC_HalMaskInterrupt
 .text.CC_PalInit
                0x0000000000006054       0x5c C:/ncs/v2.7.0/nrfxlib/crypto/nrf_cc310_platform/lib/cortex-m4/soft-float/no-interrupts/libnrf_cc310_platform_0.9.19.a(cc_pal.c.obj)
                0x0000000000006054                CC_PalInit
 .text.CC_PalTerminate
                0x00000000000060b0       0x34 C:/ncs/v2.7.0/nrfxlib/crypto/nrf_cc310_platform/lib/cortex-m4/soft-float/no-interrupts/libnrf_cc310_platform_0.9.19.a(cc_pal.c.obj)
                0x00000000000060b0                CC_PalTerminate
 .text.CC_PalDmaInit
                0x00000000000060e4        0x4 C:/ncs/v2.7.0/nrfxlib/crypto/nrf_cc310_platform/lib/cortex-m4/soft-float/no-interrupts/libnrf_cc310_platform_0.9.19.a(cc_pal_dma.c.obj)
                0x00000000000060e4                CC_PalDmaInit
 .text.CC_PalDmaTerminate
                0x00000000000060e8        0x4 C:/ncs/v2.7.0/nrfxlib/crypto/nrf_cc310_platform/lib/cortex-m4/soft-float/no-interrupts/libnrf_cc310_platform_0.9.19.a(cc_pal_dma.c.obj)
                0x00000000000060e8                CC_PalDmaTerminate
 .text.CC_PalMutexCreate
                0x00000000000060ec       0x14 C:/ncs/v2.7.0/nrfxlib/crypto/nrf_cc310_platform/lib/cortex-m4/soft-float/no-interrupts/libnrf_cc310_platform_0.9.19.a(cc_pal_mutex.c.obj)
                0x00000000000060ec                CC_PalMutexCreate
 .text.CC_PalMutexDestroy
                0x0000000000006100       0x14 C:/ncs/v2.7.0/nrfxlib/crypto/nrf_cc310_platform/lib/cortex-m4/soft-float/no-interrupts/libnrf_cc310_platform_0.9.19.a(cc_pal_mutex.c.obj)
                0x0000000000006100                CC_PalMutexDestroy
 .text.CC_PalPowerSaveModeInit
                0x0000000000006114       0x3c C:/ncs/v2.7.0/nrfxlib/crypto/nrf_cc310_platform/lib/cortex-m4/soft-float/no-interrupts/libnrf_cc310_platform_0.9.19.a(cc_pal_pm.c.obj)
                0x0000000000006114                CC_PalPowerSaveModeInit
 .text.CC_PalPowerSaveModeSelect
                0x0000000000006150       0x84 C:/ncs/v2.7.0/nrfxlib/crypto/nrf_cc310_platform/lib/cortex-m4/soft-float/no-interrupts/libnrf_cc310_platform_0.9.19.a(cc_pal_pm.c.obj)
                0x0000000000006150                CC_PalPowerSaveModeSelect
 .text.snprintf
                0x00000000000061d4       0x58 c:\ncs\toolchains\ce3b5ff664\opt\zephyr-sdk\arm-zephyr-eabi\bin\../lib/gcc/../../picolibc/arm-zephyr-eabi/lib/thumb/v7e-m/nofp\libc.a(libc_tinystdio_snprintf.c.o)
                0x00000000000061d4                snprintf
 .text.__l_vfprintf
                0x000000000000622c      0x4b8 c:\ncs\toolchains\ce3b5ff664\opt\zephyr-sdk\arm-zephyr-eabi\bin\../lib/gcc/../../picolibc/arm-zephyr-eabi/lib/thumb/v7e-m/nofp\libc.a(libc_tinystdio_vflprintf.c.o)
                0x000000000000622c                __l_vfprintf
 .text._OffsetAbsSyms
                0x00000000000066e4        0x2 zephyr/CMakeFiles/offsets.dir/./arch/arm/core/offsets/offsets.c.obj
                0x00000000000066e4                _OffsetAbsSyms
 .text.chunk_size
                0x00000000000066e6        0xa zephyr/libzephyr.a(heap.c.obj)
 .text.free_list_add
                0x00000000000066f0       0x4e zephyr/libzephyr.a(heap.c.obj)
 .text.sys_heap_init
                0x000000000000673e       0x7a zephyr/libzephyr.a(heap.c.obj)
                0x000000000000673e                sys_heap_init
 .text.cbpprintf_external
                0x00000000000067b8       0x62 zephyr/libzephyr.a(cbprintf_packaged.c.obj)
                0x00000000000067b8                cbpprintf_external
 .text.is_ptr   0x000000000000681a       0x4a zephyr/libzephyr.a(cbprintf_packaged.c.obj)
                0x000000000000681a                is_ptr
 .text.arch_printk_char_out
                0x0000000000006864        0x4 zephyr/libzephyr.a(printk.c.obj)
                0x0000000000006864                arch_printk_char_out
 .text.printk   0x0000000000006868       0x1a zephyr/libzephyr.a(printk.c.obj)
                0x0000000000006868                printk
 .text.free_space
                0x0000000000006882       0x26 zephyr/libzephyr.a(mpsc_pbuf.c.obj)
 .text.get_usage
                0x00000000000068a8       0x22 zephyr/libzephyr.a(mpsc_pbuf.c.obj)
 .text.idx_inc  0x00000000000068ca       0x1c zephyr/libzephyr.a(mpsc_pbuf.c.obj)
 .text.rd_idx_inc
                0x00000000000068e6       0x18 zephyr/libzephyr.a(mpsc_pbuf.c.obj)
 .text.add_skip_item
                0x00000000000068fe       0x3a zephyr/libzephyr.a(mpsc_pbuf.c.obj)
 .text.drop_item_locked
                0x0000000000006938       0xee zephyr/libzephyr.a(mpsc_pbuf.c.obj)
 .text.post_drop_action
                0x0000000000006a26       0x36 zephyr/libzephyr.a(mpsc_pbuf.c.obj)
 .text.max_utilization_update
                0x0000000000006a5c       0x1a zephyr/libzephyr.a(mpsc_pbuf.c.obj)
 .text.mpsc_pbuf_init
                0x0000000000006a76       0x42 zephyr/libzephyr.a(mpsc_pbuf.c.obj)
                0x0000000000006a76                mpsc_pbuf_init
 .text.mpsc_pbuf_alloc
                0x0000000000006ab8       0xf8 zephyr/libzephyr.a(mpsc_pbuf.c.obj)
                0x0000000000006ab8                mpsc_pbuf_alloc
 .text.mpsc_pbuf_commit
                0x0000000000006bb0       0x3e zephyr/libzephyr.a(mpsc_pbuf.c.obj)
                0x0000000000006bb0                mpsc_pbuf_commit
 .text.mpsc_pbuf_claim
                0x0000000000006bee       0xa8 zephyr/libzephyr.a(mpsc_pbuf.c.obj)
                0x0000000000006bee                mpsc_pbuf_claim
 .text.mpsc_pbuf_free
                0x0000000000006c96       0x76 zephyr/libzephyr.a(mpsc_pbuf.c.obj)
                0x0000000000006c96                mpsc_pbuf_free
 .text.mpsc_pbuf_is_pending
                0x0000000000006d0c       0x1a zephyr/libzephyr.a(mpsc_pbuf.c.obj)
                0x0000000000006d0c                mpsc_pbuf_is_pending
 .text.process_recheck
                0x0000000000006d26       0x38 zephyr/libzephyr.a(onoff.c.obj)
 .text.validate_args
                0x0000000000006d5e       0x20 zephyr/libzephyr.a(onoff.c.obj)
 .text.notify_one
                0x0000000000006d7e       0x2c zephyr/libzephyr.a(onoff.c.obj)
 .text.transition_complete
                0x0000000000006daa       0x1a zephyr/libzephyr.a(onoff.c.obj)
 .text.onoff_manager_init
                0x0000000000006dc4       0x26 zephyr/libzephyr.a(onoff.c.obj)
                0x0000000000006dc4                onoff_manager_init
 .text.onoff_request
                0x0000000000006dea       0xae zephyr/libzephyr.a(onoff.c.obj)
                0x0000000000006dea                onoff_request
 .text.sys_notify_validate
                0x0000000000006e98       0x22 zephyr/libzephyr.a(notify.c.obj)
                0x0000000000006e98                sys_notify_validate
 .text.sys_notify_finalize
                0x0000000000006eba       0x1a zephyr/libzephyr.a(notify.c.obj)
                0x0000000000006eba                sys_notify_finalize
 .text._ConfigAbsSyms
                0x0000000000006ed4        0x2 zephyr/libzephyr.a(configs.c.obj)
                0x0000000000006ed4                _ConfigAbsSyms
 .text.log_msg_generic_get_wlen
                0x0000000000006ed6       0x20 zephyr/libzephyr.a(log_core.c.obj)
 .text.dummy_timestamp
                0x0000000000006ef6        0x4 zephyr/libzephyr.a(log_core.c.obj)
 .text.default_get_timestamp
                0x0000000000006efa        0x4 zephyr/libzephyr.a(log_core.c.obj)
 .text.atomic_inc
                0x0000000000006efe       0x1a zephyr/libzephyr.a(log_core.c.obj)
 .text.z_log_vprintk
                0x0000000000006f18       0x1c zephyr/libzephyr.a(log_core.c.obj)
                0x0000000000006f18                z_log_vprintk
 .text.z_log_notify_drop
                0x0000000000006f34        0x6 zephyr/libzephyr.a(log_core.c.obj)
 .text.z_log_get_tag
                0x0000000000006f3a        0x4 zephyr/libzephyr.a(log_core.c.obj)
                0x0000000000006f3a                z_log_get_tag
 .text.z_cbprintf_cpy
                0x0000000000006f3e       0x2c zephyr/libzephyr.a(log_msg.c.obj)
 .text.z_log_msg_finalize
                0x0000000000006f6a       0x32 zephyr/libzephyr.a(log_msg.c.obj)
                0x0000000000006f6a                z_log_msg_finalize
 .text.z_log_msg_simple_create
                0x0000000000006f9c       0x6e zephyr/libzephyr.a(log_msg.c.obj)
 .text.z_impl_z_log_msg_simple_create_0
                0x000000000000700a       0x12 zephyr/libzephyr.a(log_msg.c.obj)
                0x000000000000700a                z_impl_z_log_msg_simple_create_0
 .text.z_impl_z_log_msg_simple_create_1
                0x000000000000701c       0x14 zephyr/libzephyr.a(log_msg.c.obj)
                0x000000000000701c                z_impl_z_log_msg_simple_create_1
 .text.z_impl_z_log_msg_simple_create_2
                0x0000000000007030       0x18 zephyr/libzephyr.a(log_msg.c.obj)
                0x0000000000007030                z_impl_z_log_msg_simple_create_2
 .text.buffer_write
                0x0000000000007048       0x1c zephyr/libzephyr.a(log_output.c.obj)
 .text.log_output_flush
                0x0000000000007064       0x1a zephyr/libzephyr.a(log_output.c.obj)
                0x0000000000007064                log_output_flush
 .text.out_func
                0x000000000000707e       0x36 zephyr/libzephyr.a(log_output.c.obj)
 .text.cr_out_func
                0x00000000000070b4       0x1c zephyr/libzephyr.a(log_output.c.obj)
 .text.log_output_msg_process
                0x00000000000070d0       0x6a zephyr/libzephyr.a(log_output.c.obj)
                0x00000000000070d0                log_output_msg_process
 .text.format_set
                0x000000000000713a        0xc zephyr/libzephyr.a(log_backend_uart.c.obj)
 .text.log_backend_uart_init
                0x0000000000007146        0xc zephyr/libzephyr.a(log_backend_uart.c.obj)
 .text.panic    0x0000000000007152       0x10 zephyr/libzephyr.a(log_backend_uart.c.obj)
 .text.dropped  0x0000000000007162        0xa zephyr/libzephyr.a(log_backend_uart.c.obj)
 .text.process  0x000000000000716c       0x1e zephyr/libzephyr.a(log_backend_uart.c.obj)
 .text.abort_function
                0x000000000000718a        0x2 zephyr/libzephyr.a(nrf_cc3xx_platform_abort_zephyr.c.obj)
 .text.z_do_kernel_oops
                0x000000000000718c        0x8 zephyr/arch/arch/arm/core/libarch__arm__core.a(fatal.c.obj)
                0x000000000000718c                z_do_kernel_oops
 .text.z_arm_nmi
                0x0000000000007194        0xe zephyr/arch/arch/arm/core/libarch__arm__core.a(nmi.c.obj)
                0x0000000000007194                z_arm_nmi
 .text.z_log_msg_simple_create_0.constprop.0
                0x00000000000071a2        0x8 zephyr/arch/arch/arm/core/cortex_m/libarch__arm__core__cortex_m.a(fault.c.obj)
 .text.z_irq_spurious
                0x00000000000071aa        0x8 zephyr/arch/arch/arm/core/cortex_m/libarch__arm__core__cortex_m.a(irq_manage.c.obj)
                0x00000000000071aa                z_irq_spurious
 .text.arch_irq_unlock_outlined
                0x00000000000071b2        0xe zephyr/arch/arch/arm/core/cortex_m/libarch__arm__core__cortex_m.a(thread.c.obj)
                0x00000000000071b2                arch_irq_unlock_outlined
 .text.arch_cpu_idle
                0x00000000000071c0       0x1a zephyr/arch/arch/arm/core/cortex_m/libarch__arm__core__cortex_m.a(cpu_idle.c.obj)
                0x00000000000071c0                arch_cpu_idle
 .text.arch_cpu_atomic_idle
                0x00000000000071da       0x1e zephyr/arch/arch/arm/core/cortex_m/libarch__arm__core__cortex_m.a(cpu_idle.c.obj)
                0x00000000000071da                arch_cpu_atomic_idle
 .text.size_to_mpu_rasr_size
                0x00000000000071f8       0x20 zephyr/arch/arch/arm/core/mpu/libarch__arm__core__mpu.a(arm_mpu.c.obj)
 .text.cbputc   0x0000000000007218        0xc zephyr/lib/libc/picolibc/liblib__libc__picolibc.a(libc-hooks.c.obj)
 .text.picolibc_put
                0x0000000000007224        0xa zephyr/lib/libc/picolibc/liblib__libc__picolibc.a(libc-hooks.c.obj)
 .text.get_status
                0x000000000000722e       0x12 zephyr/drivers/clock_control/libdrivers__clock_control.a(clock_control_nrf.c.obj)
 .text.stop     0x0000000000007240       0x50 zephyr/drivers/clock_control/libdrivers__clock_control.a(clock_control_nrf.c.obj)
 .text.api_stop
                0x0000000000007290        0x6 zephyr/drivers/clock_control/libdrivers__clock_control.a(clock_control_nrf.c.obj)
 .text.async_start
                0x0000000000007296       0x5a zephyr/drivers/clock_control/libdrivers__clock_control.a(clock_control_nrf.c.obj)
 .text.api_start
                0x00000000000072f0        0xe zephyr/drivers/clock_control/libdrivers__clock_control.a(clock_control_nrf.c.obj)
 .text.onoff_started_callback
                0x00000000000072fe       0x12 zephyr/drivers/clock_control/libdrivers__clock_control.a(clock_control_nrf.c.obj)
 .text.lfclk_start
                0x0000000000007310        0x6 zephyr/drivers/clock_control/libdrivers__clock_control.a(clock_control_nrf.c.obj)
 .text.lfclk_stop
                0x0000000000007316        0x6 zephyr/drivers/clock_control/libdrivers__clock_control.a(clock_control_nrf.c.obj)
 .text.blocking_start_callback
                0x000000000000731c        0x6 zephyr/drivers/clock_control/libdrivers__clock_control.a(clock_control_nrf.c.obj)
 .text.gpio_nrfx_port_get_raw
                0x0000000000007322        0xe zephyr/drivers/gpio/libdrivers__gpio.a(gpio_nrfx.c.obj)
 .text.gpio_nrfx_port_set_masked_raw
                0x0000000000007330       0x18 zephyr/drivers/gpio/libdrivers__gpio.a(gpio_nrfx.c.obj)
 .text.gpio_nrfx_port_set_bits_raw
                0x0000000000007348        0xc zephyr/drivers/gpio/libdrivers__gpio.a(gpio_nrfx.c.obj)
 .text.gpio_nrfx_port_clear_bits_raw
                0x0000000000007354        0xc zephyr/drivers/gpio/libdrivers__gpio.a(gpio_nrfx.c.obj)
 .text.gpio_nrfx_port_toggle_bits
                0x0000000000007360       0x1a zephyr/drivers/gpio/libdrivers__gpio.a(gpio_nrfx.c.obj)
 .text.gpio_nrfx_manage_callback
                0x000000000000737a       0x52 zephyr/drivers/gpio/libdrivers__gpio.a(gpio_nrfx.c.obj)
 .text.twi_0_init
                0x00000000000073cc       0x40 zephyr/drivers/i2c/libdrivers__i2c.a(i2c_nrfx_twi.c.obj)
 .text.pinctrl_lookup_state
                0x000000000000740c       0x26 zephyr/drivers/pinctrl/libdrivers__pinctrl.a(common.c.obj)
                0x000000000000740c                pinctrl_lookup_state
 .text.uarte_nrfx_err_check
                0x0000000000007432        0xe zephyr/drivers/serial/libdrivers__serial.a(uart_nrfx_uarte.c.obj)
 .text.uarte_nrfx_poll_in
                0x0000000000007440       0x28 zephyr/drivers/serial/libdrivers__serial.a(uart_nrfx_uarte.c.obj)
 .text.is_tx_ready.isra.0
                0x0000000000007468       0x20 zephyr/drivers/serial/libdrivers__serial.a(uart_nrfx_uarte.c.obj)
 .text.uarte_nrfx_isr_int
                0x0000000000007488       0x6e zephyr/drivers/serial/libdrivers__serial.a(uart_nrfx_uarte.c.obj)
 .text.event_clear
                0x00000000000074f6       0x18 zephyr/drivers/timer/libdrivers__timer.a(nrf_rtc_timer.c.obj)
 .text.sys_clock_cycle_get_32
                0x000000000000750e        0x8 zephyr/drivers/timer/libdrivers__timer.a(nrf_rtc_timer.c.obj)
                0x000000000000750e                sys_clock_cycle_get_32
 .text.hw_cc3xx_init_internal
                0x0000000000007516        0x4 modules/nrf/drivers/hw_cc3xx/lib..__nrf__drivers__hw_cc3xx.a(hw_cc3xx.c.obj)
 .text.hw_cc3xx_init
                0x000000000000751a       0x12 modules/nrf/drivers/hw_cc3xx/lib..__nrf__drivers__hw_cc3xx.a(hw_cc3xx.c.obj)
 .text.nrfx_isr
                0x000000000000752c        0x2 modules/hal_nordic/nrfx/libmodules__hal_nordic__nrfx.a(nrfx_glue.c.obj)
                0x000000000000752c                nrfx_isr
 .text.nrfx_busy_wait
                0x000000000000752e        0x4 modules/hal_nordic/nrfx/libmodules__hal_nordic__nrfx.a(nrfx_glue.c.obj)
                0x000000000000752e                nrfx_busy_wait
 .text.nrfx_gppi_channel_endpoints_setup
                0x0000000000007532       0x14 modules/hal_nordic/nrfx/libmodules__hal_nordic__nrfx.a(nrfx_gppi_ppi.c.obj)
                0x0000000000007532                nrfx_gppi_channel_endpoints_setup
 .text.nrfx_clock_stop
                0x0000000000007546        0x4 modules/hal_nordic/nrfx/libmodules__hal_nordic__nrfx.a(nrfx_clock.c.obj)
                0x0000000000007546                nrfx_clock_stop
 .text.nrf_gpio_reconfigure
                0x000000000000754a       0x92 modules/hal_nordic/nrfx/libmodules__hal_nordic__nrfx.a(nrfx_gpiote.c.obj)
 .text.nrf_gpio_cfg_sense_set
                0x00000000000075dc       0x1e modules/hal_nordic/nrfx/libmodules__hal_nordic__nrfx.a(nrfx_gpiote.c.obj)
 .text.pin_trigger_disable
                0x00000000000075fa       0x48 modules/hal_nordic/nrfx/libmodules__hal_nordic__nrfx.a(nrfx_gpiote.c.obj)
 .text.nrfx_gpiote_pin_uninit
                0x0000000000007642        0x4 modules/hal_nordic/nrfx/libmodules__hal_nordic__nrfx.a(nrfx_gpiote.c.obj)
                0x0000000000007642                nrfx_gpiote_pin_uninit
 .text.nrfx_gpiote_trigger_disable
                0x0000000000007646        0x4 modules/hal_nordic/nrfx/libmodules__hal_nordic__nrfx.a(nrfx_gpiote.c.obj)
                0x0000000000007646                nrfx_gpiote_trigger_disable
 .text.twi_transfer
                0x000000000000764a      0x130 modules/hal_nordic/nrfx/libmodules__hal_nordic__nrfx.a(nrfx_twi.c.obj)
 .text.nrf_gpio_pin_set
                0x000000000000777a       0x1a modules/hal_nordic/nrfx/libmodules__hal_nordic__nrfx.a(nrfx_twi_twim.c.obj)
 .text._GetAvailWriteSpace
                0x0000000000007794       0x12 modules/segger/libmodules__segger.a(SEGGER_RTT.c.obj)
 .text._WriteNoCheck
                0x00000000000077a6       0x36 modules/segger/libmodules__segger.a(SEGGER_RTT.c.obj)
 .text._WriteBlocking
                0x00000000000077dc       0x54 modules/segger/libmodules__segger.a(SEGGER_RTT.c.obj)
 .text.SEGGER_RTT_Read
                0x0000000000007830       0x20 modules/segger/libmodules__segger.a(SEGGER_RTT.c.obj)
                0x0000000000007830                SEGGER_RTT_Read
 .text.SEGGER_RTT_WriteString
                0x0000000000007850       0x1a modules/segger/libmodules__segger.a(SEGGER_RTT.c.obj)
                0x0000000000007850                SEGGER_RTT_WriteString
 .text.SEGGER_RTT_Init
                0x000000000000786a        0x4 modules/segger/libmodules__segger.a(SEGGER_RTT.c.obj)
                0x000000000000786a                SEGGER_RTT_Init
 .text.rtt_init
                0x000000000000786e        0xa modules/segger/libmodules__segger.a(SEGGER_RTT_zephyr.c.obj)
 .text.z_impl_k_busy_wait
                0x0000000000007878        0x8 zephyr/kernel/libkernel.a(busy_wait.c.obj)
                0x0000000000007878                z_impl_k_busy_wait
 .text.z_device_state_init
                0x0000000000007880        0x2 zephyr/kernel/libkernel.a(device.c.obj)
                0x0000000000007880                z_device_state_init
 .text.z_device_is_ready
                0x0000000000007882       0x16 zephyr/kernel/libkernel.a(device.c.obj)
                0x0000000000007882                z_device_is_ready
 .text.arch_system_halt
                0x0000000000007898       0x10 zephyr/kernel/libkernel.a(fatal.c.obj)
                0x0000000000007898                arch_system_halt
 .text.do_device_init
                0x00000000000078a8       0x30 zephyr/kernel/libkernel.a(init.c.obj)
 .text.z_early_memset
                0x00000000000078d8        0x4 zephyr/kernel/libkernel.a(init.c.obj)
                0x00000000000078d8                z_early_memset
 .text.z_early_memcpy
                0x00000000000078dc        0x4 zephyr/kernel/libkernel.a(init.c.obj)
                0x00000000000078dc                z_early_memcpy
 .text.create_free_list
                0x00000000000078e0       0x2c zephyr/kernel/libkernel.a(mem_slab.c.obj)
 .text.k_mem_slab_init
                0x000000000000790c       0x1c zephyr/kernel/libkernel.a(mem_slab.c.obj)
                0x000000000000790c                k_mem_slab_init
 .text.k_mem_slab_free
                0x0000000000007928       0x4a zephyr/kernel/libkernel.a(mem_slab.c.obj)
                0x0000000000007928                k_mem_slab_free
 .text.idle     0x0000000000007972       0x16 zephyr/kernel/libkernel.a(idle.c.obj)
                0x0000000000007972                idle
 .text.adjust_owner_prio.isra.0
                0x0000000000007988       0x10 zephyr/kernel/libkernel.a(mutex.c.obj)
 .text.z_impl_k_mutex_init
                0x0000000000007998        0xe zephyr/kernel/libkernel.a(mutex.c.obj)
                0x0000000000007998                z_impl_k_mutex_init
 .text.z_impl_k_sem_init
                0x00000000000079a6       0x18 zephyr/kernel/libkernel.a(sem.c.obj)
                0x00000000000079a6                z_impl_k_sem_init
 .text.k_is_in_isr
                0x00000000000079be        0xc zephyr/kernel/libkernel.a(thread.c.obj)
                0x00000000000079be                k_is_in_isr
 .text.z_impl_k_thread_name_set
                0x00000000000079ca        0x6 zephyr/kernel/libkernel.a(thread.c.obj)
                0x00000000000079ca                z_impl_k_thread_name_set
 .text.k_thread_name_get
                0x00000000000079d0        0x4 zephyr/kernel/libkernel.a(thread.c.obj)
                0x00000000000079d0                k_thread_name_get
 .text.z_impl_k_thread_start
                0x00000000000079d4        0x4 zephyr/kernel/libkernel.a(thread.c.obj)
                0x00000000000079d4                z_impl_k_thread_start
 .text.sys_dlist_remove
                0x00000000000079d8       0x10 zephyr/kernel/libkernel.a(sched.c.obj)
 .text.unpend_thread_no_timeout
                0x00000000000079e8       0x14 zephyr/kernel/libkernel.a(sched.c.obj)
 .text.add_to_waitq_locked
                0x00000000000079fc       0x50 zephyr/kernel/libkernel.a(sched.c.obj)
 .text.z_ready_thread
                0x0000000000007a4c       0x1e zephyr/kernel/libkernel.a(sched.c.obj)
                0x0000000000007a4c                z_ready_thread
 .text.z_impl_k_thread_suspend
                0x0000000000007a6a       0x34 zephyr/kernel/libkernel.a(sched.c.obj)
                0x0000000000007a6a                z_impl_k_thread_suspend
 .text.z_unpend_thread_no_timeout
                0x0000000000007a9e       0x22 zephyr/kernel/libkernel.a(sched.c.obj)
                0x0000000000007a9e                z_unpend_thread_no_timeout
 .text.z_sched_wake_thread
                0x0000000000007ac0       0x42 zephyr/kernel/libkernel.a(sched.c.obj)
                0x0000000000007ac0                z_sched_wake_thread
 .text.z_thread_timeout
                0x0000000000007b02        0x8 zephyr/kernel/libkernel.a(sched.c.obj)
                0x0000000000007b02                z_thread_timeout
 .text.z_unpend1_no_timeout
                0x0000000000007b0a       0x2c zephyr/kernel/libkernel.a(sched.c.obj)
                0x0000000000007b0a                z_unpend1_no_timeout
 .text.z_unpend_first_thread
                0x0000000000007b36       0x36 zephyr/kernel/libkernel.a(sched.c.obj)
                0x0000000000007b36                z_unpend_first_thread
 .text.z_thread_abort
                0x0000000000007b6c       0x44 zephyr/kernel/libkernel.a(sched.c.obj)
                0x0000000000007b6c                z_thread_abort
 .text.z_abort_timeout
                0x0000000000007bb0       0x2a zephyr/kernel/libkernel.a(timeout.c.obj)
                0x0000000000007bb0                z_abort_timeout
 .text.sys_clock_tick_get_32
                0x0000000000007bda        0x8 zephyr/kernel/libkernel.a(timeout.c.obj)
                0x0000000000007bda                sys_clock_tick_get_32
 .text.z_impl_k_uptime_ticks
                0x0000000000007be2        0x4 zephyr/kernel/libkernel.a(timeout.c.obj)
                0x0000000000007be2                z_impl_k_uptime_ticks
 .text.k_timer_init
                0x0000000000007be6       0x18 zephyr/kernel/libkernel.a(timer.c.obj)
                0x0000000000007be6                k_timer_init
 .text.z_impl_k_timer_stop
                0x0000000000007bfe       0x38 zephyr/kernel/libkernel.a(timer.c.obj)
                0x0000000000007bfe                z_impl_k_timer_stop
 .text.strnlen  0x0000000000007c36       0x18 c:\ncs\toolchains\ce3b5ff664\opt\zephyr-sdk\arm-zephyr-eabi\bin\../lib/gcc/../../picolibc/arm-zephyr-eabi/lib/thumb/v7e-m/nofp\libc.a(libc_string_strnlen.c.o)
                0x0000000000007c36                strnlen
 .text.__ultoa_invert
                0x0000000000007c4e       0xae c:\ncs\toolchains\ce3b5ff664\opt\zephyr-sdk\arm-zephyr-eabi\bin\../lib/gcc/../../picolibc/arm-zephyr-eabi/lib/thumb/v7e-m/nofp\libc.a(libc_tinystdio_vflprintf.c.o)
 .text.memcpy   0x0000000000007cfc       0x1c c:\ncs\toolchains\ce3b5ff664\opt\zephyr-sdk\arm-zephyr-eabi\bin\../lib/gcc/../../picolibc/arm-zephyr-eabi/lib/thumb/v7e-m/nofp\libc.a(memcpy.c.o)
                0x0000000000007cfc                __aeabi_memcpy
                0x0000000000007cfc                __aeabi_memcpy4
                0x0000000000007cfc                __aeabi_memcpy8
                0x0000000000007cfc                memcpy
 .text.memset   0x0000000000007d18       0x10 c:\ncs\toolchains\ce3b5ff664\opt\zephyr-sdk\arm-zephyr-eabi\bin\../lib/gcc/../../picolibc/arm-zephyr-eabi/lib/thumb/v7e-m/nofp\libc.a(memset.c.o)
                0x0000000000007d18                memset
 .text.__file_str_put
                0x0000000000007d28       0x10 c:\ncs\toolchains\ce3b5ff664\opt\zephyr-sdk\arm-zephyr-eabi\bin\../lib/gcc/../../picolibc/arm-zephyr-eabi/lib/thumb/v7e-m/nofp\libc.a(libc_tinystdio_filestrput.c.o)
                0x0000000000007d28                __file_str_put
 *(SORT_BY_ALIGNMENT(.TEXT.*))
 .TEXT.__aeabi_read_tp
                0x0000000000007d38        0xc zephyr/arch/arch/arm/core/cortex_m/libarch__arm__core__cortex_m.a(__aeabi_read_tp.S.obj)
                0x0000000000007d38                __aeabi_read_tp
 *(SORT_BY_ALIGNMENT(.gnu.linkonce.t.*))
 *(SORT_BY_ALIGNMENT(.glue_7t))
 .glue_7t       0x0000000000007d44        0x0 linker stubs
 *(SORT_BY_ALIGNMENT(.glue_7))
 .glue_7        0x0000000000007d44        0x0 linker stubs
 *(SORT_BY_ALIGNMENT(.vfp11_veneer))
 .vfp11_veneer  0x0000000000007d44        0x0 linker stubs
 *(SORT_BY_ALIGNMENT(.v4_bx))
 .v4_bx         0x0000000000007d44        0x0 linker stubs
                0x0000000000007d44                . = ALIGN (0x4)
                0x0000000000007d44                __text_region_end = .

.ARM.exidx      0x0000000000007d44        0x8
                0x0000000000007d44                __exidx_start = .
 *(SORT_BY_ALIGNMENT(.ARM.exidx*) SORT_BY_ALIGNMENT(gnu.linkonce.armexidx.*))
 .ARM.exidx     0x0000000000007d44        0x8 c:\ncs\toolchains\ce3b5ff664\opt\zephyr-sdk\arm-zephyr-eabi\bin\../lib/gcc/../../picolibc/arm-zephyr-eabi/lib/thumb/v7e-m/nofp\libc.a(strlen.S.o)
                0x0000000000007d4c                __exidx_end = .
                0x0000000000007d4c                __rodata_region_start = .

initlevel       0x0000000000007d4c       0x70
                0x0000000000007d4c                __init_start = .
                0x0000000000007d4c                __init_EARLY_start = .
 *(SORT_BY_NAME(SORT_BY_ALIGNMENT(.z_init_EARLY?_*)))
 *(SORT_BY_NAME(SORT_BY_ALIGNMENT(.z_init_EARLY??_*)))
                0x0000000000007d4c                __init_PRE_KERNEL_1_start = .
 *(SORT_BY_NAME(SORT_BY_ALIGNMENT(.z_init_PRE_KERNEL_1?_*)))
 .z_init_PRE_KERNEL_10_0_
                0x0000000000007d4c        0x8 zephyr/soc/soc/nrf52840/libsoc__nordic.a(soc.c.obj)
 *(SORT_BY_NAME(SORT_BY_ALIGNMENT(.z_init_PRE_KERNEL_1??_*)))
 .z_init_PRE_KERNEL_130_00075_
                0x0000000000007d54        0x8 zephyr/drivers/clock_control/libdrivers__clock_control.a(clock_control_nrf.c.obj)
 .z_init_PRE_KERNEL_130_0_
                0x0000000000007d5c        0x8 modules/segger/libmodules__segger.a(SEGGER_RTT_zephyr.c.obj)
 .z_init_PRE_KERNEL_130_0_
                0x0000000000007d64        0x8 zephyr/kernel/libkernel.a(mem_slab.c.obj)
 .z_init_PRE_KERNEL_140_00011_
                0x0000000000007d6c        0x8 zephyr/drivers/gpio/libdrivers__gpio.a(gpio_nrfx.c.obj)
 .z_init_PRE_KERNEL_140_00104_
                0x0000000000007d74        0x8 zephyr/drivers/gpio/libdrivers__gpio.a(gpio_nrfx.c.obj)
 .z_init_PRE_KERNEL_140_0_
                0x0000000000007d7c        0x8 modules/nrf/drivers/hw_cc3xx/lib..__nrf__drivers__hw_cc3xx.a(hw_cc3xx.c.obj)
 .z_init_PRE_KERNEL_150_00112_
                0x0000000000007d84        0x8 zephyr/drivers/serial/libdrivers__serial.a(uart_nrfx_uarte.c.obj)
 .z_init_PRE_KERNEL_160_0_
                0x0000000000007d8c        0x8 zephyr/drivers/console/libdrivers__console.a(uart_console.c.obj)
                0x0000000000007d94                __init_PRE_KERNEL_2_start = .
 *(SORT_BY_NAME(SORT_BY_ALIGNMENT(.z_init_PRE_KERNEL_2?_*)))
 .z_init_PRE_KERNEL_20_0_
                0x0000000000007d94        0x8 zephyr/drivers/timer/libdrivers__timer.a(nrf_rtc_timer.c.obj)
 *(SORT_BY_NAME(SORT_BY_ALIGNMENT(.z_init_PRE_KERNEL_2??_*)))
                0x0000000000007d9c                __init_POST_KERNEL_start = .
 *(SORT_BY_NAME(SORT_BY_ALIGNMENT(.z_init_POST_KERNEL?_*)))
 .z_init_POST_KERNEL0_0_
                0x0000000000007d9c        0x8 zephyr/libzephyr.a(log_core.c.obj)
 *(SORT_BY_NAME(SORT_BY_ALIGNMENT(.z_init_POST_KERNEL??_*)))
 .z_init_POST_KERNEL40_0_
                0x0000000000007da4        0x8 zephyr/lib/libc/common/liblib__libc__common.a(malloc.c.obj)
 .z_init_POST_KERNEL40_0_
                0x0000000000007dac        0x8 modules/nrf/drivers/hw_cc3xx/lib..__nrf__drivers__hw_cc3xx.a(hw_cc3xx.c.obj)
 .z_init_POST_KERNEL50_00124_
                0x0000000000007db4        0x8 zephyr/drivers/i2c/libdrivers__i2c.a(i2c_nrfx_twi.c.obj)
                0x0000000000007dbc                __init_APPLICATION_start = .
 *(SORT_BY_NAME(SORT_BY_ALIGNMENT(.z_init_APPLICATION?_*)))
 *(SORT_BY_NAME(SORT_BY_ALIGNMENT(.z_init_APPLICATION??_*)))
                0x0000000000007dbc                __init_SMP_start = .
 *(SORT_BY_NAME(SORT_BY_ALIGNMENT(.z_init_SMP?_*)))
 *(SORT_BY_NAME(SORT_BY_ALIGNMENT(.z_init_SMP??_*)))
                0x0000000000007dbc                __init_end = .
                0x0000000000007dbc                __deferred_init_list_start = .
 *(SORT_BY_ALIGNMENT(.z_deferred_init))
                0x0000000000007dbc                __deferred_init_list_end = .

device_area     0x0000000000007dbc       0x64
                0x0000000000007dbc                _device_list_start = .
 *(SORT_BY_NAME(SORT_BY_ALIGNMENT(._device.static.*_?_*)))
 *(SORT_BY_NAME(SORT_BY_ALIGNMENT(._device.static.*_??_*)))
 ._device.static.1_30_
                0x0000000000007dbc       0x14 zephyr/drivers/clock_control/libdrivers__clock_control.a(clock_control_nrf.c.obj)
                0x0000000000007dbc                __device_dts_ord_75
 ._device.static.1_40_
                0x0000000000007dd0       0x28 zephyr/drivers/gpio/libdrivers__gpio.a(gpio_nrfx.c.obj)
                0x0000000000007dd0                __device_dts_ord_104
                0x0000000000007de4                __device_dts_ord_11
 ._device.static.1_50_
                0x0000000000007df8       0x14 zephyr/drivers/serial/libdrivers__serial.a(uart_nrfx_uarte.c.obj)
                0x0000000000007df8                __device_dts_ord_112
 ._device.static.3_50_
                0x0000000000007e0c       0x14 zephyr/drivers/i2c/libdrivers__i2c.a(i2c_nrfx_twi.c.obj)
                0x0000000000007e0c                __device_dts_ord_124
                0x0000000000007e20                _device_list_end = .

sw_isr_table    0x0000000000007e20      0x180
                0x0000000000007e20                . = ALIGN (0x4)
 *(SORT_BY_ALIGNMENT(.gnu.linkonce.sw_isr_table*))
 .gnu.linkonce.sw_isr_table
                0x0000000000007e20      0x180 zephyr/arch/common/libisr_tables.a(isr_tables.c.obj)
                0x0000000000007e20                _sw_isr_table

initlevel_error
                0x0000000000007d4c        0x0
 *(SORT_BY_NAME(SORT_BY_ALIGNMENT(.z_init_[_A-Z0-9]*)))
                0x0000000000000001                ASSERT ((SIZEOF (initlevel_error) == 0x0), Undefined initialization levels used.)

app_shmem_regions
                0x0000000000007fa0        0x0
                0x0000000000007fa0                __app_shmem_regions_start = .
 *(SORT_BY_NAME(SORT_BY_ALIGNMENT(.app_regions.*)))
                0x0000000000007fa0                __app_shmem_regions_end = .

k_p4wq_initparam_area
                0x0000000000007fa0        0x0
                0x0000000000007fa0                _k_p4wq_initparam_list_start = .
 *(SORT_BY_NAME(SORT_BY_ALIGNMENT(._k_p4wq_initparam.static.*)))
                0x0000000000007fa0                _k_p4wq_initparam_list_end = .

_static_thread_data_area
                0x0000000000007fa0        0x0
                0x0000000000007fa0                __static_thread_data_list_start = .
 *(SORT_BY_NAME(SORT_BY_ALIGNMENT(.__static_thread_data.static.*)))
                0x0000000000007fa0                __static_thread_data_list_end = .

device_deps     0x0000000000007fa0        0x0
                0x0000000000007fa0                __device_deps_start = .
 *(SORT_BY_NAME(SORT_BY_ALIGNMENT(.__device_deps_pass2*)))
                0x0000000000007fa0                __device_deps_end = .

ztest           0x0000000000007fa0        0x0
                0x0000000000007fa0                _ztest_expected_result_entry_list_start = .
 *(SORT_BY_NAME(SORT_BY_ALIGNMENT(._ztest_expected_result_entry.static.*)))
                0x0000000000007fa0                _ztest_expected_result_entry_list_end = .
                0x0000000000007fa0                _ztest_suite_node_list_start = .
 *(SORT_BY_NAME(SORT_BY_ALIGNMENT(._ztest_suite_node.static.*)))
                0x0000000000007fa0                _ztest_suite_node_list_end = .
                0x0000000000007fa0                _ztest_unit_test_list_start = .
 *(SORT_BY_NAME(SORT_BY_ALIGNMENT(._ztest_unit_test.static.*)))
                0x0000000000007fa0                _ztest_unit_test_list_end = .
                0x0000000000007fa0                _ztest_test_rule_list_start = .
 *(SORT_BY_NAME(SORT_BY_ALIGNMENT(._ztest_test_rule.static.*)))
                0x0000000000007fa0                _ztest_test_rule_list_end = .

bt_l2cap_fixed_chan_area
                0x0000000000007fa0        0x0
                0x0000000000007fa0                _bt_l2cap_fixed_chan_list_start = .
 *(SORT_BY_NAME(SORT_BY_ALIGNMENT(._bt_l2cap_fixed_chan.static.*)))
                0x0000000000007fa0                _bt_l2cap_fixed_chan_list_end = .

bt_gatt_service_static_area
                0x0000000000007fa0        0x0
                0x0000000000007fa0                _bt_gatt_service_static_list_start = .
 *(SORT_BY_NAME(SORT_BY_ALIGNMENT(._bt_gatt_service_static.static.*)))
                0x0000000000007fa0                _bt_gatt_service_static_list_end = .

log_strings_area
                0x0000000000007fa0        0x0
                0x0000000000007fa0                _log_strings_list_start = .
 *(SORT_BY_NAME(SORT_BY_ALIGNMENT(._log_strings.static.*)))
                0x0000000000007fa0                _log_strings_list_end = .

log_const_area  0x0000000000007fa0       0x60
                0x0000000000007fa0                _log_const_list_start = .
 *(SORT_BY_NAME(SORT_BY_ALIGNMENT(._log_const.static.*)))
 ._log_const.static.log_const_cbprintf_package_
                0x0000000000007fa0        0x8 zephyr/libzephyr.a(cbprintf_packaged.c.obj)
                0x0000000000007fa0                log_const_cbprintf_package
 ._log_const.static.log_const_clock_control_
                0x0000000000007fa8        0x8 zephyr/drivers/clock_control/libdrivers__clock_control.a(clock_control_nrf.c.obj)
                0x0000000000007fa8                log_const_clock_control
 ._log_const.static.log_const_i2c_
                0x0000000000007fb0        0x8 zephyr/drivers/i2c/libdrivers__i2c.a(i2c_common.c.obj)
                0x0000000000007fb0                log_const_i2c
 ._log_const.static.log_const_i2c_master_
                0x0000000000007fb8        0x8 app/libapp.a(main.c.obj)
                0x0000000000007fb8                log_const_i2c_master
 ._log_const.static.log_const_i2c_nrfx_twi_
                0x0000000000007fc0        0x8 zephyr/drivers/i2c/libdrivers__i2c.a(i2c_nrfx_twi.c.obj)
                0x0000000000007fc0                log_const_i2c_nrfx_twi
 ._log_const.static.log_const_log_
                0x0000000000007fc8        0x8 zephyr/libzephyr.a(log_core.c.obj)
                0x0000000000007fc8                log_const_log
 ._log_const.static.log_const_log_mgmt_
                0x0000000000007fd0        0x8 zephyr/libzephyr.a(log_mgmt.c.obj)
                0x0000000000007fd0                log_const_log_mgmt
 ._log_const.static.log_const_log_uart_
                0x0000000000007fd8        0x8 zephyr/libzephyr.a(log_backend_uart.c.obj)
                0x0000000000007fd8                log_const_log_uart
 ._log_const.static.log_const_mpu_
                0x0000000000007fe0        0x8 zephyr/arch/arch/arm/core/mpu/libarch__arm__core__mpu.a(arm_core_mpu.c.obj)
                0x0000000000007fe0                log_const_mpu
 ._log_const.static.log_const_os_
                0x0000000000007fe8        0x8 zephyr/kernel/libkernel.a(init.c.obj)
                0x0000000000007fe8                log_const_os
 ._log_const.static.log_const_soc_
                0x0000000000007ff0        0x8 zephyr/soc/soc/nrf52840/libsoc__nordic.a(soc.c.obj)
                0x0000000000007ff0                log_const_soc
 ._log_const.static.log_const_uart_nrfx_uarte_
                0x0000000000007ff8        0x8 zephyr/drivers/serial/libdrivers__serial.a(uart_nrfx_uarte.c.obj)
                0x0000000000007ff8                log_const_uart_nrfx_uarte
                0x0000000000008000                _log_const_list_end = .

log_backend_area
                0x0000000000008000       0x20
                0x0000000000008000                _log_backend_list_start = .
 *(SORT_BY_NAME(SORT_BY_ALIGNMENT(._log_backend.static.*)))
 ._log_backend.static.log_backend_rtt_
                0x0000000000008000       0x10 zephyr/libzephyr.a(log_backend_rtt.c.obj)
 ._log_backend.static.log_backend_uart_
                0x0000000000008010       0x10 zephyr/libzephyr.a(log_backend_uart.c.obj)
                0x0000000000008020                _log_backend_list_end = .

log_link_area   0x0000000000008020        0x0
                0x0000000000008020                _log_link_list_start = .
 *(SORT_BY_NAME(SORT_BY_ALIGNMENT(._log_link.static.*)))
                0x0000000000008020                _log_link_list_end = .

tracing_backend_area
                0x0000000000008020        0x0
                0x0000000000008020                _tracing_backend_list_start = .
 *(SORT_BY_NAME(SORT_BY_ALIGNMENT(._tracing_backend.static.*)))
                0x0000000000008020                _tracing_backend_list_end = .

zephyr_dbg_info
 *(SORT_BY_ALIGNMENT(.dbg_thread_info))

symbol_to_keep  0x0000000000008020        0x0
                0x0000000000008020                __symbol_to_keep_start = .
 *(SORT_BY_NAME(SORT_BY_ALIGNMENT(.symbol_to_keep*)))
                0x0000000000008020                __symbol_to_keep_end = .

shell_area      0x0000000000008020        0x0
                0x0000000000008020                _shell_list_start = .
 *(SORT_BY_NAME(SORT_BY_ALIGNMENT(._shell.static.*)))
                0x0000000000008020                _shell_list_end = .

shell_root_cmds_area
                0x0000000000008020        0x0
                0x0000000000008020                _shell_root_cmds_list_start = .
 *(SORT_BY_NAME(SORT_BY_ALIGNMENT(._shell_root_cmds.static.*)))
                0x0000000000008020                _shell_root_cmds_list_end = .

shell_subcmds_area
                0x0000000000008020        0x0
                0x0000000000008020                _shell_subcmds_list_start = .
 *(SORT_BY_NAME(SORT_BY_ALIGNMENT(._shell_subcmds.static.*)))
                0x0000000000008020                _shell_subcmds_list_end = .

shell_dynamic_subcmds_area
                0x0000000000008020        0x0
                0x0000000000008020                _shell_dynamic_subcmds_list_start = .
 *(SORT_BY_NAME(SORT_BY_ALIGNMENT(._shell_dynamic_subcmds.static.*)))
                0x0000000000008020                _shell_dynamic_subcmds_list_end = .

cfb_font_area   0x0000000000008020        0x0
                0x0000000000008020                _cfb_font_list_start = .
 *(SORT_BY_NAME(SORT_BY_ALIGNMENT(._cfb_font.static.*)))
                0x0000000000008020                _cfb_font_list_end = .

tdata           0x0000000000008020        0x0
 *(SORT_BY_ALIGNMENT(.tdata) SORT_BY_ALIGNMENT(.tdata.*) SORT_BY_ALIGNMENT(.gnu.linkonce.td.*))

tbss            0x0000000000008020        0x4
 *(SORT_BY_ALIGNMENT(.tbss) SORT_BY_ALIGNMENT(.tbss.*) SORT_BY_ALIGNMENT(.gnu.linkonce.tb.*) SORT_BY_ALIGNMENT(.tcommon))
 .tbss.z_tls_current
                0x0000000000008020        0x4 zephyr/libzephyr.a(thread_entry.c.obj)
                0x0000000000008020                z_tls_current
                0x0000000000008020                PROVIDE (__tdata_start = LOADADDR (tdata))
                0x0000000000000001                PROVIDE (__tdata_align = ALIGNOF (tdata))
                0x0000000000000000                PROVIDE (__tdata_size = (((SIZEOF (tdata) + __tdata_align) - 0x1) & ~ ((__tdata_align - 0x1))))
                [!provide]                        PROVIDE (__tdata_end = (__tdata_start + __tdata_size))
                0x0000000000000004                PROVIDE (__tbss_align = ALIGNOF (tbss))
                [!provide]                        PROVIDE (__tbss_start = ADDR (tbss))
                0x0000000000000004                PROVIDE (__tbss_size = (((SIZEOF (tbss) + __tbss_align) - 0x1) & ~ ((__tbss_align - 0x1))))
                [!provide]                        PROVIDE (__tbss_end = (__tbss_start + __tbss_size))
                [!provide]                        PROVIDE (__tls_start = __tdata_start)
                [!provide]                        PROVIDE (__tls_end = __tbss_end)
                [!provide]                        PROVIDE (__tls_size = (__tbss_end - __tdata_start))

rodata          0x0000000000008020      0xc5c
 *(SORT_BY_ALIGNMENT(.rodata))
 *(SORT_BY_ALIGNMENT(.rodata.*))
 .rodata.delay_machine_code.0
                0x0000000000008020        0x6 zephyr/soc/soc/nrf52840/libsoc__nordic.a(soc.c.obj)
 *fill*         0x0000000000008026        0x2 
 .rodata.mpsc_config
                0x0000000000008028       0x14 zephyr/libzephyr.a(log_core.c.obj)
 .rodata.format_table
                0x000000000000803c       0x10 zephyr/libzephyr.a(log_core.c.obj)
 .rodata.colors
                0x000000000000804c       0x14 zephyr/libzephyr.a(log_output.c.obj)
 .rodata.severity
                0x0000000000008060       0x14 zephyr/libzephyr.a(log_output.c.obj)
 .rodata.log_backend_rtt_api
                0x0000000000008074       0x1c zephyr/libzephyr.a(log_backend_rtt.c.obj)
                0x0000000000008074                log_backend_rtt_api
 .rodata.log_output_rtt
                0x0000000000008090       0x10 zephyr/libzephyr.a(log_backend_rtt.c.obj)
 .rodata.lbu_cb_ctx
                0x00000000000080a0        0x8 zephyr/libzephyr.a(log_backend_uart.c.obj)
 .rodata.lbu_output
                0x00000000000080a8       0x10 zephyr/libzephyr.a(log_backend_uart.c.obj)
 .rodata.log_backend_uart_api
                0x00000000000080b8       0x1c zephyr/libzephyr.a(log_backend_uart.c.obj)
                0x00000000000080b8                log_backend_uart_api
 .rodata.mem_attr_region
                0x00000000000080d4        0x0 zephyr/libzephyr.a(mem_attr.c.obj)
 .rodata.apis   0x00000000000080d4        0x8 zephyr/libzephyr.a(nrf_cc3xx_platform_abort_zephyr.c.obj)
 .rodata.mutexes
                0x00000000000080dc       0x14 zephyr/libzephyr.a(nrf_cc3xx_platform_mutex_zephyr.c.obj)
 .rodata.mutex_apis
                0x00000000000080f0       0x10 zephyr/libzephyr.a(nrf_cc3xx_platform_mutex_zephyr.c.obj)
 .rodata.static_regions
                0x0000000000008100        0xc zephyr/arch/arch/arm/core/mpu/libarch__arm__core__mpu.a(arm_core_mpu.c.obj)
 .rodata.mpu_config
                0x000000000000810c        0x8 zephyr/arch/arch/arm/core/mpu/libarch__arm__core__mpu.a(arm_mpu_regions.c.obj)
                0x000000000000810c                mpu_config
 .rodata.mpu_regions
                0x0000000000008114       0x18 zephyr/arch/arch/arm/core/mpu/libarch__arm__core__mpu.a(arm_mpu_regions.c.obj)
 .rodata.transitions.0
                0x000000000000812c        0xc zephyr/drivers/clock_control/libdrivers__clock_control.a(clock_control_nrf.c.obj)
 .rodata.config
                0x0000000000008138       0x18 zephyr/drivers/clock_control/libdrivers__clock_control.a(clock_control_nrf.c.obj)
 .rodata.clock_control_api
                0x0000000000008150       0x1c zephyr/drivers/clock_control/libdrivers__clock_control.a(clock_control_nrf.c.obj)
 .rodata.gpio_nrfx_p1_cfg
                0x000000000000816c       0x18 zephyr/drivers/gpio/libdrivers__gpio.a(gpio_nrfx.c.obj)
 .rodata.gpio_nrfx_p0_cfg
                0x0000000000008184       0x18 zephyr/drivers/gpio/libdrivers__gpio.a(gpio_nrfx.c.obj)
 .rodata.gpio_nrfx_drv_api_funcs
                0x000000000000819c       0x24 zephyr/drivers/gpio/libdrivers__gpio.a(gpio_nrfx.c.obj)
 .rodata.twi_0z_config
                0x00000000000081c0       0x20 zephyr/drivers/i2c/libdrivers__i2c.a(i2c_nrfx_twi.c.obj)
 .rodata.__pinctrl_dev_config__device_dts_ord_124
                0x00000000000081e0        0xc zephyr/drivers/i2c/libdrivers__i2c.a(i2c_nrfx_twi.c.obj)
 .rodata.__pinctrl_states__device_dts_ord_124
                0x00000000000081ec        0x8 zephyr/drivers/i2c/libdrivers__i2c.a(i2c_nrfx_twi.c.obj)
 .rodata.__pinctrl_state_pins_0__device_dts_ord_124
                0x00000000000081f4        0x8 zephyr/drivers/i2c/libdrivers__i2c.a(i2c_nrfx_twi.c.obj)
 .rodata.i2c_nrfx_twi_driver_api
                0x00000000000081fc       0x18 zephyr/drivers/i2c/libdrivers__i2c.a(i2c_nrfx_twi.c.obj)
 .rodata.uarte_0z_config
                0x0000000000008214       0x10 zephyr/drivers/serial/libdrivers__serial.a(uart_nrfx_uarte.c.obj)
 .rodata.__pinctrl_dev_config__device_dts_ord_112
                0x0000000000008224        0xc zephyr/drivers/serial/libdrivers__serial.a(uart_nrfx_uarte.c.obj)
 .rodata.__pinctrl_states__device_dts_ord_112